
- NASM Map file ---------------------------------------------------------------

Source file:  kernel.asm
Output file:  kernel.bat

-- Symbols --------------------------------------------------------------------

---- No Section ---------------------------------------------------------------

Value     Name
00004000  DA_32
00000098  DA_C
0000009A  DA_CR
00000092  DA_DRW
00000093  DA_DRWA
0000008E  DA_386IGate
00008000  DA_LIMIT_4K
00000089  DA_386TSS
000A0000  VRAM_ADDRESS
000000A8  GdtLen
00000008  SelectorCode32
00000010  SelectorVideo
00000020  SelectorStack
00000018  SelectorVram
00000028  SelectorFont
00000170  IdtLen
00006CEA  SpuriousHandler
00006CEB  KeyBoardHandler
00006CFF  mouseHandler
00006D13  timerHandler
00006DBE  AsmConsPutCharHandler
00006DCA  SegCode32Len
00001000  SystemFontLength


---- Section .gdt -------------------------------------------------------------

Real              Virtual           Name
            8004              8004  LABEL_GDT
            800C              800C  LABEL_DESC_CODE32
            8014              8014  LABEL_DESC_VIDEO
            801C              801C  LABEL_DESC_VRAM
            8024              8024  LABEL_DESC_STACK
            802C              802C  LABEL_DESC_FONT
            8034              8034  LABEL_DESC_6
            803C              803C  LABEL_DESC_7
            8044              8044  LABEL_DESC_8
            804C              804C  LABEL_DESC_9
            8054              8054  LABEL_DESC_10
            80AC              80AC  GdtPtr
            80B2              80B2  LABEL_IDT
            81B2              81B2  LABEL_IDT.020h
            81BA              81BA  LABEL_IDT.021h
            8212              8212  LABEL_IDT.2CH
            821A              821A  LABEL_IDT.2DH
            8222              8222  IdtPtr

---- Section .s16 -------------------------------------------------------------

Real              Virtual           Name
            8228              8228  LABEL_BEGIN
            8233              8233  keystatus
            8233              8233  ComputeMemory
            823C              823C  ComputeMemory.loop
            8262              8262  LABEL_MEM_CHK_FAIL
            826B              826B  LABEL_MEM_CHK_OK
            82FA              82FA  init8259A
            833D              833D  io_delay

---- Section .s32 -------------------------------------------------------------

Real              Virtual           Name
            8344              8344  LABEL_SEG_CODE32
            835C              835C  CMain
            86E8              86E8  ?_001
            8735              8735  ?_002
            87E3              87E3  ?_003
            883B              883B  ?_004
            889E              889E  ?_005
            8958              8958  ?_006
            89B5              89B5  ?_007
            89EC              89EC  ?_008
            8A44              8A44  ?_009
            8A60              8A60  ?_010
            8A9F              8A9F  ?_011
            8AC3              8AC3  set_cursor
            8B28              8B28  isSpecialKey
            8B81              8B81  ?_012
            8B88              8B88  ?_013
            8B8D              8B8D  ?_014
            8B8F              8B8F  transferScanCode
            8BAC              8BAC  ?_015
            8BC3              8BC3  ?_016
            8BDD              8BDD  ?_017
            8BF7              8BF7  ?_018
            8C1A              8C1A  ?_019
            8C24              8C24  ?_020
            8C66              8C66  ?_021
            8C6D              8C6D  ?_022
            8CD3              8CD3  ?_023
            8D0B              8D0B  ?_024
            8D11              8D11  ?_025
            8D12              8D12  ?_026
            8D15              8D15  ?_027
            8D17              8D17  launch_console
            8E94              8E94  cmd_dir
            8EC5              8EC5  ?_028
            8ECE              8ECE  ?_029
            8EF7              8EF7  ?_030
            8F03              8F03  ?_031
            8F04              8F04  ?_032
            8F22              8F22  ?_033
            8F3F              8F3F  ?_034
            8FD3              8FD3  ?_035
            8FFA              8FFA  cmd_type
            9038              9038  ?_036
            9064              9064  ?_037
            9070              9070  ?_038
            9071              9071  ?_039
            9088              9088  ?_040
            9095              9095  ?_041
            90C0              90C0  ?_042
            90CC              90CC  ?_043
            90CD              90CD  ?_044
            90EB              90EB  ?_045
            910A              910A  ?_046
            916C              916C  ?_047
            9188              9188  ?_048
            91FB              91FB  ?_049
            922F              922F  ?_050
            92AA              92AA  ?_051
            92AD              92AD  ?_052
            92BB              92BB  ?_053
            92BF              92BF  ?_054
            92CC              92CC  ?_055
            9312              9312  cmd_mem
            9324              9324  ?_056
            93CC              93CC  cmd_cls
            93E9              93E9  ?_057
            93F2              93F2  ?_058
            9414              9414  ?_059
            9424              9424  ?_060
            9487              9487  cmd_hlt
            9503              9503  console_task
            95F1              95F1  ?_061
            9617              9617  ?_062
            966F              966F  ?_063
            968D              968D  ?_064
            96A2              96A2  ?_065
            96DF              96DF  ?_066
            972E              972E  ?_067
            9768              9768  ?_068
            97BE              97BE  ?_069
            97E4              97E4  ?_070
            9807              9807  ?_071
            982A              982A  ?_072
            9873              9873  ?_073
            9882              9882  ?_074
            98F1              98F1  ?_075
            9928              9928  ?_076
            9944              9944  ?_077
            9964              9964  ?_078
            9998              9998  cons_putstr
            99A0              99A0  ?_079
            99B9              99B9  ?_080
            99C9              99C9  kernel_api
            99EF              99EF  ?_081
            9A10              9A10  ?_082
            9A13              9A13  cons_putchar
            9A9D              9A9D  cons_newline
            9ABA              9ABA  ?_083
            9AC3              9AC3  ?_084
            9ACC              9ACC  ?_085
            9B07              9B07  ?_086
            9B17              9B17  ?_087
            9B2D              9B2D  ?_088
            9B36              9B36  ?_089
            9B54              9B54  ?_090
            9B64              9B64  ?_091
            9B93              9B93  ?_092
            9BBB              9BBB  init_screen8
            9E03              9E03  computeMousePosition
            9E3D              9E3D  ?_093
            9E50              9E50  ?_094
            9E6E              9E6E  ?_095
            9E8C              9E8C  ?_096
            9E8F              9E8F  show_mouse_info
            9F3A              9F3A  ?_097
            9F3D              9F3D  initBootInfo
            9F5E              9F5E  showString
            9F7A              9F7A  ?_098
            9FB6              9FB6  ?_099
            9FEA              9FEA  init_palette
            A007              A007  set_palette
            A035              A035  ?_100
            A094              A094  ?_101
            A0B1              A0B1  boxfill8
            A0C5              A0C5  ?_102
            A0CD              A0CD  ?_103
            A0EA              A0EA  ?_104
            A0F9              A0F9  ?_105
            A109              A109  showFont8
            A121              A121  ?_106
            A153              A153  ?_107
            A182              A182  ?_108
            A1B1              A1B1  ?_109
            A1E0              A1E0  ?_110
            A20F              A20F  ?_111
            A23E              A23E  ?_112
            A26D              A26D  ?_113
            A29C              A29C  ?_114
            A29F              A29F  ?_115
            A2AD              A2AD  init_mouse_cursor
            A2C5              A2C5  ?_116
            A2D1              A2D1  ?_117
            A304              A304  ?_118
            A337              A337  ?_119
            A36C              A36C  ?_120
            A36F              A36F  ?_121
            A37C              A37C  ?_122
            A38A              A38A  putblock
            A39A              A39A  ?_123
            A3A3              A3A3  ?_124
            A3DC              A3DC  ?_125
            A3E7              A3E7  ?_126
            A3F7              A3F7  intHandlerFromC
            A453              A453  charToHexVal
            A471              A471  ?_127
            A477              A477  ?_128
            A479              A479  charToHexStr
            A4CB              A4CB  intToHexStr
            A4EF              A4EF  ?_129
            A4FD              A4FD  ?_130
            A510              A510  ?_131
            A540              A540  ?_132
            A552              A552  ?_133
            A555              A555  ?_134
            A569              A569  ?_135
            A570              A570  wait_KBC_sendready
            A576              A576  ?_136
            A590              A590  ?_137
            A594              A594  init_keyboard
            A5C5              A5C5  enable_mouse
            A603              A603  intHandlerForMouse
            A652              A652  mouse_decode
            A67D              A67D  ?_138
            A687              A687  ?_139
            A6B6              A6B6  ?_140
            A6C0              A6C0  ?_141
            A6E8              A6E8  ?_142
            A75D              A75D  ?_143
            A783              A783  ?_144
            A79A              A79A  ?_145
            A79F              A79F  ?_146
            A7A1              A7A1  showMemoryInfo
            A94D              A94D  message_box
            A9F5              A9F5  make_window8
            AB9D              AB9D  make_wtitle8
            ABBE              ABBE  ?_147
            ABC6              ABC6  ?_148
            AC1B              AC1B  ?_149
            AC24              AC24  ?_150
            AC4B              AC4B  ?_151
            AC5B              AC5B  ?_152
            AC6B              AC6B  ?_153
            AC6F              AC6F  ?_154
            AC9D              AC9D  ?_155
            ACAA              ACAA  ?_156
            ACBB              ACBB  make_textbox8
            AE9F              AE9F  file_loadfile
            AED0              AED0  ?_157
            AED9              AED9  ?_158
            AF02              AF02  ?_159
            AF0E              AF0E  ?_160
            AF0F              AF0F  ?_161
            AF2D              AF2D  ?_162
            AF4A              AF4A  ?_163
            AFCB              AFCB  ?_164
            AFE4              AFE4  ?_165
            AFEE              AFEE  ?_166
            AFF2              AFF2  ?_167
            AFFF              AFFF  ?_168
            B019              B019  memman_init
            B046              B046  memman_total
            B05C              B05C  ?_169
            B06F              B06F  ?_170
            B082              B082  memman_alloc
            B094              B094  ?_171
            B114              B114  ?_172
            B119              B119  ?_173
            B11C              B11C  ?_174
            B12F              B12F  ?_175
            B131              B131  memman_free
            B141              B141  ?_176
            B159              B159  ?_177
            B165              B165  ?_178
            B166              B166  ?_179
            B228              B228  ?_180
            B232              B232  ?_181
            B296              B296  ?_182
            B2B0              B2B0  ?_183
            B2D7              B2D7  ?_184
            B30E              B30E  ?_185
            B334              B334  ?_186
            B35D              B35D  ?_187
            B363              B363  memman_alloc_4k
            B38F              B38F  memman_free_4k
            B3BE              B3BE  shtctl_init
            B3EE              B3EE  ?_188
            B438              B438  ?_189
            B465              B465  ?_190
            B47F              B47F  ?_191
            B48F              B48F  ?_192
            B491              B491  sheet_alloc
            B4A0              B4A0  ?_193
            B4FB              B4FB  ?_194
            B4FE              B4FE  ?_195
            B510              B510  ?_196
            B512              B512  sheet_setbuf
            B53B              B53B  sheet_updown
            B566              B566  ?_197
            B577              B577  ?_198
            B59E              B59E  ?_199
            B5D1              B5D1  ?_200
            B67B              B67B  ?_201
            B692              B692  ?_202
            B6C5              B6C5  ?_203
            B6D0              B6D0  ?_204
            B767              B767  ?_205
            B785              B785  ?_206
            B7B8              B7B8  ?_207
            B7D2              B7D2  ?_208
            B7DD              B7DD  ?_209
            B814              B814  ?_210
            B83F              B83F  ?_211
            B8C0              B8C0  ?_212
            B8C8              B8C8  sheet_refresh
            B931              B931  ?_213
            B93E              B93E  sheet_slide
            BA4B              BA4B  ?_214
            BA53              BA53  sheet_refreshsub
            BA77              BA77  ?_215
            BA88              BA88  ?_216
            BAA0              BAA0  ?_217
            BAB8              BAB8  ?_218
            BAC3              BAC3  ?_219
            BAFB              BAFB  ?_220
            BB15              BB15  ?_221
            BBC2              BBC2  ?_222
            BBC5              BBC5  ?_223
            BBD7              BBD7  ?_224
            BBE9              BBE9  ?_225
            BBF9              BBF9  sheet_refreshmap
            BC15              BC15  ?_226
            BC22              BC22  ?_227
            BC3A              BC3A  ?_228
            BC52              BC52  ?_229
            BC5D              BC5D  ?_230
            BCD6              BCD6  ?_231
            BCE3              BCE3  ?_232
            BCFB              BCFB  ?_233
            BD13              BD13  ?_234
            BD1B              BD1B  ?_235
            BD31              BD31  ?_236
            BD87              BD87  ?_237
            BD8A              BD8A  ?_238
            BD95              BD95  ?_239
            BDA4              BDA4  ?_240
            BDB6              BDB6  init_pit
            BDFF              BDFF  ?_241
            BE24              BE24  ?_242
            BE35              BE35  timer_alloc
            BE44              BE44  ?_243
            BE7A              BE7A  ?_244
            BE7D              BE7D  ?_245
            BE8F              BE8F  ?_246
            BE91              BE91  timer_free
            BEA1              BEA1  timer_init
            BEC2              BEC2  timer_settime
            BEDA              BEDA  intHandlerForTimer
            BF0A              BF0A  ?_247
            BFAC              BFAC  ?_248
            BFBB              BFBB  ?_249
            BFBE              BFBE  ?_250
            BFCE              BFCE  getTimerController
            BFD8              BFD8  fifo8_init
            C01F              C01F  fifo8_put
            C03F              C03F  ?_251
            C068              C068  ?_252
            C0A7              C0A7  ?_253
            C0EC              C0EC  ?_254
            C0F1              C0F1  ?_255
            C0F3              C0F3  fifo8_get
            C114              C114  ?_256
            C156              C156  ?_257
            C168              C168  ?_258
            C16A              C16A  fifo8_status
            C17F              C17F  strcmp
            C199              C199  ?_259
            C1A3              C1A3  ?_260
            C1AC              C1AC  ?_261
            C1D2              C1D2  ?_262
            C1D5              C1D5  ?_263
            C1F9              C1F9  ?_264
            C224              C224  ?_265
            C24F              C24F  ?_266
            C254              C254  ?_267
            C256              C256  set_segmdesc
            C272              C272  ?_268
            C2CD              C2CD  get_taskctl
            C2D7              C2D7  init_task_level
            C322              C322  ?_269
            C342              C342  ?_270
            C350              C350  task_init
            C383              C383  ?_271
            C40B              C40B  ?_272
            C41E              C41E  ?_273
            C42F              C42F  ?_274
            C4AF              C4AF  task_alloc
            C4C1              C4C1  ?_275
            C5AB              C5AB  ?_276
            C5AE              C5AE  ?_277
            C5BD              C5BD  ?_278
            C5BF              C5BF  task_run
            C5D4              C5D4  ?_279
            C5E7              C5E7  ?_280
            C613              C613  ?_281
            C639              C639  ?_282
            C648              C648  task_switch
            C6A9              C6A9  ?_283
            C6DD              C6DD  ?_284
            C731              C731  ?_285
            C734              C734  task_sleep
            C7B1              C7B1  ?_286
            C7B6              C7B6  task_now
            C7EA              C7EA  task_add
            C837              C837  task_remove
            C864              C864  ?_287
            C887              C887  ?_288
            C88A              C88A  ?_289
            C894              C894  ?_290
            C8BF              C8BF  ?_291
            C8D8              C8D8  ?_292
            C8E4              C8E4  ?_293
            C8FE              C8FE  ?_294
            C90B              C90B  task_switchsub
            C91A              C91A  ?_295
            C93F              C93F  ?_296
            C94B              C94B  ?_297
            C94C              C94C  ?_298
            C965              C965  send_message
            C995              C995  ?_299
            C99D              C99D  ?_300
            C9A4              C9A4  ?_301
            C9AC              C9AC  ?_302
            C9AE              C9AE  ?_303
            C9B4              C9B4  ?_304
            C9B8              C9B8  ?_305
            C9BA              C9BA  ?_306
            C9C2              C9C2  ?_307
            C9C6              C9C6  ?_308
            C9CA              C9CA  ?_309
            C9CE              C9CE  ?_310
            C9D2              C9D2  ?_311
            C9DC              C9DC  ?_312
            C9E8              C9E8  ?_313
            C9F4              C9F4  ?_314
            CA00              CA00  memman
            CA20              CA20  keytable
            CA80              CA80  keytable1
            CB00              CB00  keyval
            CB02              CB02  ?_315
            CB03              CB03  ?_316
            CB20              CB20  table_rgb.2113
            CB60              CB60  cursor.2160
            CC60              CC60  closebtn.2279
            CD40              CD40  key_shift
            CD44              CD44  caps_lock
            CD48              CD48  g_Console
            CD4C              CD4C  ?_317
            CD50              CD50  ?_318
            CD54              CD54  ?_319
            CD58              CD58  ?_320
            CD59              CD59  ?_321
            CD5C              CD5C  bootInfo
            CD60              CD60  ?_322
            CD62              CD62  ?_323
            CD64              CD64  keyinfo
            CD7C              CD7C  ?_324
            CD80              CD80  mouseinfo
            CDA0              CDA0  keybuf
            CDC0              CDC0  mousebuf
            CE40              CE40  mdec
            CE4C              CE4C  ?_325
            CE50              CE50  timerinfo
            CE6C              CE6C  timerbuf
            CE74              CE74  mx
            CE78              CE78  my
            CE7C              CE7C  xsize
            CE80              CE80  ysize
            CE84              CE84  buf_back
            CEA0              CEA0  buf_mouse
            CFA0              CFA0  shtMsgBox
            CFA4              CFA4  shtctl
            CFA8              CFA8  sht_back
            CFAC              CFAC  sht_mouse
            CFB0              CFB0  task_cons
            CFB4              CFB4  task_main
            CFB8              CFB8  buffer
            CFBC              CFBC  ?_326
            CFC0              CFC0  task_a.1911
            CFE0              CFE0  tss_a.1910
            D060              D060  tss_b.1909
            D0C8              D0C8  task_b.1899
            D0D4              D0D4  str.2208
            D0D5              D0D5  ?_327
            D0DE              D0DE  ?_328
            D0E0              D0E0  timerctl
            D0E4              D0E4  ?_329
            D0E8              D0E8  ?_330
            D0EC              D0EC  ?_331
            D0F0              D0F0  ?_332
            F024              F024  task_timer
            F028              F028  taskctl
            F02E              F02E  _SpuriousHandler
            F02F              F02F  _KeyBoardHandler
            F043              F043  _mouseHandler
            F057              F057  _timerHandler
            F06B              F06B  get_font_data
            F084              F084  io_hlt
            F086              F086  io_cli
            F088              F088  io_sti
            F08A              F08A  io_stihlt
            F08D              F08D  io_in8
            F098              F098  io_in16
            F0A4              F0A4  io_in32
            F0AA              F0AA  io_out8
            F0B4              F0B4  io_out16
            F0BF              F0BF  io_out32
            F0C9              F0C9  io_load_eflags
            F0CC              F0CC  io_store_eflags
            F0D3              F0D3  get_memory_block_count
            F0D9              F0D9  get_leds
            F0DF              F0DF  get_adr_buffer
            F0E5              F0E5  get_addr_gdt
            F0EB              F0EB  get_code32_addr
            F0F1              F0F1  load_tr
            F0F7              F0F7  farjmp
            F102              F102  asm_cons_putchar

---- Section .data ------------------------------------------------------------

Real              Virtual           Name
            F120              F120  MemChkBuf
            F220              F220  dwMCRNumber
            F224              F224  LEDS
            F225              F225  LABEL_SYSTEM_FONT
            F225              F225  systemFont

