
- NASM Map file ---------------------------------------------------------------

Source file:  kernel.asm
Output file:  kernel.bat

-- Symbols --------------------------------------------------------------------

---- No Section ---------------------------------------------------------------

Value     Name
00004000  DA_32
00000098  DA_C
0000009A  DA_CR
00000092  DA_DRW
00000093  DA_DRWA
0000008E  DA_386IGate
00008000  DA_LIMIT_4K
00000089  DA_386TSS
000A0000  VRAM_ADDRESS
00001000  SystemFontLength
000000A8  GdtLen
00000008  SelectorCode32
00000010  SelectorVideo
00000020  SelectorStack
00000018  SelectorVram
00000028  SelectorFont
00000170  IdtLen
00007A27  SpuriousHandler
00007A28  KeyBoardHandler
00007A46  mouseHandler
00007A64  timerHandler
00007A7E  stackOverFlowHandler
00007A97  exceptionHandler
00007B47  AsmConsPutCharHandler
00007BA9  SegCode32Len


---- Section .text ------------------------------------------------------------

Real              Virtual           Name
            8003              8003  LABEL_SYSTEM_FONT
            8003              8003  systemFont

---- Section .gdt -------------------------------------------------------------

Real              Virtual           Name
            9004              9004  LABEL_GDT
            900C              900C  LABEL_DESC_CODE32
            9014              9014  LABEL_DESC_VIDEO
            901C              901C  LABEL_DESC_VRAM
            9024              9024  LABEL_DESC_STACK
            902C              902C  LABEL_DESC_FONT
            9034              9034  LABEL_DESC_6
            903C              903C  LABEL_DESC_7
            9044              9044  LABEL_DESC_8
            904C              904C  LABEL_DESC_9
            9054              9054  LABEL_DESC_10
            90AC              90AC  GdtPtr
            90B2              90B2  LABEL_IDT
            9112              9112  LABEL_IDT.0Ch
            911A              911A  LABEL_IDT.0Dh
            91B2              91B2  LABEL_IDT.020h
            91BA              91BA  LABEL_IDT.021h
            9212              9212  LABEL_IDT.2CH
            921A              921A  LABEL_IDT.2DH
            9222              9222  IdtPtr

---- Section .s16 -------------------------------------------------------------

Real              Virtual           Name
            9228              9228  LABEL_BEGIN
            9233              9233  keystatus
            9233              9233  ComputeMemory
            923C              923C  ComputeMemory.loop
            9262              9262  LABEL_MEM_CHK_FAIL
            926B              926B  LABEL_MEM_CHK_OK
            92FA              92FA  init8259A
            933D              933D  io_delay

---- Section .s32 -------------------------------------------------------------

Real              Virtual           Name
            9344              9344  LABEL_SEG_CODE32
            935C              935C  CMain
            96E8              96E8  ?_001
            9730              9730  ?_002
            97CB              97CB  ?_003
            97FB              97FB  ?_004
            9879              9879  ?_005
            98D1              98D1  ?_006
            9934              9934  ?_007
            99EE              99EE  ?_008
            9A4B              9A4B  ?_009
            9A82              9A82  ?_010
            9ADA              9ADA  ?_011
            9AF6              9AF6  ?_012
            9B35              9B35  ?_013
            9B59              9B59  set_cursor
            9BBE              9BBE  isSpecialKey
            9C21              9C21  ?_014
            9C28              9C28  ?_015
            9C2D              9C2D  ?_016
            9C2F              9C2F  transferScanCode
            9C4C              9C4C  ?_017
            9C63              9C63  ?_018
            9C7D              9C7D  ?_019
            9C97              9C97  ?_020
            9CBA              9CBA  ?_021
            9CC4              9CC4  ?_022
            9D06              9D06  ?_023
            9D0D              9D0D  ?_024
            9D73              9D73  ?_025
            9DAB              9DAB  ?_026
            9DB1              9DB1  ?_027
            9DB2              9DB2  ?_028
            9DB5              9DB5  ?_029
            9DB7              9DB7  launch_console
            9F43              9F43  kill_process
            9F85              9F85  cmd_dir
            9FB6              9FB6  ?_030
            9FBF              9FBF  ?_031
            9FE8              9FE8  ?_032
            9FF4              9FF4  ?_033
            9FF5              9FF5  ?_034
            A013              A013  ?_035
            A030              A030  ?_036
            A0C4              A0C4  ?_037
            A0EB              A0EB  cmd_type
            A129              A129  ?_038
            A155              A155  ?_039
            A161              A161  ?_040
            A162              A162  ?_041
            A179              A179  ?_042
            A186              A186  ?_043
            A1B1              A1B1  ?_044
            A1BD              A1BD  ?_045
            A1BE              A1BE  ?_046
            A1DC              A1DC  ?_047
            A1FB              A1FB  ?_048
            A25D              A25D  ?_049
            A279              A279  ?_050
            A2EC              A2EC  ?_051
            A320              A320  ?_052
            A39B              A39B  ?_053
            A39E              A39E  ?_054
            A3AC              A3AC  ?_055
            A3B0              A3B0  ?_056
            A3BD              A3BD  ?_057
            A403              A403  cmd_mem
            A419              A419  ?_058
            A4C1              A4C1  cmd_cls
            A4DE              A4DE  ?_059
            A4E7              A4E7  ?_060
            A509              A509  ?_061
            A519              A519  ?_062
            A57C              A57C  cmd_hlt
            A66B              A66B  console_task
            A768              A768  ?_063
            A78E              A78E  ?_064
            A7D8              A7D8  ?_065
            A816              A816  ?_066
            A834              A834  ?_067
            A849              A849  ?_068
            A886              A886  ?_069
            A8D5              A8D5  ?_070
            A913              A913  ?_071
            A969              A969  ?_072
            A98F              A98F  ?_073
            A9BC              A9BC  ?_074
            A9DF              A9DF  ?_075
            AA28              AA28  ?_076
            AA37              AA37  ?_077
            AAA6              AAA6  ?_078
            AAE1              AAE1  ?_079
            AB01              AB01  ?_080
            AB21              AB21  ?_081
            AB55              AB55  cons_putstr
            AB5D              AB5D  ?_082
            AB76              AB76  ?_083
            AB86              AB86  api_linewin
            ABBD              ABBD  ?_084
            ABCA              ABCA  ?_085
            ABEE              ABEE  ?_086
            ABF5              ABF5  ?_087
            AC14              AC14  ?_088
            AC27              AC27  ?_089
            AC43              AC43  ?_090
            AC4A              AC4A  ?_091
            AC69              AC69  ?_092
            AC7A              AC7A  ?_093
            AC83              AC83  ?_094
            ACB7              ACB7  ?_095
            ACC2              ACC2  handle_keyboard
            ACD0              ACD0  ?_096
            AD0F              AD0F  ?_097
            AD57              AD57  ?_098
            AD8D              AD8D  ?_099
            ADA6              ADA6  ?_100
            ADB8              ADB8  ?_101
            ADBE              ADBE  ?_102
            ADC0              ADC0  kernel_api
            AE02              AE02  ?_103
            AE28              AE28  ?_104
            AE49              AE49  ?_105
            AEE5              AEE5  ?_106
            AF59              AF59  ?_107
            AFC3              AFC3  ?_108
            AFF5              AFF5  ?_109
            B02B              B02B  ?_110
            B05E              B05E  ?_111
            B082              B082  ?_112
            B0A3              B0A3  ?_113
            B0BC              B0BC  ?_114
            B0E5              B0E5  ?_115
            B106              B106  ?_116
            B11F              B11F  ?_117
            B124              B124  ?_118
            B129              B129  cons_putchar
            B1B3              B1B3  cons_newline
            B1D0              B1D0  ?_119
            B1D9              B1D9  ?_120
            B1E2              B1E2  ?_121
            B21D              B21D  ?_122
            B22D              B22D  ?_123
            B243              B243  ?_124
            B24C              B24C  ?_125
            B26A              B26A  ?_126
            B27A              B27A  ?_127
            B2A9              B2A9  ?_128
            B2D1              B2D1  init_screen8
            B519              B519  computeMousePosition
            B557              B557  ?_129
            B56E              B56E  ?_130
            B58C              B58C  ?_131
            B5AA              B5AA  ?_132
            B5AD              B5AD  showString
            B5C9              B5C9  ?_133
            B605              B605  ?_134
            B639              B639  show_mouse_info
            B6E4              B6E4  ?_135
            B7DC              B7DC  ?_136
            B85B              B85B  ?_137
            B85E              B85E  ?_138
            B86A              B86A  ?_139
            B8D2              B8D2  ?_140
            B8DE              B8DE  ?_141
            B8DF              B8DF  ?_142
            B8E2              B8E2  initBootInfo
            B903              B903  init_palette
            B92D              B92D  ?_143
            B939              B939  ?_144
            B945              B945  ?_145
            BA27              BA27  ?_146
            BA34              BA34  ?_147
            BA41              BA41  ?_148
            BA6A              BA6A  set_palette
            BA98              BA98  ?_149
            BAF7              BAF7  ?_150
            BB14              BB14  boxfill8
            BB28              BB28  ?_151
            BB30              BB30  ?_152
            BB4D              BB4D  ?_153
            BB5C              BB5C  ?_154
            BB6C              BB6C  showFont8
            BB84              BB84  ?_155
            BBBA              BBBA  ?_156
            BBE9              BBE9  ?_157
            BC18              BC18  ?_158
            BC47              BC47  ?_159
            BC76              BC76  ?_160
            BCA5              BCA5  ?_161
            BCD4              BCD4  ?_162
            BD03              BD03  ?_163
            BD06              BD06  ?_164
            BD14              BD14  init_mouse_cursor
            BD2C              BD2C  ?_165
            BD38              BD38  ?_166
            BD6B              BD6B  ?_167
            BD9E              BD9E  ?_168
            BDD3              BDD3  ?_169
            BDD6              BDD6  ?_170
            BDE3              BDE3  ?_171
            BDF1              BDF1  putblock
            BE01              BE01  ?_172
            BE0A              BE0A  ?_173
            BE43              BE43  ?_174
            BE4E              BE4E  ?_175
            BE5E              BE5E  intHandlerFromC
            BEBA              BEBA  charToHexVal
            BED8              BED8  ?_176
            BEDE              BEDE  ?_177
            BEE0              BEE0  charToHexStr
            BF32              BF32  intToHexStr
            BF56              BF56  ?_178
            BF64              BF64  ?_179
            BF77              BF77  ?_180
            BFA7              BFA7  ?_181
            BFB9              BFB9  ?_182
            BFBC              BFBC  ?_183
            BFD0              BFD0  ?_184
            BFD7              BFD7  wait_KBC_sendready
            BFDD              BFDD  ?_185
            BFF7              BFF7  ?_186
            BFFB              BFFB  init_keyboard
            C02C              C02C  enable_mouse
            C06A              C06A  intHandlerForMouse
            C0B9              C0B9  mouse_decode
            C0E4              C0E4  ?_187
            C0EE              C0EE  ?_188
            C11D              C11D  ?_189
            C127              C127  ?_190
            C14F              C14F  ?_191
            C1C4              C1C4  ?_192
            C1EA              C1EA  ?_193
            C201              C201  ?_194
            C206              C206  ?_195
            C208              C208  showMemoryInfo
            C3B4              C3B4  message_box
            C45C              C45C  make_window8
            C604              C604  make_wtitle8
            C625              C625  ?_196
            C62D              C62D  ?_197
            C682              C682  ?_198
            C68B              C68B  ?_199
            C6B2              C6B2  ?_200
            C6C2              C6C2  ?_201
            C6D2              C6D2  ?_202
            C6D6              C6D6  ?_203
            C704              C704  ?_204
            C711              C711  ?_205
            C722              C722  make_textbox8
            C906              C906  file_loadfile
            C937              C937  ?_206
            C940              C940  ?_207
            C969              C969  ?_208
            C975              C975  ?_209
            C976              C976  ?_210
            C994              C994  ?_211
            C9B1              C9B1  ?_212
            CA32              CA32  ?_213
            CA4B              CA4B  ?_214
            CA55              CA55  ?_215
            CA59              CA59  ?_216
            CA66              CA66  ?_217
            CA80              CA80  intHandlerForStackOverFlow
            CB3A              CB3A  intHandlerForException
            CBA8              CBA8  memman_init
            CBD5              CBD5  memman_total
            CBEB              CBEB  ?_218
            CBFE              CBFE  ?_219
            CC11              CC11  memman_alloc
            CC23              CC23  ?_220
            CCA3              CCA3  ?_221
            CCA8              CCA8  ?_222
            CCAB              CCAB  ?_223
            CCBE              CCBE  ?_224
            CCC0              CCC0  memman_free
            CCD0              CCD0  ?_225
            CCE8              CCE8  ?_226
            CCF4              CCF4  ?_227
            CCF5              CCF5  ?_228
            CDB7              CDB7  ?_229
            CDC1              CDC1  ?_230
            CE25              CE25  ?_231
            CE3F              CE3F  ?_232
            CE66              CE66  ?_233
            CE9D              CE9D  ?_234
            CEC3              CEC3  ?_235
            CEEC              CEEC  ?_236
            CEF2              CEF2  memman_alloc_4k
            CF1E              CF1E  memman_free_4k
            CF4D              CF4D  shtctl_init
            CF7D              CF7D  ?_237
            CFC7              CFC7  ?_238
            CFF4              CFF4  ?_239
            D031              D031  ?_240
            D041              D041  ?_241
            D043              D043  sheet_alloc
            D052              D052  ?_242
            D0C5              D0C5  ?_243
            D0C8              D0C8  ?_244
            D0DA              D0DA  ?_245
            D0DC              D0DC  sheet_setbuf
            D105              D105  sheet_updown
            D130              D130  ?_246
            D141              D141  ?_247
            D168              D168  ?_248
            D19B              D19B  ?_249
            D245              D245  ?_250
            D25C              D25C  ?_251
            D28F              D28F  ?_252
            D29A              D29A  ?_253
            D331              D331  ?_254
            D34F              D34F  ?_255
            D382              D382  ?_256
            D39C              D39C  ?_257
            D3A7              D3A7  ?_258
            D3DE              D3DE  ?_259
            D409              D409  ?_260
            D48A              D48A  ?_261
            D492              D492  sheet_refresh
            D4FB              D4FB  ?_262
            D508              D508  sheet_slide
            D615              D615  ?_263
            D61D              D61D  sheet_refreshsub
            D645              D645  ?_264
            D656              D656  ?_265
            D66E              D66E  ?_266
            D686              D686  ?_267
            D691              D691  ?_268
            D6EF              D6EF  ?_269
            D709              D709  ?_270
            D7B6              D7B6  ?_271
            D7B9              D7B9  ?_272
            D7CB              D7CB  ?_273
            D7DD              D7DD  ?_274
            D7ED              D7ED  sheet_refreshmap
            D80D              D80D  ?_275
            D81E              D81E  ?_276
            D836              D836  ?_277
            D84E              D84E  ?_278
            D859              D859  ?_279
            D8FC              D8FC  ?_280
            D90D              D90D  ?_281
            D925              D925  ?_282
            D93D              D93D  ?_283
            D945              D945  ?_284
            D95B              D95B  ?_285
            D9B1              D9B1  ?_286
            D9B4              D9B4  ?_287
            D9BF              D9BF  ?_288
            D9CE              D9CE  ?_289
            D9E0              D9E0  sheet_free
            DA07              DA07  ?_290
            DA14              DA14  init_pit
            DA5D              DA5D  ?_291
            DA82              DA82  ?_292
            DA93              DA93  timer_alloc
            DAA2              DAA2  ?_293
            DAD8              DAD8  ?_294
            DADB              DADB  ?_295
            DAED              DAED  ?_296
            DAEF              DAEF  timer_free
            DAFF              DAFF  timer_init
            DB20              DB20  timer_settime
            DB38              DB38  intHandlerForTimer
            DB68              DB68  ?_297
            DC0A              DC0A  ?_298
            DC19              DC19  ?_299
            DC1C              DC1C  ?_300
            DC2C              DC2C  getTimerController
            DC36              DC36  fifo8_init
            DC7D              DC7D  fifo8_put
            DC9D              DC9D  ?_301
            DCC6              DCC6  ?_302
            DD05              DD05  ?_303
            DD4A              DD4A  ?_304
            DD4F              DD4F  ?_305
            DD51              DD51  fifo8_get
            DD72              DD72  ?_306
            DDB4              DDB4  ?_307
            DDC6              DDC6  ?_308
            DDC8              DDC8  fifo8_status
            DDDD              DDDD  strcmp
            DDF7              DDF7  ?_309
            DE01              DE01  ?_310
            DE0A              DE0A  ?_311
            DE30              DE30  ?_312
            DE33              DE33  ?_313
            DE57              DE57  ?_314
            DE82              DE82  ?_315
            DEAD              DEAD  ?_316
            DEB2              DEB2  ?_317
            DEB4              DEB4  set_segmdesc
            DED0              DED0  ?_318
            DF2B              DF2B  get_taskctl
            DF35              DF35  init_task_level
            DF80              DF80  ?_319
            DFA0              DFA0  ?_320
            DFAE              DFAE  task_init
            DFE1              DFE1  ?_321
            E078              E078  ?_322
            E08B              E08B  ?_323
            E09C              E09C  ?_324
            E11C              E11C  task_alloc
            E12E              E12E  ?_325
            E23B              E23B  ?_326
            E23E              E23E  ?_327
            E24D              E24D  ?_328
            E24F              E24F  task_run
            E268              E268  ?_329
            E27B              E27B  ?_330
            E2A7              E2A7  ?_331
            E2CD              E2CD  ?_332
            E2DC              E2DC  task_switch
            E33D              E33D  ?_333
            E371              E371  ?_334
            E3C5              E3C5  ?_335
            E3C8              E3C8  task_sleep
            E445              E445  ?_336
            E44A              E44A  task_now
            E47E              E47E  task_add
            E4CB              E4CB  task_remove
            E4F8              E4F8  ?_337
            E51B              E51B  ?_338
            E51E              E51E  ?_339
            E528              E528  ?_340
            E553              E553  ?_341
            E56C              E56C  ?_342
            E578              E578  ?_343
            E592              E592  ?_344
            E59F              E59F  task_switchsub
            E5AE              E5AE  ?_345
            E5D3              E5D3  ?_346
            E5DF              E5DF  ?_347
            E5E0              E5E0  ?_348
            E5F9              E5F9  send_message
            E629              E629  ?_349
            E631              E631  ?_350
            E63E              E63E  ?_351
            E645              E645  ?_352
            E64D              E64D  ?_353
            E64F              E64F  ?_354
            E655              E655  ?_355
            E659              E659  ?_356
            E65B              E65B  ?_357
            E663              E663  ?_358
            E674              E674  ?_359
            E678              E678  ?_360
            E67C              E67C  ?_361
            E680              E680  ?_362
            E684              E684  ?_363
            E68D              E68D  ?_364
            E697              E697  ?_365
            E6A3              E6A3  ?_366
            E6AF              E6AF  ?_367
            E6BB              E6BB  ?_368
            E6C2              E6C2  ?_369
            E6D2              E6D2  ?_370
            E6D9              E6D9  ?_371
            E6E1              E6E1  ?_372
            E6FD              E6FD  memman
            E71D              E71D  keytable
            E77D              E77D  keytable1
            E80D              E80D  keyval
            E80F              E80F  ?_373
            E810              E810  ?_374
            E815              E815  mmx
            E819              E819  mmy
            E81D              E81D  KEY_CONTROL
            E83D              E83D  table_rgb.2179
            E87D              E87D  cursor.2239
            E97D              E97D  closebtn.2358
            EA5D              EA5D  g_hlt
            EA61              EA61  key_shift
            EA65              EA65  caps_lock
            EA69              EA69  g_Console
            EA6D              EA6D  ?_375
            EA71              EA71  ?_376
            EA75              EA75  ?_377
            EA79              EA79  ?_378
            EA7A              EA7A  ?_379
            EA7D              EA7D  ?_380
            EA81              EA81  bootInfo
            EA85              EA85  ?_381
            EA87              EA87  ?_382
            EA89              EA89  keyinfo
            EAA1              EAA1  ?_383
            EAA5              EAA5  mouseinfo
            EADD              EADD  keybuf
            EAFD              EAFD  mousebuf
            EB7D              EB7D  mdec
            EB89              EB89  ?_384
            EB8D              EB8D  timerinfo
            EBA9              EBA9  timerbuf
            EBB1              EBB1  mx
            EBB5              EBB5  my
            EBB9              EBB9  xsize
            EBBD              EBBD  ysize
            EBC1              EBC1  buf_back
            EBDD              EBDD  buf_mouse
            ECDD              ECDD  shtMsgBox
            ECE1              ECE1  shtctl
            ECE5              ECE5  sht_back
            ECE9              ECE9  sht_mouse
            ECED              ECED  mouse_clicked_sht
            ECF1              ECF1  task_cons
            ECF5              ECF5  task_main
            ECF9              ECF9  buffer
            ECFD              ECFD  ?_385
            ED01              ED01  ?_386
            ED05              ED05  task_a.1932
            ED1D              ED1D  tss_a.1931
            ED9D              ED9D  tss_b.1930
            EE05              EE05  task_b.1920
            EE11              EE11  str.2287
            EE12              EE12  ?_387
            EE1B              EE1B  ?_388
            EE1D              EE1D  timerctl
            EE21              EE21  ?_389
            EE25              EE25  ?_390
            EE29              EE29  ?_391
            EE2D              EE2D  ?_392
           10D61             10D61  task_timer
           10D65             10D65  taskctl
           10D6B             10D6B  _SpuriousHandler
           10D6C             10D6C  _KeyBoardHandler
           10D8A             10D8A  _mouseHandler
           10DA8             10DA8  _timerHandler
           10DC2             10DC2  _stackOverFlowHandler
           10DDB             10DDB  _exceptionHandler
           10DF4             10DF4  get_font_data
           10E0D             10E0D  io_hlt
           10E0F             10E0F  io_cli
           10E11             10E11  io_sti
           10E13             10E13  io_stihlt
           10E16             10E16  io_in8
           10E21             10E21  io_in16
           10E2D             10E2D  io_in32
           10E33             10E33  io_out8
           10E3D             10E3D  io_out16
           10E48             10E48  io_out32
           10E52             10E52  io_load_eflags
           10E55             10E55  io_store_eflags
           10E5C             10E5C  get_memory_block_count
           10E62             10E62  get_leds
           10E68             10E68  get_adr_buffer
           10E6E             10E6E  get_addr_gdt
           10E74             10E74  get_code32_addr
           10E7A             10E7A  load_tr
           10E80             10E80  farjmp
           10E8B             10E8B  asm_cons_putchar
           10EA9             10EA9  end_app
           10EAD             10EAD  get_esp
           10EB0             10EB0  get_ss
           10EB5             10EB5  start_app
           10EDE             10EDE  asm_end_app

---- Section .data ------------------------------------------------------------

Real              Virtual           Name
           10F00             10F00  MemChkBuf
           11000             11000  dwMCRNumber
           11004             11004  LEDS

