
- NASM Map file ---------------------------------------------------------------

Source file:  kernel.asm
Output file:  kernel.bat

-- Symbols --------------------------------------------------------------------

---- No Section ---------------------------------------------------------------

Value     Name
00004000  DA_32
00000098  DA_C
0000009A  DA_CR
00000092  DA_DRW
00000093  DA_DRWA
0000008E  DA_386IGate
00008000  DA_LIMIT_4K
00000089  DA_386TSS
000A0000  VRAM_ADDRESS
00001000  SystemFontLength
000000A8  GdtLen
00000008  SelectorCode32
00000010  SelectorVideo
00000020  SelectorStack
00000018  SelectorVram
00000028  SelectorFont
00000170  IdtLen
00006E4F  SpuriousHandler
00006E50  KeyBoardHandler
00006E64  mouseHandler
00006E78  timerHandler
00006E90  exceptionHandler
00006F40  AsmConsPutCharHandler
00006F8E  SegCode32Len


---- Section .text ------------------------------------------------------------

Real              Virtual           Name
            8003              8003  LABEL_SYSTEM_FONT
            8003              8003  systemFont

---- Section .gdt -------------------------------------------------------------

Real              Virtual           Name
            9004              9004  LABEL_GDT
            900C              900C  LABEL_DESC_CODE32
            9014              9014  LABEL_DESC_VIDEO
            901C              901C  LABEL_DESC_VRAM
            9024              9024  LABEL_DESC_STACK
            902C              902C  LABEL_DESC_FONT
            9034              9034  LABEL_DESC_6
            903C              903C  LABEL_DESC_7
            9044              9044  LABEL_DESC_8
            904C              904C  LABEL_DESC_9
            9054              9054  LABEL_DESC_10
            90AC              90AC  GdtPtr
            90B2              90B2  LABEL_IDT
            911A              911A  LABEL_IDT.0Dh
            91B2              91B2  LABEL_IDT.020h
            91BA              91BA  LABEL_IDT.021h
            9212              9212  LABEL_IDT.2CH
            921A              921A  LABEL_IDT.2DH
            9222              9222  IdtPtr

---- Section .s16 -------------------------------------------------------------

Real              Virtual           Name
            9228              9228  LABEL_BEGIN
            9233              9233  keystatus
            9233              9233  ComputeMemory
            923C              923C  ComputeMemory.loop
            9262              9262  LABEL_MEM_CHK_FAIL
            926B              926B  LABEL_MEM_CHK_OK
            92FA              92FA  init8259A
            933D              933D  io_delay

---- Section .s32 -------------------------------------------------------------

Real              Virtual           Name
            9344              9344  LABEL_SEG_CODE32
            935C              935C  CMain
            96E8              96E8  ?_001
            9735              9735  ?_002
            97E3              97E3  ?_003
            983B              983B  ?_004
            989E              989E  ?_005
            9958              9958  ?_006
            99B5              99B5  ?_007
            99EC              99EC  ?_008
            9A44              9A44  ?_009
            9A60              9A60  ?_010
            9A9F              9A9F  ?_011
            9AC3              9AC3  set_cursor
            9B28              9B28  isSpecialKey
            9B81              9B81  ?_012
            9B88              9B88  ?_013
            9B8D              9B8D  ?_014
            9B8F              9B8F  transferScanCode
            9BAC              9BAC  ?_015
            9BC3              9BC3  ?_016
            9BDD              9BDD  ?_017
            9BF7              9BF7  ?_018
            9C1A              9C1A  ?_019
            9C24              9C24  ?_020
            9C66              9C66  ?_021
            9C6D              9C6D  ?_022
            9CD3              9CD3  ?_023
            9D0B              9D0B  ?_024
            9D11              9D11  ?_025
            9D12              9D12  ?_026
            9D15              9D15  ?_027
            9D17              9D17  launch_console
            9EA3              9EA3  cmd_dir
            9ED4              9ED4  ?_028
            9EDD              9EDD  ?_029
            9F06              9F06  ?_030
            9F12              9F12  ?_031
            9F13              9F13  ?_032
            9F31              9F31  ?_033
            9F4E              9F4E  ?_034
            9FE2              9FE2  ?_035
            A009              A009  cmd_type
            A047              A047  ?_036
            A073              A073  ?_037
            A07F              A07F  ?_038
            A080              A080  ?_039
            A097              A097  ?_040
            A0A4              A0A4  ?_041
            A0CF              A0CF  ?_042
            A0DB              A0DB  ?_043
            A0DC              A0DC  ?_044
            A0FA              A0FA  ?_045
            A119              A119  ?_046
            A17B              A17B  ?_047
            A197              A197  ?_048
            A20A              A20A  ?_049
            A23E              A23E  ?_050
            A2B9              A2B9  ?_051
            A2BC              A2BC  ?_052
            A2CA              A2CA  ?_053
            A2CE              A2CE  ?_054
            A2DB              A2DB  ?_055
            A321              A321  cmd_mem
            A333              A333  ?_056
            A3DB              A3DB  cmd_cls
            A3F8              A3F8  ?_057
            A401              A401  ?_058
            A423              A423  ?_059
            A433              A433  ?_060
            A496              A496  cmd_hlt
            A573              A573  console_task
            A668              A668  ?_061
            A68E              A68E  ?_062
            A6E6              A6E6  ?_063
            A704              A704  ?_064
            A719              A719  ?_065
            A756              A756  ?_066
            A7A5              A7A5  ?_067
            A7DF              A7DF  ?_068
            A835              A835  ?_069
            A85B              A85B  ?_070
            A885              A885  ?_071
            A8A8              A8A8  ?_072
            A8F1              A8F1  ?_073
            A900              A900  ?_074
            A96F              A96F  ?_075
            A9A6              A9A6  ?_076
            A9C2              A9C2  ?_077
            A9E2              A9E2  ?_078
            A9F9              A9F9  ?_079
            AA23              AA23  cons_putstr
            AA2B              AA2B  ?_080
            AA44              AA44  ?_081
            AA54              AA54  kernel_api
            AA82              AA82  ?_082
            AAA5              AAA5  ?_083
            AAB7              AAB7  ?_084
            AABC              AABC  ?_085
            AABE              AABE  cons_putchar
            AB48              AB48  cons_newline
            AB65              AB65  ?_086
            AB6E              AB6E  ?_087
            AB77              AB77  ?_088
            ABB2              ABB2  ?_089
            ABC2              ABC2  ?_090
            ABD8              ABD8  ?_091
            ABE1              ABE1  ?_092
            ABFF              ABFF  ?_093
            AC0F              AC0F  ?_094
            AC3E              AC3E  ?_095
            AC66              AC66  init_screen8
            AEAE              AEAE  computeMousePosition
            AEE8              AEE8  ?_096
            AEFB              AEFB  ?_097
            AF19              AF19  ?_098
            AF37              AF37  ?_099
            AF3A              AF3A  show_mouse_info
            AFE5              AFE5  ?_100
            AFE8              AFE8  initBootInfo
            B009              B009  showString
            B025              B025  ?_101
            B061              B061  ?_102
            B095              B095  init_palette
            B0B2              B0B2  set_palette
            B0E0              B0E0  ?_103
            B13F              B13F  ?_104
            B15C              B15C  boxfill8
            B170              B170  ?_105
            B178              B178  ?_106
            B195              B195  ?_107
            B1A4              B1A4  ?_108
            B1B4              B1B4  showFont8
            B1CC              B1CC  ?_109
            B1FE              B1FE  ?_110
            B22D              B22D  ?_111
            B25C              B25C  ?_112
            B28B              B28B  ?_113
            B2BA              B2BA  ?_114
            B2E9              B2E9  ?_115
            B318              B318  ?_116
            B347              B347  ?_117
            B34A              B34A  ?_118
            B358              B358  init_mouse_cursor
            B370              B370  ?_119
            B37C              B37C  ?_120
            B3AF              B3AF  ?_121
            B3E2              B3E2  ?_122
            B417              B417  ?_123
            B41A              B41A  ?_124
            B427              B427  ?_125
            B435              B435  putblock
            B445              B445  ?_126
            B44E              B44E  ?_127
            B487              B487  ?_128
            B492              B492  ?_129
            B4A2              B4A2  intHandlerFromC
            B4FE              B4FE  charToHexVal
            B51C              B51C  ?_130
            B522              B522  ?_131
            B524              B524  charToHexStr
            B576              B576  intToHexStr
            B59A              B59A  ?_132
            B5A8              B5A8  ?_133
            B5BB              B5BB  ?_134
            B5EB              B5EB  ?_135
            B5FD              B5FD  ?_136
            B600              B600  ?_137
            B614              B614  ?_138
            B61B              B61B  wait_KBC_sendready
            B621              B621  ?_139
            B63B              B63B  ?_140
            B63F              B63F  init_keyboard
            B670              B670  enable_mouse
            B6AE              B6AE  intHandlerForMouse
            B6FD              B6FD  mouse_decode
            B728              B728  ?_141
            B732              B732  ?_142
            B761              B761  ?_143
            B76B              B76B  ?_144
            B793              B793  ?_145
            B808              B808  ?_146
            B82E              B82E  ?_147
            B845              B845  ?_148
            B84A              B84A  ?_149
            B84C              B84C  showMemoryInfo
            B9F8              B9F8  message_box
            BAA0              BAA0  make_window8
            BC48              BC48  make_wtitle8
            BC69              BC69  ?_150
            BC71              BC71  ?_151
            BCC6              BCC6  ?_152
            BCCF              BCCF  ?_153
            BCF6              BCF6  ?_154
            BD06              BD06  ?_155
            BD16              BD16  ?_156
            BD1A              BD1A  ?_157
            BD48              BD48  ?_158
            BD55              BD55  ?_159
            BD66              BD66  make_textbox8
            BF4A              BF4A  file_loadfile
            BF7B              BF7B  ?_160
            BF84              BF84  ?_161
            BFAD              BFAD  ?_162
            BFB9              BFB9  ?_163
            BFBA              BFBA  ?_164
            BFD8              BFD8  ?_165
            BFF5              BFF5  ?_166
            C076              C076  ?_167
            C08F              C08F  ?_168
            C099              C099  ?_169
            C09D              C09D  ?_170
            C0AA              C0AA  ?_171
            C0C4              C0C4  intHandlerForException
            C132              C132  memman_init
            C15F              C15F  memman_total
            C175              C175  ?_172
            C188              C188  ?_173
            C19B              C19B  memman_alloc
            C1AD              C1AD  ?_174
            C22D              C22D  ?_175
            C232              C232  ?_176
            C235              C235  ?_177
            C248              C248  ?_178
            C24A              C24A  memman_free
            C25A              C25A  ?_179
            C272              C272  ?_180
            C27E              C27E  ?_181
            C27F              C27F  ?_182
            C341              C341  ?_183
            C34B              C34B  ?_184
            C3AF              C3AF  ?_185
            C3C9              C3C9  ?_186
            C3F0              C3F0  ?_187
            C427              C427  ?_188
            C44D              C44D  ?_189
            C476              C476  ?_190
            C47C              C47C  memman_alloc_4k
            C4A8              C4A8  memman_free_4k
            C4D7              C4D7  shtctl_init
            C507              C507  ?_191
            C551              C551  ?_192
            C57E              C57E  ?_193
            C598              C598  ?_194
            C5A8              C5A8  ?_195
            C5AA              C5AA  sheet_alloc
            C5B9              C5B9  ?_196
            C614              C614  ?_197
            C617              C617  ?_198
            C629              C629  ?_199
            C62B              C62B  sheet_setbuf
            C654              C654  sheet_updown
            C67F              C67F  ?_200
            C690              C690  ?_201
            C6B7              C6B7  ?_202
            C6EA              C6EA  ?_203
            C794              C794  ?_204
            C7AB              C7AB  ?_205
            C7DE              C7DE  ?_206
            C7E9              C7E9  ?_207
            C880              C880  ?_208
            C89E              C89E  ?_209
            C8D1              C8D1  ?_210
            C8EB              C8EB  ?_211
            C8F6              C8F6  ?_212
            C92D              C92D  ?_213
            C958              C958  ?_214
            C9D9              C9D9  ?_215
            C9E1              C9E1  sheet_refresh
            CA4A              CA4A  ?_216
            CA57              CA57  sheet_slide
            CB64              CB64  ?_217
            CB6C              CB6C  sheet_refreshsub
            CB90              CB90  ?_218
            CBA1              CBA1  ?_219
            CBB9              CBB9  ?_220
            CBD1              CBD1  ?_221
            CBDC              CBDC  ?_222
            CC14              CC14  ?_223
            CC2E              CC2E  ?_224
            CCDB              CCDB  ?_225
            CCDE              CCDE  ?_226
            CCF0              CCF0  ?_227
            CD02              CD02  ?_228
            CD12              CD12  sheet_refreshmap
            CD2E              CD2E  ?_229
            CD3B              CD3B  ?_230
            CD53              CD53  ?_231
            CD6B              CD6B  ?_232
            CD76              CD76  ?_233
            CDEF              CDEF  ?_234
            CDFC              CDFC  ?_235
            CE14              CE14  ?_236
            CE2C              CE2C  ?_237
            CE34              CE34  ?_238
            CE4A              CE4A  ?_239
            CEA0              CEA0  ?_240
            CEA3              CEA3  ?_241
            CEAE              CEAE  ?_242
            CEBD              CEBD  ?_243
            CECF              CECF  init_pit
            CF18              CF18  ?_244
            CF3D              CF3D  ?_245
            CF4E              CF4E  timer_alloc
            CF5D              CF5D  ?_246
            CF93              CF93  ?_247
            CF96              CF96  ?_248
            CFA8              CFA8  ?_249
            CFAA              CFAA  timer_free
            CFBA              CFBA  timer_init
            CFDB              CFDB  timer_settime
            CFF3              CFF3  intHandlerForTimer
            D023              D023  ?_250
            D0C5              D0C5  ?_251
            D0D4              D0D4  ?_252
            D0D7              D0D7  ?_253
            D0E7              D0E7  getTimerController
            D0F1              D0F1  fifo8_init
            D138              D138  fifo8_put
            D158              D158  ?_254
            D181              D181  ?_255
            D1C0              D1C0  ?_256
            D205              D205  ?_257
            D20A              D20A  ?_258
            D20C              D20C  fifo8_get
            D22D              D22D  ?_259
            D26F              D26F  ?_260
            D281              D281  ?_261
            D283              D283  fifo8_status
            D298              D298  strcmp
            D2B2              D2B2  ?_262
            D2BC              D2BC  ?_263
            D2C5              D2C5  ?_264
            D2EB              D2EB  ?_265
            D2EE              D2EE  ?_266
            D312              D312  ?_267
            D33D              D33D  ?_268
            D368              D368  ?_269
            D36D              D36D  ?_270
            D36F              D36F  set_segmdesc
            D38B              D38B  ?_271
            D3E6              D3E6  get_taskctl
            D3F0              D3F0  init_task_level
            D43B              D43B  ?_272
            D45B              D45B  ?_273
            D469              D469  task_init
            D49C              D49C  ?_274
            D533              D533  ?_275
            D546              D546  ?_276
            D557              D557  ?_277
            D5D7              D5D7  task_alloc
            D5E9              D5E9  ?_278
            D6EC              D6EC  ?_279
            D6EF              D6EF  ?_280
            D6FE              D6FE  ?_281
            D700              D700  task_run
            D715              D715  ?_282
            D728              D728  ?_283
            D754              D754  ?_284
            D77A              D77A  ?_285
            D789              D789  task_switch
            D7EA              D7EA  ?_286
            D81E              D81E  ?_287
            D872              D872  ?_288
            D875              D875  task_sleep
            D8F2              D8F2  ?_289
            D8F7              D8F7  task_now
            D92B              D92B  task_add
            D978              D978  task_remove
            D9A5              D9A5  ?_290
            D9C8              D9C8  ?_291
            D9CB              D9CB  ?_292
            D9D5              D9D5  ?_293
            DA00              DA00  ?_294
            DA19              DA19  ?_295
            DA25              DA25  ?_296
            DA3F              DA3F  ?_297
            DA4C              DA4C  task_switchsub
            DA5B              DA5B  ?_298
            DA80              DA80  ?_299
            DA8C              DA8C  ?_300
            DA8D              DA8D  ?_301
            DAA6              DAA6  send_message
            DAD6              DAD6  ?_302
            DADE              DADE  ?_303
            DAE5              DAE5  ?_304
            DAED              DAED  ?_305
            DAEF              DAEF  ?_306
            DAF5              DAF5  ?_307
            DAF9              DAF9  ?_308
            DAFB              DAFB  ?_309
            DB03              DB03  ?_310
            DB07              DB07  ?_311
            DB0B              DB0B  ?_312
            DB0F              DB0F  ?_313
            DB13              DB13  ?_314
            DB1D              DB1D  ?_315
            DB29              DB29  ?_316
            DB35              DB35  ?_317
            DB41              DB41  ?_318
            DB49              DB49  ?_319
            DB65              DB65  memman
            DB85              DB85  keytable
            DBE5              DBE5  keytable1
            DC75              DC75  keyval
            DC77              DC77  ?_320
            DC78              DC78  ?_321
            DC85              DC85  table_rgb.2124
            DCC5              DCC5  cursor.2171
            DDC5              DDC5  closebtn.2290
            DEA5              DEA5  key_shift
            DEA9              DEA9  caps_lock
            DEAD              DEAD  g_Console
            DEB1              DEB1  ?_322
            DEB5              DEB5  ?_323
            DEB9              DEB9  ?_324
            DEBD              DEBD  ?_325
            DEBE              DEBE  ?_326
            DEC1              DEC1  bootInfo
            DEC5              DEC5  ?_327
            DEC7              DEC7  ?_328
            DEC9              DEC9  keyinfo
            DEE1              DEE1  ?_329
            DEE5              DEE5  mouseinfo
            DF05              DF05  keybuf
            DF25              DF25  mousebuf
            DFA5              DFA5  mdec
            DFB1              DFB1  ?_330
            DFB5              DFB5  timerinfo
            DFD1              DFD1  timerbuf
            DFD9              DFD9  mx
            DFDD              DFDD  my
            DFE1              DFE1  xsize
            DFE5              DFE5  ysize
            DFE9              DFE9  buf_back
            E005              E005  buf_mouse
            E105              E105  shtMsgBox
            E109              E109  shtctl
            E10D              E10D  sht_back
            E111              E111  sht_mouse
            E115              E115  task_cons
            E119              E119  task_main
            E11D              E11D  buffer
            E121              E121  ?_331
            E125              E125  task_a.1919
            E145              E145  tss_a.1918
            E1C5              E1C5  tss_b.1917
            E22D              E22D  task_b.1907
            E239              E239  str.2219
            E23A              E23A  ?_332
            E243              E243  ?_333
            E245              E245  timerctl
            E249              E249  ?_334
            E24D              E24D  ?_335
            E251              E251  ?_336
            E255              E255  ?_337
           10189             10189  task_timer
           1018D             1018D  taskctl
           10193             10193  _SpuriousHandler
           10194             10194  _KeyBoardHandler
           101A8             101A8  _mouseHandler
           101BC             101BC  _timerHandler
           101D4             101D4  _exceptionHandler
           101ED             101ED  get_font_data
           10206             10206  io_hlt
           10208             10208  io_cli
           1020A             1020A  io_sti
           1020C             1020C  io_stihlt
           1020F             1020F  io_in8
           1021A             1021A  io_in16
           10226             10226  io_in32
           1022C             1022C  io_out8
           10236             10236  io_out16
           10241             10241  io_out32
           1024B             1024B  io_load_eflags
           1024E             1024E  io_store_eflags
           10255             10255  get_memory_block_count
           1025B             1025B  get_leds
           10261             10261  get_adr_buffer
           10267             10267  get_addr_gdt
           1026D             1026D  get_code32_addr
           10273             10273  load_tr
           10279             10279  farjmp
           10284             10284  asm_cons_putchar
           10287             10287  pusdad
           1029D             1029D  end_app
           102A1             102A1  get_esp
           102A4             102A4  get_ss
           102A9             102A9  start_app

---- Section .data ------------------------------------------------------------

Real              Virtual           Name
           102E0             102E0  MemChkBuf
           103E0             103E0  dwMCRNumber
           103E4             103E4  LEDS

