
- NASM Map file ---------------------------------------------------------------

Source file:  kernel.asm
Output file:  kernel.bat

-- Symbols --------------------------------------------------------------------

---- No Section ---------------------------------------------------------------

Value     Name
00004000  DA_32
00000098  DA_C
0000009A  DA_CR
00000092  DA_DRW
00000093  DA_DRWA
0000008E  DA_386IGate
00008000  DA_LIMIT_4K
00000089  DA_386TSS
000A0000  VRAM_ADDRESS
00001000  SystemFontLength
000000A8  GdtLen
00000008  SelectorCode32
00000010  SelectorVideo
00000020  SelectorStack
00000018  SelectorVram
00000028  SelectorFont
00000170  IdtLen
00007810  SpuriousHandler
00007811  KeyBoardHandler
0000782F  mouseHandler
0000784D  timerHandler
00007867  stackOverFlowHandler
00007880  exceptionHandler
00007930  AsmConsPutCharHandler
00007992  SegCode32Len


---- Section .text ------------------------------------------------------------

Real              Virtual           Name
            8003              8003  LABEL_SYSTEM_FONT
            8003              8003  systemFont

---- Section .gdt -------------------------------------------------------------

Real              Virtual           Name
            9004              9004  LABEL_GDT
            900C              900C  LABEL_DESC_CODE32
            9014              9014  LABEL_DESC_VIDEO
            901C              901C  LABEL_DESC_VRAM
            9024              9024  LABEL_DESC_STACK
            902C              902C  LABEL_DESC_FONT
            9034              9034  LABEL_DESC_6
            903C              903C  LABEL_DESC_7
            9044              9044  LABEL_DESC_8
            904C              904C  LABEL_DESC_9
            9054              9054  LABEL_DESC_10
            90AC              90AC  GdtPtr
            90B2              90B2  LABEL_IDT
            9112              9112  LABEL_IDT.0Ch
            911A              911A  LABEL_IDT.0Dh
            91B2              91B2  LABEL_IDT.020h
            91BA              91BA  LABEL_IDT.021h
            9212              9212  LABEL_IDT.2CH
            921A              921A  LABEL_IDT.2DH
            9222              9222  IdtPtr

---- Section .s16 -------------------------------------------------------------

Real              Virtual           Name
            9228              9228  LABEL_BEGIN
            9233              9233  keystatus
            9233              9233  ComputeMemory
            923C              923C  ComputeMemory.loop
            9262              9262  LABEL_MEM_CHK_FAIL
            926B              926B  LABEL_MEM_CHK_OK
            92FA              92FA  init8259A
            933D              933D  io_delay

---- Section .s32 -------------------------------------------------------------

Real              Virtual           Name
            9344              9344  LABEL_SEG_CODE32
            935C              935C  CMain
            96E8              96E8  ?_001
            9730              9730  ?_002
            97CB              97CB  ?_003
            97FB              97FB  ?_004
            9879              9879  ?_005
            98D1              98D1  ?_006
            9934              9934  ?_007
            99EE              99EE  ?_008
            9A4B              9A4B  ?_009
            9A82              9A82  ?_010
            9ADA              9ADA  ?_011
            9AF6              9AF6  ?_012
            9B35              9B35  ?_013
            9B59              9B59  set_cursor
            9BBE              9BBE  isSpecialKey
            9C21              9C21  ?_014
            9C28              9C28  ?_015
            9C2D              9C2D  ?_016
            9C2F              9C2F  transferScanCode
            9C4C              9C4C  ?_017
            9C63              9C63  ?_018
            9C7D              9C7D  ?_019
            9C97              9C97  ?_020
            9CBA              9CBA  ?_021
            9CC4              9CC4  ?_022
            9D06              9D06  ?_023
            9D0D              9D0D  ?_024
            9D73              9D73  ?_025
            9DAB              9DAB  ?_026
            9DB1              9DB1  ?_027
            9DB2              9DB2  ?_028
            9DB5              9DB5  ?_029
            9DB7              9DB7  launch_console
            9F43              9F43  kill_process
            9F85              9F85  cmd_dir
            9FB6              9FB6  ?_030
            9FBF              9FBF  ?_031
            9FE8              9FE8  ?_032
            9FF4              9FF4  ?_033
            9FF5              9FF5  ?_034
            A013              A013  ?_035
            A030              A030  ?_036
            A0C4              A0C4  ?_037
            A0EB              A0EB  cmd_type
            A129              A129  ?_038
            A155              A155  ?_039
            A161              A161  ?_040
            A162              A162  ?_041
            A179              A179  ?_042
            A186              A186  ?_043
            A1B1              A1B1  ?_044
            A1BD              A1BD  ?_045
            A1BE              A1BE  ?_046
            A1DC              A1DC  ?_047
            A1FB              A1FB  ?_048
            A25D              A25D  ?_049
            A279              A279  ?_050
            A2EC              A2EC  ?_051
            A320              A320  ?_052
            A39B              A39B  ?_053
            A39E              A39E  ?_054
            A3AC              A3AC  ?_055
            A3B0              A3B0  ?_056
            A3BD              A3BD  ?_057
            A403              A403  cmd_mem
            A419              A419  ?_058
            A4C1              A4C1  cmd_cls
            A4DE              A4DE  ?_059
            A4E7              A4E7  ?_060
            A509              A509  ?_061
            A519              A519  ?_062
            A57C              A57C  cmd_hlt
            A66B              A66B  console_task
            A768              A768  ?_063
            A78E              A78E  ?_064
            A7D8              A7D8  ?_065
            A816              A816  ?_066
            A834              A834  ?_067
            A849              A849  ?_068
            A886              A886  ?_069
            A8D5              A8D5  ?_070
            A913              A913  ?_071
            A969              A969  ?_072
            A98F              A98F  ?_073
            A9BC              A9BC  ?_074
            A9DF              A9DF  ?_075
            AA28              AA28  ?_076
            AA37              AA37  ?_077
            AAA6              AAA6  ?_078
            AAE1              AAE1  ?_079
            AB01              AB01  ?_080
            AB21              AB21  ?_081
            AB55              AB55  cons_putstr
            AB5D              AB5D  ?_082
            AB76              AB76  ?_083
            AB86              AB86  api_linewin
            ABBD              ABBD  ?_084
            ABCA              ABCA  ?_085
            ABEE              ABEE  ?_086
            ABF5              ABF5  ?_087
            AC14              AC14  ?_088
            AC27              AC27  ?_089
            AC43              AC43  ?_090
            AC4A              AC4A  ?_091
            AC69              AC69  ?_092
            AC7A              AC7A  ?_093
            AC83              AC83  ?_094
            ACB7              ACB7  ?_095
            ACC2              ACC2  handle_keyboard
            ACD0              ACD0  ?_096
            AD0C              AD0C  ?_097
            AD57              AD57  ?_098
            AD70              AD70  ?_099
            AD82              AD82  ?_100
            AD88              AD88  ?_101
            AD8A              AD8A  kernel_api
            ADC5              ADC5  ?_102
            ADEB              ADEB  ?_103
            AE0C              AE0C  ?_104
            AEA8              AEA8  ?_105
            AF1C              AF1C  ?_106
            AF86              AF86  ?_107
            AFB8              AFB8  ?_108
            AFEB              AFEB  ?_109
            B01B              B01B  ?_110
            B03C              B03C  ?_111
            B05B              B05B  ?_112
            B060              B060  ?_113
            B065              B065  cons_putchar
            B0EF              B0EF  cons_newline
            B10C              B10C  ?_114
            B115              B115  ?_115
            B11E              B11E  ?_116
            B159              B159  ?_117
            B169              B169  ?_118
            B17F              B17F  ?_119
            B188              B188  ?_120
            B1A6              B1A6  ?_121
            B1B6              B1B6  ?_122
            B1E5              B1E5  ?_123
            B20D              B20D  init_screen8
            B455              B455  computeMousePosition
            B493              B493  ?_124
            B4AA              B4AA  ?_125
            B4C8              B4C8  ?_126
            B4E6              B4E6  ?_127
            B4E9              B4E9  showString
            B505              B505  ?_128
            B541              B541  ?_129
            B575              B575  show_mouse_info
            B620              B620  ?_130
            B718              B718  ?_131
            B797              B797  ?_132
            B79A              B79A  ?_133
            B7A6              B7A6  ?_134
            B80E              B80E  ?_135
            B81A              B81A  ?_136
            B81B              B81B  ?_137
            B81E              B81E  initBootInfo
            B83F              B83F  init_palette
            B85C              B85C  set_palette
            B88A              B88A  ?_138
            B8E9              B8E9  ?_139
            B906              B906  boxfill8
            B91A              B91A  ?_140
            B922              B922  ?_141
            B93F              B93F  ?_142
            B94E              B94E  ?_143
            B95E              B95E  showFont8
            B976              B976  ?_144
            B9AC              B9AC  ?_145
            B9DB              B9DB  ?_146
            BA0A              BA0A  ?_147
            BA39              BA39  ?_148
            BA68              BA68  ?_149
            BA97              BA97  ?_150
            BAC6              BAC6  ?_151
            BAF5              BAF5  ?_152
            BAF8              BAF8  ?_153
            BB06              BB06  init_mouse_cursor
            BB1E              BB1E  ?_154
            BB2A              BB2A  ?_155
            BB5D              BB5D  ?_156
            BB90              BB90  ?_157
            BBC5              BBC5  ?_158
            BBC8              BBC8  ?_159
            BBD5              BBD5  ?_160
            BBE3              BBE3  putblock
            BBF3              BBF3  ?_161
            BBFC              BBFC  ?_162
            BC35              BC35  ?_163
            BC40              BC40  ?_164
            BC50              BC50  intHandlerFromC
            BCAC              BCAC  charToHexVal
            BCCA              BCCA  ?_165
            BCD0              BCD0  ?_166
            BCD2              BCD2  charToHexStr
            BD24              BD24  intToHexStr
            BD48              BD48  ?_167
            BD56              BD56  ?_168
            BD69              BD69  ?_169
            BD99              BD99  ?_170
            BDAB              BDAB  ?_171
            BDAE              BDAE  ?_172
            BDC2              BDC2  ?_173
            BDC9              BDC9  wait_KBC_sendready
            BDCF              BDCF  ?_174
            BDE9              BDE9  ?_175
            BDED              BDED  init_keyboard
            BE1E              BE1E  enable_mouse
            BE5C              BE5C  intHandlerForMouse
            BEAB              BEAB  mouse_decode
            BED6              BED6  ?_176
            BEE0              BEE0  ?_177
            BF0F              BF0F  ?_178
            BF19              BF19  ?_179
            BF41              BF41  ?_180
            BFB6              BFB6  ?_181
            BFDC              BFDC  ?_182
            BFF3              BFF3  ?_183
            BFF8              BFF8  ?_184
            BFFA              BFFA  showMemoryInfo
            C1A6              C1A6  message_box
            C24E              C24E  make_window8
            C3F6              C3F6  make_wtitle8
            C417              C417  ?_185
            C41F              C41F  ?_186
            C474              C474  ?_187
            C47D              C47D  ?_188
            C4A4              C4A4  ?_189
            C4B4              C4B4  ?_190
            C4C4              C4C4  ?_191
            C4C8              C4C8  ?_192
            C4F6              C4F6  ?_193
            C503              C503  ?_194
            C514              C514  make_textbox8
            C6F8              C6F8  file_loadfile
            C729              C729  ?_195
            C732              C732  ?_196
            C75B              C75B  ?_197
            C767              C767  ?_198
            C768              C768  ?_199
            C786              C786  ?_200
            C7A3              C7A3  ?_201
            C824              C824  ?_202
            C83D              C83D  ?_203
            C847              C847  ?_204
            C84B              C84B  ?_205
            C858              C858  ?_206
            C872              C872  intHandlerForStackOverFlow
            C92C              C92C  intHandlerForException
            C99A              C99A  memman_init
            C9C7              C9C7  memman_total
            C9DD              C9DD  ?_207
            C9F0              C9F0  ?_208
            CA03              CA03  memman_alloc
            CA15              CA15  ?_209
            CA95              CA95  ?_210
            CA9A              CA9A  ?_211
            CA9D              CA9D  ?_212
            CAB0              CAB0  ?_213
            CAB2              CAB2  memman_free
            CAC2              CAC2  ?_214
            CADA              CADA  ?_215
            CAE6              CAE6  ?_216
            CAE7              CAE7  ?_217
            CBA9              CBA9  ?_218
            CBB3              CBB3  ?_219
            CC17              CC17  ?_220
            CC31              CC31  ?_221
            CC58              CC58  ?_222
            CC8F              CC8F  ?_223
            CCB5              CCB5  ?_224
            CCDE              CCDE  ?_225
            CCE4              CCE4  memman_alloc_4k
            CD10              CD10  memman_free_4k
            CD3F              CD3F  shtctl_init
            CD6F              CD6F  ?_226
            CDB9              CDB9  ?_227
            CDE6              CDE6  ?_228
            CE23              CE23  ?_229
            CE33              CE33  ?_230
            CE35              CE35  sheet_alloc
            CE44              CE44  ?_231
            CEB7              CEB7  ?_232
            CEBA              CEBA  ?_233
            CECC              CECC  ?_234
            CECE              CECE  sheet_setbuf
            CEF7              CEF7  sheet_updown
            CF22              CF22  ?_235
            CF33              CF33  ?_236
            CF5A              CF5A  ?_237
            CF8D              CF8D  ?_238
            D037              D037  ?_239
            D04E              D04E  ?_240
            D081              D081  ?_241
            D08C              D08C  ?_242
            D123              D123  ?_243
            D141              D141  ?_244
            D174              D174  ?_245
            D18E              D18E  ?_246
            D199              D199  ?_247
            D1D0              D1D0  ?_248
            D1FB              D1FB  ?_249
            D27C              D27C  ?_250
            D284              D284  sheet_refresh
            D2ED              D2ED  ?_251
            D2FA              D2FA  sheet_slide
            D407              D407  ?_252
            D40F              D40F  sheet_refreshsub
            D437              D437  ?_253
            D448              D448  ?_254
            D460              D460  ?_255
            D478              D478  ?_256
            D483              D483  ?_257
            D4E1              D4E1  ?_258
            D4FB              D4FB  ?_259
            D5A8              D5A8  ?_260
            D5AB              D5AB  ?_261
            D5BD              D5BD  ?_262
            D5CF              D5CF  ?_263
            D5DF              D5DF  sheet_refreshmap
            D5FF              D5FF  ?_264
            D610              D610  ?_265
            D628              D628  ?_266
            D640              D640  ?_267
            D64B              D64B  ?_268
            D6EE              D6EE  ?_269
            D6FF              D6FF  ?_270
            D717              D717  ?_271
            D72F              D72F  ?_272
            D737              D737  ?_273
            D74D              D74D  ?_274
            D7A3              D7A3  ?_275
            D7A6              D7A6  ?_276
            D7B1              D7B1  ?_277
            D7C0              D7C0  ?_278
            D7D2              D7D2  sheet_free
            D7F9              D7F9  ?_279
            D806              D806  init_pit
            D84F              D84F  ?_280
            D874              D874  ?_281
            D885              D885  timer_alloc
            D894              D894  ?_282
            D8CA              D8CA  ?_283
            D8CD              D8CD  ?_284
            D8DF              D8DF  ?_285
            D8E1              D8E1  timer_free
            D8F1              D8F1  timer_init
            D912              D912  timer_settime
            D92A              D92A  intHandlerForTimer
            D95A              D95A  ?_286
            D9FC              D9FC  ?_287
            DA0B              DA0B  ?_288
            DA0E              DA0E  ?_289
            DA1E              DA1E  getTimerController
            DA28              DA28  fifo8_init
            DA6F              DA6F  fifo8_put
            DA8F              DA8F  ?_290
            DAB8              DAB8  ?_291
            DAF7              DAF7  ?_292
            DB3C              DB3C  ?_293
            DB41              DB41  ?_294
            DB43              DB43  fifo8_get
            DB64              DB64  ?_295
            DBA6              DBA6  ?_296
            DBB8              DBB8  ?_297
            DBBA              DBBA  fifo8_status
            DBCF              DBCF  strcmp
            DBE9              DBE9  ?_298
            DBF3              DBF3  ?_299
            DBFC              DBFC  ?_300
            DC22              DC22  ?_301
            DC25              DC25  ?_302
            DC49              DC49  ?_303
            DC74              DC74  ?_304
            DC9F              DC9F  ?_305
            DCA4              DCA4  ?_306
            DCA6              DCA6  set_segmdesc
            DCC2              DCC2  ?_307
            DD1D              DD1D  get_taskctl
            DD27              DD27  init_task_level
            DD72              DD72  ?_308
            DD92              DD92  ?_309
            DDA0              DDA0  task_init
            DDD3              DDD3  ?_310
            DE6A              DE6A  ?_311
            DE7D              DE7D  ?_312
            DE8E              DE8E  ?_313
            DF0E              DF0E  task_alloc
            DF20              DF20  ?_314
            E02D              E02D  ?_315
            E030              E030  ?_316
            E03F              E03F  ?_317
            E041              E041  task_run
            E05A              E05A  ?_318
            E06D              E06D  ?_319
            E099              E099  ?_320
            E0BF              E0BF  ?_321
            E0CE              E0CE  task_switch
            E12F              E12F  ?_322
            E163              E163  ?_323
            E1B7              E1B7  ?_324
            E1BA              E1BA  task_sleep
            E237              E237  ?_325
            E23C              E23C  task_now
            E270              E270  task_add
            E2BD              E2BD  task_remove
            E2EA              E2EA  ?_326
            E30D              E30D  ?_327
            E310              E310  ?_328
            E31A              E31A  ?_329
            E345              E345  ?_330
            E35E              E35E  ?_331
            E36A              E36A  ?_332
            E384              E384  ?_333
            E391              E391  task_switchsub
            E3A0              E3A0  ?_334
            E3C5              E3C5  ?_335
            E3D1              E3D1  ?_336
            E3D2              E3D2  ?_337
            E3EB              E3EB  send_message
            E41B              E41B  ?_338
            E423              E423  ?_339
            E430              E430  ?_340
            E437              E437  ?_341
            E43F              E43F  ?_342
            E441              E441  ?_343
            E447              E447  ?_344
            E44B              E44B  ?_345
            E44D              E44D  ?_346
            E455              E455  ?_347
            E466              E466  ?_348
            E46A              E46A  ?_349
            E46E              E46E  ?_350
            E472              E472  ?_351
            E476              E476  ?_352
            E480              E480  ?_353
            E48C              E48C  ?_354
            E498              E498  ?_355
            E4A4              E4A4  ?_356
            E4AB              E4AB  ?_357
            E4BB              E4BB  ?_358
            E4C2              E4C2  ?_359
            E4CA              E4CA  ?_360
            E4E6              E4E6  memman
            E506              E506  keytable
            E566              E566  keytable1
            E5F6              E5F6  keyval
            E5F8              E5F8  ?_361
            E5F9              E5F9  ?_362
            E5FE              E5FE  mmx
            E602              E602  mmy
            E606              E606  KEY_CONTROL
            E626              E626  table_rgb.2178
            E666              E666  cursor.2225
            E766              E766  closebtn.2344
            E846              E846  g_hlt
            E84A              E84A  key_shift
            E84E              E84E  caps_lock
            E852              E852  g_Console
            E856              E856  ?_363
            E85A              E85A  ?_364
            E85E              E85E  ?_365
            E862              E862  ?_366
            E863              E863  ?_367
            E866              E866  ?_368
            E86A              E86A  bootInfo
            E86E              E86E  ?_369
            E870              E870  ?_370
            E872              E872  keyinfo
            E88A              E88A  ?_371
            E88E              E88E  mouseinfo
            E8C6              E8C6  keybuf
            E8E6              E8E6  mousebuf
            E966              E966  mdec
            E972              E972  ?_372
            E976              E976  timerinfo
            E992              E992  timerbuf
            E99A              E99A  mx
            E99E              E99E  my
            E9A2              E9A2  xsize
            E9A6              E9A6  ysize
            E9AA              E9AA  buf_back
            E9C6              E9C6  buf_mouse
            EAC6              EAC6  shtMsgBox
            EACA              EACA  shtctl
            EACE              EACE  sht_back
            EAD2              EAD2  sht_mouse
            EAD6              EAD6  mouse_clicked_sht
            EADA              EADA  task_cons
            EADE              EADE  task_main
            EAE2              EAE2  buffer
            EAE6              EAE6  ?_373
            EAEA              EAEA  ?_374
            EAEE              EAEE  task_a.1932
            EB06              EB06  tss_a.1931
            EB86              EB86  tss_b.1930
            EBEE              EBEE  task_b.1920
            EBFA              EBFA  str.2273
            EBFB              EBFB  ?_375
            EC04              EC04  ?_376
            EC06              EC06  timerctl
            EC0A              EC0A  ?_377
            EC0E              EC0E  ?_378
            EC12              EC12  ?_379
            EC16              EC16  ?_380
           10B4A             10B4A  task_timer
           10B4E             10B4E  taskctl
           10B54             10B54  _SpuriousHandler
           10B55             10B55  _KeyBoardHandler
           10B73             10B73  _mouseHandler
           10B91             10B91  _timerHandler
           10BAB             10BAB  _stackOverFlowHandler
           10BC4             10BC4  _exceptionHandler
           10BDD             10BDD  get_font_data
           10BF6             10BF6  io_hlt
           10BF8             10BF8  io_cli
           10BFA             10BFA  io_sti
           10BFC             10BFC  io_stihlt
           10BFF             10BFF  io_in8
           10C0A             10C0A  io_in16
           10C16             10C16  io_in32
           10C1C             10C1C  io_out8
           10C26             10C26  io_out16
           10C31             10C31  io_out32
           10C3B             10C3B  io_load_eflags
           10C3E             10C3E  io_store_eflags
           10C45             10C45  get_memory_block_count
           10C4B             10C4B  get_leds
           10C51             10C51  get_adr_buffer
           10C57             10C57  get_addr_gdt
           10C5D             10C5D  get_code32_addr
           10C63             10C63  load_tr
           10C69             10C69  farjmp
           10C74             10C74  asm_cons_putchar
           10C92             10C92  end_app
           10C96             10C96  get_esp
           10C99             10C99  get_ss
           10C9E             10C9E  start_app
           10CC7             10CC7  asm_end_app

---- Section .data ------------------------------------------------------------

Real              Virtual           Name
           10CE0             10CE0  MemChkBuf
           10DE0             10DE0  dwMCRNumber
           10DE4             10DE4  LEDS

