
- NASM Map file ---------------------------------------------------------------

Source file:  kernel.asm
Output file:  kernel.bat

-- Symbols --------------------------------------------------------------------

---- No Section ---------------------------------------------------------------

Value     Name
00004000  DA_32
00000098  DA_C
0000009A  DA_CR
00000092  DA_DRW
00000093  DA_DRWA
0000008E  DA_386IGate
00008000  DA_LIMIT_4K
00000089  DA_386TSS
000A0000  VRAM_ADDRESS
00001000  SystemFontLength
000000A8  GdtLen
00000008  SelectorCode32
00000010  SelectorVideo
00000020  SelectorStack
00000018  SelectorVram
00000028  SelectorFont
00000170  IdtLen
00007189  SpuriousHandler
0000718A  KeyBoardHandler
000071A8  mouseHandler
000071C6  timerHandler
000071E0  stackOverFlowHandler
000071F9  exceptionHandler
000072A9  AsmConsPutCharHandler
0000730A  SegCode32Len


---- Section .text ------------------------------------------------------------

Real              Virtual           Name
            8003              8003  LABEL_SYSTEM_FONT
            8003              8003  systemFont

---- Section .gdt -------------------------------------------------------------

Real              Virtual           Name
            9004              9004  LABEL_GDT
            900C              900C  LABEL_DESC_CODE32
            9014              9014  LABEL_DESC_VIDEO
            901C              901C  LABEL_DESC_VRAM
            9024              9024  LABEL_DESC_STACK
            902C              902C  LABEL_DESC_FONT
            9034              9034  LABEL_DESC_6
            903C              903C  LABEL_DESC_7
            9044              9044  LABEL_DESC_8
            904C              904C  LABEL_DESC_9
            9054              9054  LABEL_DESC_10
            90AC              90AC  GdtPtr
            90B2              90B2  LABEL_IDT
            9112              9112  LABEL_IDT.0Ch
            911A              911A  LABEL_IDT.0Dh
            91B2              91B2  LABEL_IDT.020h
            91BA              91BA  LABEL_IDT.021h
            9212              9212  LABEL_IDT.2CH
            921A              921A  LABEL_IDT.2DH
            9222              9222  IdtPtr

---- Section .s16 -------------------------------------------------------------

Real              Virtual           Name
            9228              9228  LABEL_BEGIN
            9233              9233  keystatus
            9233              9233  ComputeMemory
            923C              923C  ComputeMemory.loop
            9262              9262  LABEL_MEM_CHK_FAIL
            926B              926B  LABEL_MEM_CHK_OK
            92FA              92FA  init8259A
            933D              933D  io_delay

---- Section .s32 -------------------------------------------------------------

Real              Virtual           Name
            9344              9344  LABEL_SEG_CODE32
            935C              935C  CMain
            96E8              96E8  ?_001
            9730              9730  ?_002
            97CB              97CB  ?_003
            9849              9849  ?_004
            98A1              98A1  ?_005
            9904              9904  ?_006
            99BE              99BE  ?_007
            9A1B              9A1B  ?_008
            9A52              9A52  ?_009
            9AAA              9AAA  ?_010
            9AC6              9AC6  ?_011
            9B05              9B05  ?_012
            9B29              9B29  set_cursor
            9B8E              9B8E  isSpecialKey
            9BF1              9BF1  ?_013
            9BF8              9BF8  ?_014
            9BFD              9BFD  ?_015
            9BFF              9BFF  transferScanCode
            9C1C              9C1C  ?_016
            9C33              9C33  ?_017
            9C4D              9C4D  ?_018
            9C67              9C67  ?_019
            9C8A              9C8A  ?_020
            9C94              9C94  ?_021
            9CD6              9CD6  ?_022
            9CDD              9CDD  ?_023
            9D43              9D43  ?_024
            9D7B              9D7B  ?_025
            9D81              9D81  ?_026
            9D82              9D82  ?_027
            9D85              9D85  ?_028
            9D87              9D87  launch_console
            9F13              9F13  kill_process
            9F55              9F55  cmd_dir
            9F86              9F86  ?_029
            9F8F              9F8F  ?_030
            9FB8              9FB8  ?_031
            9FC4              9FC4  ?_032
            9FC5              9FC5  ?_033
            9FE3              9FE3  ?_034
            A000              A000  ?_035
            A094              A094  ?_036
            A0BB              A0BB  cmd_type
            A0F9              A0F9  ?_037
            A125              A125  ?_038
            A131              A131  ?_039
            A132              A132  ?_040
            A149              A149  ?_041
            A156              A156  ?_042
            A181              A181  ?_043
            A18D              A18D  ?_044
            A18E              A18E  ?_045
            A1AC              A1AC  ?_046
            A1CB              A1CB  ?_047
            A22D              A22D  ?_048
            A249              A249  ?_049
            A2BC              A2BC  ?_050
            A2F0              A2F0  ?_051
            A36B              A36B  ?_052
            A36E              A36E  ?_053
            A37C              A37C  ?_054
            A380              A380  ?_055
            A38D              A38D  ?_056
            A3D3              A3D3  cmd_mem
            A3E5              A3E5  ?_057
            A48D              A48D  cmd_cls
            A4AA              A4AA  ?_058
            A4B3              A4B3  ?_059
            A4D5              A4D5  ?_060
            A4E5              A4E5  ?_061
            A548              A548  cmd_hlt
            A637              A637  console_task
            A72C              A72C  ?_062
            A752              A752  ?_063
            A7AA              A7AA  ?_064
            A7C8              A7C8  ?_065
            A7DD              A7DD  ?_066
            A81A              A81A  ?_067
            A869              A869  ?_068
            A8A3              A8A3  ?_069
            A8F9              A8F9  ?_070
            A91F              A91F  ?_071
            A949              A949  ?_072
            A96C              A96C  ?_073
            A9B5              A9B5  ?_074
            A9C4              A9C4  ?_075
            AA33              AA33  ?_076
            AA6A              AA6A  ?_077
            AA86              AA86  ?_078
            AAA6              AAA6  ?_079
            AADA              AADA  cons_putstr
            AAE2              AAE2  ?_080
            AAFB              AAFB  ?_081
            AB0B              AB0B  kernel_api
            AB46              AB46  ?_082
            AB6C              AB6C  ?_083
            AB8D              AB8D  ?_084
            AC29              AC29  ?_085
            AC9A              AC9A  ?_086
            ACFF              ACFF  ?_087
            AD04              AD04  ?_088
            AD09              AD09  cons_putchar
            AD93              AD93  cons_newline
            ADB0              ADB0  ?_089
            ADB9              ADB9  ?_090
            ADC2              ADC2  ?_091
            ADFD              ADFD  ?_092
            AE0D              AE0D  ?_093
            AE23              AE23  ?_094
            AE2C              AE2C  ?_095
            AE4A              AE4A  ?_096
            AE5A              AE5A  ?_097
            AE89              AE89  ?_098
            AEB1              AEB1  init_screen8
            B0F9              B0F9  computeMousePosition
            B133              B133  ?_099
            B146              B146  ?_100
            B164              B164  ?_101
            B182              B182  ?_102
            B185              B185  show_mouse_info
            B230              B230  ?_103
            B233              B233  initBootInfo
            B254              B254  showString
            B270              B270  ?_104
            B2AC              B2AC  ?_105
            B2E0              B2E0  init_palette
            B2FD              B2FD  set_palette
            B32B              B32B  ?_106
            B38A              B38A  ?_107
            B3A7              B3A7  boxfill8
            B3BB              B3BB  ?_108
            B3C3              B3C3  ?_109
            B3E0              B3E0  ?_110
            B3EF              B3EF  ?_111
            B3FF              B3FF  showFont8
            B417              B417  ?_112
            B449              B449  ?_113
            B478              B478  ?_114
            B4A7              B4A7  ?_115
            B4D6              B4D6  ?_116
            B505              B505  ?_117
            B534              B534  ?_118
            B563              B563  ?_119
            B592              B592  ?_120
            B595              B595  ?_121
            B5A3              B5A3  init_mouse_cursor
            B5BB              B5BB  ?_122
            B5C7              B5C7  ?_123
            B5FA              B5FA  ?_124
            B62D              B62D  ?_125
            B662              B662  ?_126
            B665              B665  ?_127
            B672              B672  ?_128
            B680              B680  putblock
            B690              B690  ?_129
            B699              B699  ?_130
            B6D2              B6D2  ?_131
            B6DD              B6DD  ?_132
            B6ED              B6ED  intHandlerFromC
            B749              B749  charToHexVal
            B767              B767  ?_133
            B76D              B76D  ?_134
            B76F              B76F  charToHexStr
            B7C1              B7C1  intToHexStr
            B7E5              B7E5  ?_135
            B7F3              B7F3  ?_136
            B806              B806  ?_137
            B836              B836  ?_138
            B848              B848  ?_139
            B84B              B84B  ?_140
            B85F              B85F  ?_141
            B866              B866  wait_KBC_sendready
            B86C              B86C  ?_142
            B886              B886  ?_143
            B88A              B88A  init_keyboard
            B8BB              B8BB  enable_mouse
            B8F9              B8F9  intHandlerForMouse
            B948              B948  mouse_decode
            B973              B973  ?_144
            B97D              B97D  ?_145
            B9AC              B9AC  ?_146
            B9B6              B9B6  ?_147
            B9DE              B9DE  ?_148
            BA53              BA53  ?_149
            BA79              BA79  ?_150
            BA90              BA90  ?_151
            BA95              BA95  ?_152
            BA97              BA97  showMemoryInfo
            BC43              BC43  message_box
            BCEB              BCEB  make_window8
            BE93              BE93  make_wtitle8
            BEB4              BEB4  ?_153
            BEBC              BEBC  ?_154
            BF11              BF11  ?_155
            BF1A              BF1A  ?_156
            BF41              BF41  ?_157
            BF51              BF51  ?_158
            BF61              BF61  ?_159
            BF65              BF65  ?_160
            BF93              BF93  ?_161
            BFA0              BFA0  ?_162
            BFB1              BFB1  make_textbox8
            C195              C195  file_loadfile
            C1C6              C1C6  ?_163
            C1CF              C1CF  ?_164
            C1F8              C1F8  ?_165
            C204              C204  ?_166
            C205              C205  ?_167
            C223              C223  ?_168
            C240              C240  ?_169
            C2C1              C2C1  ?_170
            C2DA              C2DA  ?_171
            C2E4              C2E4  ?_172
            C2E8              C2E8  ?_173
            C2F5              C2F5  ?_174
            C30F              C30F  intHandlerForStackOverFlow
            C3C9              C3C9  intHandlerForException
            C437              C437  memman_init
            C464              C464  memman_total
            C47A              C47A  ?_175
            C48D              C48D  ?_176
            C4A0              C4A0  memman_alloc
            C4B2              C4B2  ?_177
            C532              C532  ?_178
            C537              C537  ?_179
            C53A              C53A  ?_180
            C54D              C54D  ?_181
            C54F              C54F  memman_free
            C55F              C55F  ?_182
            C577              C577  ?_183
            C583              C583  ?_184
            C584              C584  ?_185
            C646              C646  ?_186
            C650              C650  ?_187
            C6B4              C6B4  ?_188
            C6CE              C6CE  ?_189
            C6F5              C6F5  ?_190
            C72C              C72C  ?_191
            C752              C752  ?_192
            C77B              C77B  ?_193
            C781              C781  memman_alloc_4k
            C7AD              C7AD  memman_free_4k
            C7DC              C7DC  shtctl_init
            C80C              C80C  ?_194
            C856              C856  ?_195
            C883              C883  ?_196
            C89D              C89D  ?_197
            C8AD              C8AD  ?_198
            C8AF              C8AF  sheet_alloc
            C8BE              C8BE  ?_199
            C919              C919  ?_200
            C91C              C91C  ?_201
            C92E              C92E  ?_202
            C930              C930  sheet_setbuf
            C959              C959  sheet_updown
            C984              C984  ?_203
            C995              C995  ?_204
            C9BC              C9BC  ?_205
            C9EF              C9EF  ?_206
            CA99              CA99  ?_207
            CAB0              CAB0  ?_208
            CAE3              CAE3  ?_209
            CAEE              CAEE  ?_210
            CB85              CB85  ?_211
            CBA3              CBA3  ?_212
            CBD6              CBD6  ?_213
            CBF0              CBF0  ?_214
            CBFB              CBFB  ?_215
            CC32              CC32  ?_216
            CC5D              CC5D  ?_217
            CCDE              CCDE  ?_218
            CCE6              CCE6  sheet_refresh
            CD4F              CD4F  ?_219
            CD5C              CD5C  sheet_slide
            CE69              CE69  ?_220
            CE71              CE71  sheet_refreshsub
            CE95              CE95  ?_221
            CEA6              CEA6  ?_222
            CEBE              CEBE  ?_223
            CED6              CED6  ?_224
            CEE1              CEE1  ?_225
            CF19              CF19  ?_226
            CF33              CF33  ?_227
            CFE0              CFE0  ?_228
            CFE3              CFE3  ?_229
            CFF5              CFF5  ?_230
            D007              D007  ?_231
            D017              D017  sheet_refreshmap
            D033              D033  ?_232
            D040              D040  ?_233
            D058              D058  ?_234
            D070              D070  ?_235
            D07B              D07B  ?_236
            D0F4              D0F4  ?_237
            D101              D101  ?_238
            D119              D119  ?_239
            D131              D131  ?_240
            D139              D139  ?_241
            D14F              D14F  ?_242
            D1A5              D1A5  ?_243
            D1A8              D1A8  ?_244
            D1B3              D1B3  ?_245
            D1C2              D1C2  ?_246
            D1D4              D1D4  init_pit
            D21D              D21D  ?_247
            D242              D242  ?_248
            D253              D253  timer_alloc
            D262              D262  ?_249
            D298              D298  ?_250
            D29B              D29B  ?_251
            D2AD              D2AD  ?_252
            D2AF              D2AF  timer_free
            D2BF              D2BF  timer_init
            D2E0              D2E0  timer_settime
            D2F8              D2F8  intHandlerForTimer
            D328              D328  ?_253
            D3CA              D3CA  ?_254
            D3D9              D3D9  ?_255
            D3DC              D3DC  ?_256
            D3EC              D3EC  getTimerController
            D3F6              D3F6  fifo8_init
            D43D              D43D  fifo8_put
            D45D              D45D  ?_257
            D486              D486  ?_258
            D4C5              D4C5  ?_259
            D50A              D50A  ?_260
            D50F              D50F  ?_261
            D511              D511  fifo8_get
            D532              D532  ?_262
            D574              D574  ?_263
            D586              D586  ?_264
            D588              D588  fifo8_status
            D59D              D59D  strcmp
            D5B7              D5B7  ?_265
            D5C1              D5C1  ?_266
            D5CA              D5CA  ?_267
            D5F0              D5F0  ?_268
            D5F3              D5F3  ?_269
            D617              D617  ?_270
            D642              D642  ?_271
            D66D              D66D  ?_272
            D672              D672  ?_273
            D674              D674  set_segmdesc
            D690              D690  ?_274
            D6EB              D6EB  get_taskctl
            D6F5              D6F5  init_task_level
            D740              D740  ?_275
            D760              D760  ?_276
            D76E              D76E  task_init
            D7A1              D7A1  ?_277
            D838              D838  ?_278
            D84B              D84B  ?_279
            D85C              D85C  ?_280
            D8DC              D8DC  task_alloc
            D8EE              D8EE  ?_281
            D9FB              D9FB  ?_282
            D9FE              D9FE  ?_283
            DA0D              DA0D  ?_284
            DA0F              DA0F  task_run
            DA24              DA24  ?_285
            DA37              DA37  ?_286
            DA63              DA63  ?_287
            DA89              DA89  ?_288
            DA98              DA98  task_switch
            DAF9              DAF9  ?_289
            DB2D              DB2D  ?_290
            DB81              DB81  ?_291
            DB84              DB84  task_sleep
            DC01              DC01  ?_292
            DC06              DC06  task_now
            DC3A              DC3A  task_add
            DC87              DC87  task_remove
            DCB4              DCB4  ?_293
            DCD7              DCD7  ?_294
            DCDA              DCDA  ?_295
            DCE4              DCE4  ?_296
            DD0F              DD0F  ?_297
            DD28              DD28  ?_298
            DD34              DD34  ?_299
            DD4E              DD4E  ?_300
            DD5B              DD5B  task_switchsub
            DD6A              DD6A  ?_301
            DD8F              DD8F  ?_302
            DD9B              DD9B  ?_303
            DD9C              DD9C  ?_304
            DDB5              DDB5  send_message
            DDE5              DDE5  ?_305
            DDED              DDED  ?_306
            DDFA              DDFA  ?_307
            DE01              DE01  ?_308
            DE09              DE09  ?_309
            DE0B              DE0B  ?_310
            DE11              DE11  ?_311
            DE15              DE15  ?_312
            DE17              DE17  ?_313
            DE1F              DE1F  ?_314
            DE23              DE23  ?_315
            DE27              DE27  ?_316
            DE2B              DE2B  ?_317
            DE2F              DE2F  ?_318
            DE39              DE39  ?_319
            DE45              DE45  ?_320
            DE51              DE51  ?_321
            DE5D              DE5D  ?_322
            DE64              DE64  ?_323
            DE74              DE74  ?_324
            DE7B              DE7B  ?_325
            DE83              DE83  ?_326
            DE9F              DE9F  memman
            DEBF              DEBF  keytable
            DF1F              DF1F  keytable1
            DFAF              DFAF  keyval
            DFB1              DFB1  ?_327
            DFB2              DFB2  ?_328
            DFB7              DFB7  KEY_CONTROL
            DFBF              DFBF  table_rgb.2134
            DFFF              DFFF  cursor.2181
            E0FF              E0FF  closebtn.2300
            E1DF              E1DF  key_shift
            E1E3              E1E3  caps_lock
            E1E7              E1E7  g_Console
            E1EB              E1EB  ?_329
            E1EF              E1EF  ?_330
            E1F3              E1F3  ?_331
            E1F7              E1F7  ?_332
            E1F8              E1F8  ?_333
            E1FB              E1FB  bootInfo
            E1FF              E1FF  ?_334
            E201              E201  ?_335
            E203              E203  keyinfo
            E21B              E21B  ?_336
            E21F              E21F  mouseinfo
            E23F              E23F  keybuf
            E25F              E25F  mousebuf
            E2DF              E2DF  mdec
            E2EB              E2EB  ?_337
            E2EF              E2EF  timerinfo
            E30B              E30B  timerbuf
            E313              E313  mx
            E317              E317  my
            E31B              E31B  xsize
            E31F              E31F  ysize
            E323              E323  buf_back
            E33F              E33F  buf_mouse
            E43F              E43F  shtMsgBox
            E443              E443  shtctl
            E447              E447  sht_back
            E44B              E44B  sht_mouse
            E44F              E44F  task_cons
            E453              E453  task_main
            E457              E457  buffer
            E45B              E45B  ?_338
            E45F              E45F  ?_339
            E463              E463  task_a.1923
            E47F              E47F  tss_a.1922
            E4FF              E4FF  tss_b.1921
            E567              E567  task_b.1911
            E573              E573  str.2229
            E574              E574  ?_340
            E57D              E57D  ?_341
            E57F              E57F  timerctl
            E583              E583  ?_342
            E587              E587  ?_343
            E58B              E58B  ?_344
            E58F              E58F  ?_345
           104C3             104C3  task_timer
           104C7             104C7  taskctl
           104CD             104CD  _SpuriousHandler
           104CE             104CE  _KeyBoardHandler
           104EC             104EC  _mouseHandler
           1050A             1050A  _timerHandler
           10524             10524  _stackOverFlowHandler
           1053D             1053D  _exceptionHandler
           10556             10556  get_font_data
           1056F             1056F  io_hlt
           10571             10571  io_cli
           10573             10573  io_sti
           10575             10575  io_stihlt
           10578             10578  io_in8
           10583             10583  io_in16
           1058F             1058F  io_in32
           10595             10595  io_out8
           1059F             1059F  io_out16
           105AA             105AA  io_out32
           105B4             105B4  io_load_eflags
           105B7             105B7  io_store_eflags
           105BE             105BE  get_memory_block_count
           105C4             105C4  get_leds
           105CA             105CA  get_adr_buffer
           105D0             105D0  get_addr_gdt
           105D6             105D6  get_code32_addr
           105DC             105DC  load_tr
           105E2             105E2  farjmp
           105ED             105ED  asm_cons_putchar
           1060A             1060A  end_app
           1060E             1060E  get_esp
           10611             10611  get_ss
           10616             10616  start_app
           1063F             1063F  asm_end_app

---- Section .data ------------------------------------------------------------

Real              Virtual           Name
           10660             10660  MemChkBuf
           10760             10760  dwMCRNumber
           10764             10764  LEDS

