
- NASM Map file ---------------------------------------------------------------

Source file:  kernel.asm
Output file:  kernel.bat

-- Symbols --------------------------------------------------------------------

---- No Section ---------------------------------------------------------------

Value     Name
00004000  DA_32
00000098  DA_C
0000009A  DA_CR
00000092  DA_DRW
00000093  DA_DRWA
0000008E  DA_386IGate
00008000  DA_LIMIT_4K
00000089  DA_386TSS
000A0000  VRAM_ADDRESS
00001000  SystemFontLength
000000A8  GdtLen
00000008  SelectorCode32
00000010  SelectorVideo
00000020  SelectorStack
00000018  SelectorVram
00000028  SelectorFont
00000170  IdtLen
00006D68  SpuriousHandler
00006D69  KeyBoardHandler
00006D7D  mouseHandler
00006D91  timerHandler
00006E72  AsmConsPutCharHandler
00006F19  SegCode32Len


---- Section .text ------------------------------------------------------------

Real              Virtual           Name
            8003              8003  LABEL_SYSTEM_FONT
            8003              8003  systemFont

---- Section .gdt -------------------------------------------------------------

Real              Virtual           Name
            9004              9004  LABEL_GDT
            900C              900C  LABEL_DESC_CODE32
            9014              9014  LABEL_DESC_VIDEO
            901C              901C  LABEL_DESC_VRAM
            9024              9024  LABEL_DESC_STACK
            902C              902C  LABEL_DESC_FONT
            9034              9034  LABEL_DESC_6
            903C              903C  LABEL_DESC_7
            9044              9044  LABEL_DESC_8
            904C              904C  LABEL_DESC_9
            9054              9054  LABEL_DESC_10
            90AC              90AC  GdtPtr
            90B2              90B2  LABEL_IDT
            91B2              91B2  LABEL_IDT.020h
            91BA              91BA  LABEL_IDT.021h
            9212              9212  LABEL_IDT.2CH
            921A              921A  LABEL_IDT.2DH
            9222              9222  IdtPtr

---- Section .s16 -------------------------------------------------------------

Real              Virtual           Name
            9228              9228  LABEL_BEGIN
            9233              9233  keystatus
            9233              9233  ComputeMemory
            923C              923C  ComputeMemory.loop
            9262              9262  LABEL_MEM_CHK_FAIL
            926B              926B  LABEL_MEM_CHK_OK
            92FA              92FA  init8259A
            933D              933D  io_delay

---- Section .s32 -------------------------------------------------------------

Real              Virtual           Name
            9344              9344  LABEL_SEG_CODE32
            935C              935C  CMain
            96E8              96E8  ?_001
            9735              9735  ?_002
            97E3              97E3  ?_003
            983B              983B  ?_004
            989E              989E  ?_005
            9958              9958  ?_006
            99B5              99B5  ?_007
            99EC              99EC  ?_008
            9A44              9A44  ?_009
            9A60              9A60  ?_010
            9A9F              9A9F  ?_011
            9AC3              9AC3  set_cursor
            9B28              9B28  isSpecialKey
            9B81              9B81  ?_012
            9B88              9B88  ?_013
            9B8D              9B8D  ?_014
            9B8F              9B8F  transferScanCode
            9BAC              9BAC  ?_015
            9BC3              9BC3  ?_016
            9BDD              9BDD  ?_017
            9BF7              9BF7  ?_018
            9C1A              9C1A  ?_019
            9C24              9C24  ?_020
            9C66              9C66  ?_021
            9C6D              9C6D  ?_022
            9CD3              9CD3  ?_023
            9D0B              9D0B  ?_024
            9D11              9D11  ?_025
            9D12              9D12  ?_026
            9D15              9D15  ?_027
            9D17              9D17  launch_console
            9E94              9E94  cmd_dir
            9EC5              9EC5  ?_028
            9ECE              9ECE  ?_029
            9EF7              9EF7  ?_030
            9F03              9F03  ?_031
            9F04              9F04  ?_032
            9F22              9F22  ?_033
            9F3F              9F3F  ?_034
            9FD3              9FD3  ?_035
            9FFA              9FFA  cmd_type
            A038              A038  ?_036
            A064              A064  ?_037
            A070              A070  ?_038
            A071              A071  ?_039
            A088              A088  ?_040
            A095              A095  ?_041
            A0C0              A0C0  ?_042
            A0CC              A0CC  ?_043
            A0CD              A0CD  ?_044
            A0EB              A0EB  ?_045
            A10A              A10A  ?_046
            A16C              A16C  ?_047
            A188              A188  ?_048
            A1FB              A1FB  ?_049
            A22F              A22F  ?_050
            A2AA              A2AA  ?_051
            A2AD              A2AD  ?_052
            A2BB              A2BB  ?_053
            A2BF              A2BF  ?_054
            A2CC              A2CC  ?_055
            A312              A312  cmd_mem
            A324              A324  ?_056
            A3CC              A3CC  cmd_cls
            A3E9              A3E9  ?_057
            A3F2              A3F2  ?_058
            A414              A414  ?_059
            A424              A424  ?_060
            A487              A487  cmd_hlt
            A581              A581  console_task
            A66F              A66F  ?_061
            A695              A695  ?_062
            A6ED              A6ED  ?_063
            A70B              A70B  ?_064
            A720              A720  ?_065
            A75D              A75D  ?_066
            A7AC              A7AC  ?_067
            A7E6              A7E6  ?_068
            A83C              A83C  ?_069
            A862              A862  ?_070
            A885              A885  ?_071
            A8A8              A8A8  ?_072
            A8F1              A8F1  ?_073
            A900              A900  ?_074
            A96F              A96F  ?_075
            A9A6              A9A6  ?_076
            A9C2              A9C2  ?_077
            A9E2              A9E2  ?_078
            AA16              AA16  cons_putstr
            AA1E              AA1E  ?_079
            AA37              AA37  ?_080
            AA47              AA47  kernel_api
            AA6D              AA6D  ?_081
            AA8E              AA8E  ?_082
            AA91              AA91  cons_putchar
            AB1B              AB1B  cons_newline
            AB38              AB38  ?_083
            AB41              AB41  ?_084
            AB4A              AB4A  ?_085
            AB85              AB85  ?_086
            AB95              AB95  ?_087
            ABAB              ABAB  ?_088
            ABB4              ABB4  ?_089
            ABD2              ABD2  ?_090
            ABE2              ABE2  ?_091
            AC11              AC11  ?_092
            AC39              AC39  init_screen8
            AE81              AE81  computeMousePosition
            AEBB              AEBB  ?_093
            AECE              AECE  ?_094
            AEEC              AEEC  ?_095
            AF0A              AF0A  ?_096
            AF0D              AF0D  show_mouse_info
            AFB8              AFB8  ?_097
            AFBB              AFBB  initBootInfo
            AFDC              AFDC  showString
            AFF8              AFF8  ?_098
            B034              B034  ?_099
            B068              B068  init_palette
            B085              B085  set_palette
            B0B3              B0B3  ?_100
            B112              B112  ?_101
            B12F              B12F  boxfill8
            B143              B143  ?_102
            B14B              B14B  ?_103
            B168              B168  ?_104
            B177              B177  ?_105
            B187              B187  showFont8
            B19F              B19F  ?_106
            B1D1              B1D1  ?_107
            B200              B200  ?_108
            B22F              B22F  ?_109
            B25E              B25E  ?_110
            B28D              B28D  ?_111
            B2BC              B2BC  ?_112
            B2EB              B2EB  ?_113
            B31A              B31A  ?_114
            B31D              B31D  ?_115
            B32B              B32B  init_mouse_cursor
            B343              B343  ?_116
            B34F              B34F  ?_117
            B382              B382  ?_118
            B3B5              B3B5  ?_119
            B3EA              B3EA  ?_120
            B3ED              B3ED  ?_121
            B3FA              B3FA  ?_122
            B408              B408  putblock
            B418              B418  ?_123
            B421              B421  ?_124
            B45A              B45A  ?_125
            B465              B465  ?_126
            B475              B475  intHandlerFromC
            B4D1              B4D1  charToHexVal
            B4EF              B4EF  ?_127
            B4F5              B4F5  ?_128
            B4F7              B4F7  charToHexStr
            B549              B549  intToHexStr
            B56D              B56D  ?_129
            B57B              B57B  ?_130
            B58E              B58E  ?_131
            B5BE              B5BE  ?_132
            B5D0              B5D0  ?_133
            B5D3              B5D3  ?_134
            B5E7              B5E7  ?_135
            B5EE              B5EE  wait_KBC_sendready
            B5F4              B5F4  ?_136
            B60E              B60E  ?_137
            B612              B612  init_keyboard
            B643              B643  enable_mouse
            B681              B681  intHandlerForMouse
            B6D0              B6D0  mouse_decode
            B6FB              B6FB  ?_138
            B705              B705  ?_139
            B734              B734  ?_140
            B73E              B73E  ?_141
            B766              B766  ?_142
            B7DB              B7DB  ?_143
            B801              B801  ?_144
            B818              B818  ?_145
            B81D              B81D  ?_146
            B81F              B81F  showMemoryInfo
            B9CB              B9CB  message_box
            BA73              BA73  make_window8
            BC1B              BC1B  make_wtitle8
            BC3C              BC3C  ?_147
            BC44              BC44  ?_148
            BC99              BC99  ?_149
            BCA2              BCA2  ?_150
            BCC9              BCC9  ?_151
            BCD9              BCD9  ?_152
            BCE9              BCE9  ?_153
            BCED              BCED  ?_154
            BD1B              BD1B  ?_155
            BD28              BD28  ?_156
            BD39              BD39  make_textbox8
            BF1D              BF1D  file_loadfile
            BF4E              BF4E  ?_157
            BF57              BF57  ?_158
            BF80              BF80  ?_159
            BF8C              BF8C  ?_160
            BF8D              BF8D  ?_161
            BFAB              BFAB  ?_162
            BFC8              BFC8  ?_163
            C049              C049  ?_164
            C062              C062  ?_165
            C06C              C06C  ?_166
            C070              C070  ?_167
            C07D              C07D  ?_168
            C097              C097  memman_init
            C0C4              C0C4  memman_total
            C0DA              C0DA  ?_169
            C0ED              C0ED  ?_170
            C100              C100  memman_alloc
            C112              C112  ?_171
            C192              C192  ?_172
            C197              C197  ?_173
            C19A              C19A  ?_174
            C1AD              C1AD  ?_175
            C1AF              C1AF  memman_free
            C1BF              C1BF  ?_176
            C1D7              C1D7  ?_177
            C1E3              C1E3  ?_178
            C1E4              C1E4  ?_179
            C2A6              C2A6  ?_180
            C2B0              C2B0  ?_181
            C314              C314  ?_182
            C32E              C32E  ?_183
            C355              C355  ?_184
            C38C              C38C  ?_185
            C3B2              C3B2  ?_186
            C3DB              C3DB  ?_187
            C3E1              C3E1  memman_alloc_4k
            C40D              C40D  memman_free_4k
            C43C              C43C  shtctl_init
            C46C              C46C  ?_188
            C4B6              C4B6  ?_189
            C4E3              C4E3  ?_190
            C4FD              C4FD  ?_191
            C50D              C50D  ?_192
            C50F              C50F  sheet_alloc
            C51E              C51E  ?_193
            C579              C579  ?_194
            C57C              C57C  ?_195
            C58E              C58E  ?_196
            C590              C590  sheet_setbuf
            C5B9              C5B9  sheet_updown
            C5E4              C5E4  ?_197
            C5F5              C5F5  ?_198
            C61C              C61C  ?_199
            C64F              C64F  ?_200
            C6F9              C6F9  ?_201
            C710              C710  ?_202
            C743              C743  ?_203
            C74E              C74E  ?_204
            C7E5              C7E5  ?_205
            C803              C803  ?_206
            C836              C836  ?_207
            C850              C850  ?_208
            C85B              C85B  ?_209
            C892              C892  ?_210
            C8BD              C8BD  ?_211
            C93E              C93E  ?_212
            C946              C946  sheet_refresh
            C9AF              C9AF  ?_213
            C9BC              C9BC  sheet_slide
            CAC9              CAC9  ?_214
            CAD1              CAD1  sheet_refreshsub
            CAF5              CAF5  ?_215
            CB06              CB06  ?_216
            CB1E              CB1E  ?_217
            CB36              CB36  ?_218
            CB41              CB41  ?_219
            CB79              CB79  ?_220
            CB93              CB93  ?_221
            CC40              CC40  ?_222
            CC43              CC43  ?_223
            CC55              CC55  ?_224
            CC67              CC67  ?_225
            CC77              CC77  sheet_refreshmap
            CC93              CC93  ?_226
            CCA0              CCA0  ?_227
            CCB8              CCB8  ?_228
            CCD0              CCD0  ?_229
            CCDB              CCDB  ?_230
            CD54              CD54  ?_231
            CD61              CD61  ?_232
            CD79              CD79  ?_233
            CD91              CD91  ?_234
            CD99              CD99  ?_235
            CDAF              CDAF  ?_236
            CE05              CE05  ?_237
            CE08              CE08  ?_238
            CE13              CE13  ?_239
            CE22              CE22  ?_240
            CE34              CE34  init_pit
            CE7D              CE7D  ?_241
            CEA2              CEA2  ?_242
            CEB3              CEB3  timer_alloc
            CEC2              CEC2  ?_243
            CEF8              CEF8  ?_244
            CEFB              CEFB  ?_245
            CF0D              CF0D  ?_246
            CF0F              CF0F  timer_free
            CF1F              CF1F  timer_init
            CF40              CF40  timer_settime
            CF58              CF58  intHandlerForTimer
            CF88              CF88  ?_247
            D02A              D02A  ?_248
            D039              D039  ?_249
            D03C              D03C  ?_250
            D04C              D04C  getTimerController
            D056              D056  fifo8_init
            D09D              D09D  fifo8_put
            D0BD              D0BD  ?_251
            D0E6              D0E6  ?_252
            D125              D125  ?_253
            D16A              D16A  ?_254
            D16F              D16F  ?_255
            D171              D171  fifo8_get
            D192              D192  ?_256
            D1D4              D1D4  ?_257
            D1E6              D1E6  ?_258
            D1E8              D1E8  fifo8_status
            D1FD              D1FD  strcmp
            D217              D217  ?_259
            D221              D221  ?_260
            D22A              D22A  ?_261
            D250              D250  ?_262
            D253              D253  ?_263
            D277              D277  ?_264
            D2A2              D2A2  ?_265
            D2CD              D2CD  ?_266
            D2D2              D2D2  ?_267
            D2D4              D2D4  set_segmdesc
            D2F0              D2F0  ?_268
            D34B              D34B  get_taskctl
            D355              D355  init_task_level
            D3A0              D3A0  ?_269
            D3C0              D3C0  ?_270
            D3CE              D3CE  task_init
            D401              D401  ?_271
            D489              D489  ?_272
            D49C              D49C  ?_273
            D4AD              D4AD  ?_274
            D52D              D52D  task_alloc
            D53F              D53F  ?_275
            D629              D629  ?_276
            D62C              D62C  ?_277
            D63B              D63B  ?_278
            D63D              D63D  task_run
            D652              D652  ?_279
            D665              D665  ?_280
            D691              D691  ?_281
            D6B7              D6B7  ?_282
            D6C6              D6C6  task_switch
            D727              D727  ?_283
            D75B              D75B  ?_284
            D7AF              D7AF  ?_285
            D7B2              D7B2  task_sleep
            D82F              D82F  ?_286
            D834              D834  task_now
            D868              D868  task_add
            D8B5              D8B5  task_remove
            D8E2              D8E2  ?_287
            D905              D905  ?_288
            D908              D908  ?_289
            D912              D912  ?_290
            D93D              D93D  ?_291
            D956              D956  ?_292
            D962              D962  ?_293
            D97C              D97C  ?_294
            D989              D989  task_switchsub
            D998              D998  ?_295
            D9BD              D9BD  ?_296
            D9C9              D9C9  ?_297
            D9CA              D9CA  ?_298
            D9E3              D9E3  send_message
            DA13              DA13  ?_299
            DA1B              DA1B  ?_300
            DA22              DA22  ?_301
            DA2A              DA2A  ?_302
            DA2C              DA2C  ?_303
            DA32              DA32  ?_304
            DA36              DA36  ?_305
            DA38              DA38  ?_306
            DA40              DA40  ?_307
            DA44              DA44  ?_308
            DA48              DA48  ?_309
            DA4C              DA4C  ?_310
            DA50              DA50  ?_311
            DA5A              DA5A  ?_312
            DA66              DA66  ?_313
            DA72              DA72  ?_314
            DA7E              DA7E  memman
            DA9E              DA9E  keytable
            DAFE              DAFE  keytable1
            DB7E              DB7E  keyval
            DB80              DB80  ?_315
            DB81              DB81  ?_316
            DB9E              DB9E  table_rgb.2116
            DBDE              DBDE  cursor.2163
            DCDE              DCDE  closebtn.2282
            DDBE              DDBE  key_shift
            DDC2              DDC2  caps_lock
            DDC6              DDC6  g_Console
            DDCA              DDCA  ?_317
            DDCE              DDCE  ?_318
            DDD2              DDD2  ?_319
            DDD6              DDD6  ?_320
            DDD7              DDD7  ?_321
            DDDA              DDDA  bootInfo
            DDDE              DDDE  ?_322
            DDE0              DDE0  ?_323
            DDE2              DDE2  keyinfo
            DDFA              DDFA  ?_324
            DDFE              DDFE  mouseinfo
            DE1E              DE1E  keybuf
            DE3E              DE3E  mousebuf
            DEBE              DEBE  mdec
            DECA              DECA  ?_325
            DECE              DECE  timerinfo
            DEEA              DEEA  timerbuf
            DEF2              DEF2  mx
            DEF6              DEF6  my
            DEFA              DEFA  xsize
            DEFE              DEFE  ysize
            DF02              DF02  buf_back
            DF1E              DF1E  buf_mouse
            E01E              E01E  shtMsgBox
            E022              E022  shtctl
            E026              E026  sht_back
            E02A              E02A  sht_mouse
            E02E              E02E  task_cons
            E032              E032  task_main
            E036              E036  buffer
            E03A              E03A  ?_326
            E03E              E03E  task_a.1911
            E05E              E05E  tss_a.1910
            E0DE              E0DE  tss_b.1909
            E146              E146  task_b.1899
            E152              E152  str.2211
            E153              E153  ?_327
            E15C              E15C  ?_328
            E15E              E15E  timerctl
            E162              E162  ?_329
            E166              E166  ?_330
            E16A              E16A  ?_331
            E16E              E16E  ?_332
           100A2             100A2  task_timer
           100A6             100A6  taskctl
           100AC             100AC  _SpuriousHandler
           100AD             100AD  _KeyBoardHandler
           100C1             100C1  _mouseHandler
           100D5             100D5  _timerHandler
           100F2             100F2  _timerHandler.from_app
           1011F             1011F  get_font_data
           10138             10138  io_hlt
           1013A             1013A  io_cli
           1013C             1013C  io_sti
           1013E             1013E  io_stihlt
           10141             10141  io_in8
           1014C             1014C  io_in16
           10158             10158  io_in32
           1015E             1015E  io_out8
           10168             10168  io_out16
           10173             10173  io_out32
           1017D             1017D  io_load_eflags
           10180             10180  io_store_eflags
           10187             10187  get_memory_block_count
           1018D             1018D  get_leds
           10193             10193  get_adr_buffer
           10199             10199  get_addr_gdt
           1019F             1019F  get_code32_addr
           101A5             101A5  load_tr
           101AB             101AB  farjmp
           101B6             101B6  asm_cons_putchar
           10225             10225  start_app

---- Section .data ------------------------------------------------------------

Real              Virtual           Name
           10260             10260  MemChkBuf
           10360             10360  dwMCRNumber
           10364             10364  LEDS

