
- NASM Map file ---------------------------------------------------------------

Source file:  kernel.asm
Output file:  kernel.bat

-- Symbols --------------------------------------------------------------------

---- No Section ---------------------------------------------------------------

Value     Name
00004000  DA_32
00000098  DA_C
0000009A  DA_CR
00000092  DA_DRW
00000093  DA_DRWA
0000008E  DA_386IGate
00008000  DA_LIMIT_4K
00000089  DA_386TSS
000A0000  VRAM_ADDRESS
00001000  SystemFontLength
000000F8  GdtLen
00000008  SelectorCode32
00000010  SelectorVideo
00000020  SelectorStack
00000018  SelectorVram
00000028  SelectorFont
00000170  IdtLen
00007E1B  SpuriousHandler
00007E1C  KeyBoardHandler
00007E3A  mouseHandler
00007E58  timerHandler
00007E72  stackOverFlowHandler
00007E8B  exceptionHandler
00007F3B  AsmConsPutCharHandler
00007F9D  SegCode32Len


---- Section .text ------------------------------------------------------------

Real              Virtual           Name
            8003              8003  LABEL_SYSTEM_FONT
            8003              8003  systemFont

---- Section .gdt -------------------------------------------------------------

Real              Virtual           Name
            9004              9004  LABEL_GDT
            900C              900C  LABEL_DESC_CODE32
            9014              9014  LABEL_DESC_VIDEO
            901C              901C  LABEL_DESC_VRAM
            9024              9024  LABEL_DESC_STACK
            902C              902C  LABEL_DESC_FONT
            9034              9034  LABEL_DESC_6
            903C              903C  LABEL_DESC_7
            9044              9044  LABEL_DESC_8
            904C              904C  LABEL_DESC_9
            9054              9054  LABEL_DESC_10
            90FC              90FC  GdtPtr
            9102              9102  LABEL_IDT
            9162              9162  LABEL_IDT.0Ch
            916A              916A  LABEL_IDT.0Dh
            9202              9202  LABEL_IDT.020h
            920A              920A  LABEL_IDT.021h
            9262              9262  LABEL_IDT.2CH
            926A              926A  LABEL_IDT.2DH
            9272              9272  IdtPtr

---- Section .s16 -------------------------------------------------------------

Real              Virtual           Name
            9278              9278  LABEL_BEGIN
            9283              9283  keystatus
            9283              9283  ComputeMemory
            928C              928C  ComputeMemory.loop
            92B2              92B2  LABEL_MEM_CHK_FAIL
            92BB              92BB  LABEL_MEM_CHK_OK
            934A              934A  init8259A
            938D              938D  io_delay

---- Section .s32 -------------------------------------------------------------

Real              Virtual           Name
            9394              9394  LABEL_SEG_CODE32
            93AC              93AC  CMain
            970F              970F  ?_001
            9727              9727  ?_002
            97C9              97C9  ?_003
            9811              9811  ?_004
            98BA              98BA  ?_005
            98EA              98EA  ?_006
            9926              9926  ?_007
            9930              9930  ?_008
            9993              9993  ?_009
            99DC              99DC  ?_010
            9A31              9A31  ?_011
            9AEB              9AEB  ?_012
            9B4F              9B4F  ?_013
            9B86              9B86  ?_014
            9BDE              9BDE  ?_015
            9BFA              9BFA  ?_016
            9C39              9C39  ?_017
            9C5D              9C5D  set_cursor
            9CC2              9CC2  isSpecialKey
            9D25              9D25  ?_018
            9D2C              9D2C  ?_019
            9D31              9D31  ?_020
            9D33              9D33  transferScanCode
            9D50              9D50  ?_021
            9D67              9D67  ?_022
            9D81              9D81  ?_023
            9D9B              9D9B  ?_024
            9DBE              9DBE  ?_025
            9DC8              9DC8  ?_026
            9E0A              9E0A  ?_027
            9E11              9E11  ?_028
            9E77              9E77  ?_029
            9EAF              9EAF  ?_030
            9EB5              9EB5  ?_031
            9EB6              9EB6  ?_032
            9EB9              9EB9  ?_033
            9EBB              9EBB  launch_console
            A034              A034  kill_process
            A08B              A08B  cmd_dir
            A0C4              A0C4  ?_034
            A0CD              A0CD  ?_035
            A0F6              A0F6  ?_036
            A102              A102  ?_037
            A103              A103  ?_038
            A121              A121  ?_039
            A13E              A13E  ?_040
            A1E9              A1E9  ?_041
            A210              A210  cmd_type
            A256              A256  ?_042
            A282              A282  ?_043
            A28E              A28E  ?_044
            A28F              A28F  ?_045
            A2A6              A2A6  ?_046
            A2B3              A2B3  ?_047
            A2DE              A2DE  ?_048
            A2EA              A2EA  ?_049
            A2EB              A2EB  ?_050
            A309              A309  ?_051
            A328              A328  ?_052
            A38D              A38D  ?_053
            A3A9              A3A9  ?_054
            A442              A442  ?_055
            A487              A487  ?_056
            A525              A525  ?_057
            A528              A528  ?_058
            A536              A536  ?_059
            A53A              A53A  ?_060
            A547              A547  ?_061
            A59B              A59B  cmd_mem
            A5B9              A5B9  ?_062
            A67E              A67E  cmd_cls
            A6A3              A6A3  ?_063
            A6AC              A6AC  ?_064
            A6D6              A6D6  ?_065
            A6E6              A6E6  ?_066
            A752              A752  cmd_hlt
            A7CC              A7CC  ?_067
            A8E5              A8E5  console_task
            A9F4              A9F4  ?_068
            AA25              AA25  ?_069
            AA78              AA78  ?_070
            AA96              AA96  ?_071
            AAAB              AAAB  ?_072
            AAE8              AAE8  ?_073
            AB71              AB71  ?_074
            ABB9              ABB9  ?_075
            AC17              AC17  ?_076
            AC3D              AC3D  ?_077
            AC60              AC60  ?_078
            AC83              AC83  ?_079
            ACCC              ACCC  ?_080
            ACDE              ACDE  ?_081
            AD68              AD68  ?_082
            ADAB              ADAB  ?_083
            ADCF              ADCF  ?_084
            ADEF              ADEF  ?_085
            AE2B              AE2B  ?_086
            AE35              AE35  cons_putstr
            AE3D              AE3D  ?_087
            AE56              AE56  ?_088
            AE66              AE66  api_linewin
            AE9D              AE9D  ?_089
            AEAA              AEAA  ?_090
            AECE              AECE  ?_091
            AED5              AED5  ?_092
            AEF4              AEF4  ?_093
            AF07              AF07  ?_094
            AF23              AF23  ?_095
            AF2A              AF2A  ?_096
            AF49              AF49  ?_097
            AF5A              AF5A  ?_098
            AF63              AF63  ?_099
            AF97              AF97  ?_100
            AFA2              AFA2  handle_keyboard
            AFA8              AFA8  ?_101
            AFF1              AFF1  ?_102
            B03E              B03E  ?_103
            B082              B082  ?_104
            B09E              B09E  ?_105
            B0B0              B0B0  ?_106
            B0B6              B0B6  ?_107
            B0B8              B0B8  kernel_api
            B0FA              B0FA  ?_108
            B125              B125  ?_109
            B144              B144  ?_110
            B236              B236  ?_111
            B2B0              B2B0  ?_112
            B31A              B31A  ?_113
            B34C              B34C  ?_114
            B382              B382  ?_115
            B3B5              B3B5  ?_116
            B3D9              B3D9  ?_117
            B3FA              B3FA  ?_118
            B413              B413  ?_119
            B43C              B43C  ?_120
            B45D              B45D  ?_121
            B476              B476  ?_122
            B47B              B47B  ?_123
            B480              B480  cons_putchar
            B53B              B53B  cons_newline
            B558              B558  ?_124
            B561              B561  ?_125
            B56A              B56A  ?_126
            B5A5              B5A5  ?_127
            B5B5              B5B5  ?_128
            B5CB              B5CB  ?_129
            B5D4              B5D4  ?_130
            B5F2              B5F2  ?_131
            B602              B602  ?_132
            B631              B631  ?_133
            B659              B659  init_screen8
            B8A1              B8A1  computeMousePosition
            B8DF              B8DF  ?_134
            B8F6              B8F6  ?_135
            B914              B914  ?_136
            B932              B932  ?_137
            B935              B935  showString
            B951              B951  ?_138
            B98D              B98D  ?_139
            B9C1              B9C1  show_mouse_info
            BA6C              BA6C  ?_140
            BB64              BB64  ?_141
            BBE3              BBE3  ?_142
            BBE6              BBE6  ?_143
            BBF2              BBF2  ?_144
            BC5A              BC5A  ?_145
            BC66              BC66  ?_146
            BC67              BC67  ?_147
            BC6A              BC6A  initBootInfo
            BC8B              BC8B  init_palette
            BCB5              BCB5  ?_148
            BCC1              BCC1  ?_149
            BCCD              BCCD  ?_150
            BDAF              BDAF  ?_151
            BDBC              BDBC  ?_152
            BDC9              BDC9  ?_153
            BDF2              BDF2  set_palette
            BE20              BE20  ?_154
            BE7F              BE7F  ?_155
            BE9C              BE9C  boxfill8
            BEB0              BEB0  ?_156
            BEB8              BEB8  ?_157
            BED5              BED5  ?_158
            BEE4              BEE4  ?_159
            BEF4              BEF4  showFont8
            BF0C              BF0C  ?_160
            BF42              BF42  ?_161
            BF71              BF71  ?_162
            BFA0              BFA0  ?_163
            BFCF              BFCF  ?_164
            BFFE              BFFE  ?_165
            C02D              C02D  ?_166
            C05C              C05C  ?_167
            C08B              C08B  ?_168
            C08E              C08E  ?_169
            C09C              C09C  init_mouse_cursor
            C0B4              C0B4  ?_170
            C0C0              C0C0  ?_171
            C0F3              C0F3  ?_172
            C126              C126  ?_173
            C15B              C15B  ?_174
            C15E              C15E  ?_175
            C16B              C16B  ?_176
            C179              C179  putblock
            C189              C189  ?_177
            C192              C192  ?_178
            C1CB              C1CB  ?_179
            C1D6              C1D6  ?_180
            C1E6              C1E6  intHandlerFromC
            C242              C242  charToHexVal
            C260              C260  ?_181
            C266              C266  ?_182
            C268              C268  charToHexStr
            C2BA              C2BA  intToHexStr
            C2DE              C2DE  ?_183
            C2EC              C2EC  ?_184
            C2FF              C2FF  ?_185
            C32F              C32F  ?_186
            C341              C341  ?_187
            C344              C344  ?_188
            C358              C358  ?_189
            C35F              C35F  wait_KBC_sendready
            C365              C365  ?_190
            C37F              C37F  ?_191
            C383              C383  init_keyboard
            C3B4              C3B4  enable_mouse
            C3F2              C3F2  intHandlerForMouse
            C441              C441  mouse_decode
            C46C              C46C  ?_192
            C476              C476  ?_193
            C4A5              C4A5  ?_194
            C4AF              C4AF  ?_195
            C4D7              C4D7  ?_196
            C54C              C54C  ?_197
            C572              C572  ?_198
            C589              C589  ?_199
            C58E              C58E  ?_200
            C590              C590  showMemoryInfo
            C73C              C73C  message_box
            C7E4              C7E4  make_window8
            C98C              C98C  make_wtitle8
            C9AD              C9AD  ?_201
            C9B5              C9B5  ?_202
            CA0A              CA0A  ?_203
            CA13              CA13  ?_204
            CA3A              CA3A  ?_205
            CA4A              CA4A  ?_206
            CA5A              CA5A  ?_207
            CA5E              CA5E  ?_208
            CA8C              CA8C  ?_209
            CA99              CA99  ?_210
            CAAA              CAAA  make_textbox8
            CC8E              CC8E  file_loadfile
            CCBF              CCBF  ?_211
            CCC8              CCC8  ?_212
            CCF1              CCF1  ?_213
            CCFD              CCFD  ?_214
            CCFE              CCFE  ?_215
            CD1C              CD1C  ?_216
            CD39              CD39  ?_217
            CDBA              CDBA  ?_218
            CDD3              CDD3  ?_219
            CDDD              CDDD  ?_220
            CDE1              CDE1  ?_221
            CDEE              CDEE  ?_222
            CE08              CE08  intHandlerForStackOverFlow
            CEE6              CEE6  intHandlerForException
            CF6D              CF6D  memman_init
            CF9A              CF9A  memman_total
            CFB0              CFB0  ?_223
            CFC3              CFC3  ?_224
            CFD6              CFD6  memman_alloc
            CFE9              CFE9  ?_225
            D06F              D06F  ?_226
            D096              D096  ?_227
            D0A4              D0A4  ?_228
            D0A9              D0A9  ?_229
            D0AC              D0AC  ?_230
            D0BF              D0BF  ?_231
            D0C5              D0C5  memman_free
            D0D5              D0D5  ?_232
            D0ED              D0ED  ?_233
            D0F9              D0F9  ?_234
            D0FA              D0FA  ?_235
            D1BE              D1BE  ?_236
            D1E5              D1E5  ?_237
            D1EF              D1EF  ?_238
            D1F9              D1F9  ?_239
            D25D              D25D  ?_240
            D277              D277  ?_241
            D29E              D29E  ?_242
            D2D5              D2D5  ?_243
            D2FB              D2FB  ?_244
            D324              D324  ?_245
            D32A              D32A  memman_alloc_4k
            D356              D356  memman_free_4k
            D385              D385  shtctl_init
            D3B5              D3B5  ?_246
            D3FF              D3FF  ?_247
            D42C              D42C  ?_248
            D469              D469  ?_249
            D479              D479  ?_250
            D47B              D47B  sheet_alloc
            D48A              D48A  ?_251
            D4ED              D4ED  ?_252
            D4F0              D4F0  ?_253
            D502              D502  ?_254
            D504              D504  sheet_setbuf
            D52D              D52D  sheet_updown
            D558              D558  ?_255
            D569              D569  ?_256
            D590              D590  ?_257
            D5C3              D5C3  ?_258
            D66D              D66D  ?_259
            D684              D684  ?_260
            D6B7              D6B7  ?_261
            D6C2              D6C2  ?_262
            D759              D759  ?_263
            D777              D777  ?_264
            D7AA              D7AA  ?_265
            D7C4              D7C4  ?_266
            D7CF              D7CF  ?_267
            D806              D806  ?_268
            D831              D831  ?_269
            D8B2              D8B2  ?_270
            D8BA              D8BA  sheet_refresh
            D923              D923  ?_271
            D930              D930  sheet_slide
            DA3D              DA3D  ?_272
            DA45              DA45  sheet_refreshsub
            DA6D              DA6D  ?_273
            DA7E              DA7E  ?_274
            DA96              DA96  ?_275
            DAAE              DAAE  ?_276
            DAB9              DAB9  ?_277
            DB5C              DB5C  ?_278
            DB6D              DB6D  ?_279
            DB85              DB85  ?_280
            DB9D              DB9D  ?_281
            DBA9              DBA9  ?_282
            DBC0              DBC0  ?_283
            DC26              DC26  ?_284
            DC29              DC29  ?_285
            DC34              DC34  ?_286
            DC43              DC43  ?_287
            DC53              DC53  sheet_refreshmap
            DC73              DC73  ?_288
            DC84              DC84  ?_289
            DC9C              DC9C  ?_290
            DCB4              DCB4  ?_291
            DCBF              DCBF  ?_292
            DD62              DD62  ?_293
            DD73              DD73  ?_294
            DD8B              DD8B  ?_295
            DDA3              DDA3  ?_296
            DDAB              DDAB  ?_297
            DDC1              DDC1  ?_298
            DE17              DE17  ?_299
            DE1A              DE1A  ?_300
            DE25              DE25  ?_301
            DE34              DE34  ?_302
            DE46              DE46  sheet_free
            DE6D              DE6D  ?_303
            DE7A              DE7A  init_pit
            DEC3              DEC3  ?_304
            DEE8              DEE8  ?_305
            DEF9              DEF9  timer_alloc
            DF08              DF08  ?_306
            DF3E              DF3E  ?_307
            DF41              DF41  ?_308
            DF53              DF53  ?_309
            DF55              DF55  timer_free
            DF65              DF65  timer_init
            DF86              DF86  timer_settime
            DF9E              DF9E  intHandlerForTimer
            DFCE              DFCE  ?_310
            E070              E070  ?_311
            E07F              E07F  ?_312
            E082              E082  ?_313
            E092              E092  getTimerController
            E09C              E09C  fifo8_init
            E0E3              E0E3  fifo8_put
            E103              E103  ?_314
            E12C              E12C  ?_315
            E16B              E16B  ?_316
            E1B7              E1B7  ?_317
            E1BC              E1BC  ?_318
            E1BE              E1BE  fifo8_get
            E1DF              E1DF  ?_319
            E221              E221  ?_320
            E233              E233  ?_321
            E235              E235  fifo8_status
            E24A              E24A  strcmp
            E264              E264  ?_322
            E26E              E26E  ?_323
            E277              E277  ?_324
            E29D              E29D  ?_325
            E2A0              E2A0  ?_326
            E2C4              E2C4  ?_327
            E2EF              E2EF  ?_328
            E31A              E31A  ?_329
            E31F              E31F  ?_330
            E321              E321  set_segmdesc
            E33D              E33D  ?_331
            E398              E398  get_taskctl
            E3A2              E3A2  init_task_level
            E3EB              E3EB  ?_332
            E410              E410  ?_333
            E41E              E41E  task_init
            E451              E451  ?_334
            E4EB              E4EB  ?_335
            E4FE              E4FE  ?_336
            E50F              E50F  ?_337
            E58F              E58F  task_alloc
            E5A1              E5A1  ?_338
            E6B0              E6B0  ?_339
            E6B3              E6B3  ?_340
            E6C2              E6C2  ?_341
            E6C4              E6C4  task_run
            E6DD              E6DD  ?_342
            E6F0              E6F0  ?_343
            E71C              E71C  ?_344
            E742              E742  ?_345
            E751              E751  task_switch
            E7B1              E7B1  ?_346
            E7E4              E7E4  ?_347
            E838              E838  ?_348
            E83B              E83B  task_sleep
            E8B8              E8B8  ?_349
            E8BD              E8BD  task_now
            E8F0              E8F0  task_add
            E93C              E93C  task_remove
            E968              E968  ?_350
            E98B              E98B  ?_351
            E98E              E98E  ?_352
            E998              E998  ?_353
            E9C3              E9C3  ?_354
            E9DC              E9DC  ?_355
            E9E8              E9E8  ?_356
            EA02              EA02  ?_357
            EA0F              EA0F  task_switchsub
            EA1E              EA1E  ?_358
            EA42              EA42  ?_359
            EA4E              EA4E  ?_360
            EA4F              EA4F  ?_361
            EA68              EA68  send_message
            EA98              EA98  ?_362
            EAA0              EAA0  ?_363
            EAAD              EAAD  ?_364
            EAB4              EAB4  ?_365
            EABC              EABC  ?_366
            EABE              EABE  ?_367
            EAC4              EAC4  ?_368
            EAC8              EAC8  ?_369
            EACA              EACA  ?_370
            EAD2              EAD2  ?_371
            EAD8              EAD8  ?_372
            EADC              EADC  ?_373
            EAE0              EAE0  ?_374
            EAE4              EAE4  ?_375
            EAE8              EAE8  ?_376
            EAF1              EAF1  ?_377
            EAFB              EAFB  ?_378
            EB07              EB07  ?_379
            EB13              EB13  ?_380
            EB1F              EB1F  ?_381
            EB26              EB26  ?_382
            EB36              EB36  ?_383
            EB3D              EB3D  ?_384
            EB45              EB45  ?_385
            EB61              EB61  memman
            EB81              EB81  keytable
            EBE1              EBE1  keytable1
            EC71              EC71  keyval
            EC73              EC73  ?_386
            EC74              EC74  ?_387
            EC79              EC79  mmx
            EC7D              EC7D  mmy
            EC81              EC81  KEY_CONTROL
            ECA1              ECA1  table_rgb.2195
            ECE1              ECE1  cursor.2255
            EDE1              EDE1  closebtn.2374
            EEC1              EEC1  g_hlt
            EEC5              EEC5  key_shift
            EEC9              EEC9  caps_lock
            EECD              EECD  current_console
            EED1              EED1  bootInfo
            EED5              EED5  ?_388
            EED7              EED7  ?_389
            EED9              EED9  keyinfo
            EEF1              EEF1  ?_390
            EEF5              EEF5  mouseinfo
            EF21              EF21  keybuf
            EF41              EF41  mousebuf
            EFC1              EFC1  mdec
            EFCD              EFCD  ?_391
            EFD1              EFD1  timerinfo
            EFED              EFED  timerbuf
            EFF5              EFF5  mx
            EFF9              EFF9  my
            EFFD              EFFD  xsize
            F001              F001  ysize
            F005              F005  buf_back
            F021              F021  buf_mouse
            F121              F121  shtMsgBox
            F125              F125  shtctl
            F129              F129  sht_back
            F12D              F12D  sht_mouse
            F131              F131  mouse_clicked_sht
            F135              F135  task_cons
            F13D              F13D  task_main
            F141              F141  task_a.1935
            F161              F161  tss_a.1934
            F1E1              F1E1  tss_b.1933
            F249              F249  task_b.1923
            F255              F255  str.2303
            F256              F256  ?_392
            F25F              F25F  ?_393
            F261              F261  timerctl
            F265              F265  ?_394
            F269              F269  ?_395
            F26D              F26D  ?_396
            F271              F271  ?_397
           111A5             111A5  task_timer
           111A9             111A9  taskctl
           111AF             111AF  _SpuriousHandler
           111B0             111B0  _KeyBoardHandler
           111CE             111CE  _mouseHandler
           111EC             111EC  _timerHandler
           11206             11206  _stackOverFlowHandler
           1121F             1121F  _exceptionHandler
           11238             11238  get_font_data
           11251             11251  io_hlt
           11253             11253  io_cli
           11255             11255  io_sti
           11257             11257  io_stihlt
           1125A             1125A  io_in8
           11265             11265  io_in16
           11271             11271  io_in32
           11277             11277  io_out8
           11281             11281  io_out16
           1128C             1128C  io_out32
           11296             11296  io_load_eflags
           11299             11299  io_store_eflags
           112A0             112A0  get_memory_block_count
           112A6             112A6  get_leds
           112AC             112AC  get_adr_buffer
           112B2             112B2  get_addr_gdt
           112B8             112B8  get_code32_addr
           112BE             112BE  load_tr
           112C4             112C4  farjmp
           112CF             112CF  asm_cons_putchar
           112ED             112ED  end_app
           112F1             112F1  get_esp
           112F4             112F4  get_ss
           112F9             112F9  start_app
           11322             11322  asm_end_app

---- Section .data ------------------------------------------------------------

Real              Virtual           Name
           11340             11340  MemChkBuf
           11440             11440  dwMCRNumber
           11444             11444  LEDS

