
- NASM Map file ---------------------------------------------------------------

Source file:  kernel.asm
Output file:  kernel.bat

-- Symbols --------------------------------------------------------------------

---- No Section ---------------------------------------------------------------

Value     Name
00004000  DA_32
00000098  DA_C
0000009A  DA_CR
00000092  DA_DRW
00000093  DA_DRWA
0000008E  DA_386IGate
00008000  DA_LIMIT_4K
00000089  DA_386TSS
000A0000  VRAM_ADDRESS
00001000  SystemFontLength
00000148  GdtLen
00000008  SelectorCode32
00000010  SelectorVideo
00000020  SelectorStack
00000018  SelectorVram
00000028  SelectorFont
00000170  IdtLen
0000885D  SpuriousHandler
0000885E  KeyBoardHandler
0000887C  mouseHandler
0000889A  timerHandler
000088B4  stackOverFlowHandler
000088CD  exceptionHandler
0000897D  AsmConsPutCharHandler
000089E7  SegCode32Len


---- Section .text ------------------------------------------------------------

Real              Virtual           Name
            8003              8003  LABEL_SYSTEM_FONT
            8003              8003  systemFont

---- Section .gdt -------------------------------------------------------------

Real              Virtual           Name
            9004              9004  LABEL_GDT
            900C              900C  LABEL_DESC_CODE32
            9014              9014  LABEL_DESC_VIDEO
            901C              901C  LABEL_DESC_VRAM
            9024              9024  LABEL_DESC_STACK
            902C              902C  LABEL_DESC_FONT
            9034              9034  LABEL_DESC_6
            903C              903C  LABEL_DESC_7
            9044              9044  LABEL_DESC_8
            904C              904C  LABEL_DESC_9
            9054              9054  LABEL_DESC_10
            914C              914C  GdtPtr
            9152              9152  LABEL_IDT
            91B2              91B2  LABEL_IDT.0Ch
            91BA              91BA  LABEL_IDT.0Dh
            9252              9252  LABEL_IDT.020h
            925A              925A  LABEL_IDT.021h
            92B2              92B2  LABEL_IDT.2CH
            92BA              92BA  LABEL_IDT.2DH
            92C2              92C2  IdtPtr

---- Section .s16 -------------------------------------------------------------

Real              Virtual           Name
            92C8              92C8  LABEL_BEGIN
            92D3              92D3  keystatus
            92D3              92D3  ComputeMemory
            92DC              92DC  ComputeMemory.loop
            9302              9302  LABEL_MEM_CHK_FAIL
            930B              930B  LABEL_MEM_CHK_OK
            939A              939A  init8259A
            93DD              93DD  io_delay

---- Section .s32 -------------------------------------------------------------

Real              Virtual           Name
            93E4              93E4  LABEL_SEG_CODE32
            93FC              93FC  CMain
            97CD              97CD  ?_001
            9815              9815  ?_002
            98AC              98AC  ?_003
            98DC              98DC  ?_004
            991A              991A  ?_005
            9956              9956  ?_006
            9960              9960  ?_007
            99AA              99AA  ?_008
            99CB              99CB  ?_009
            9A1C              9A1C  ?_010
            9A82              9A82  ?_011
            9B3C              9B3C  ?_012
            9BA6              9BA6  ?_013
            9BDD              9BDD  ?_014
            9C35              9C35  ?_015
            9C51              9C51  ?_016
            9C90              9C90  ?_017
            9CAF              9CAF  ?_018
            9CB4              9CB4  set_cursor
            9D1D              9D1D  ?_019
            9D1E              9D1E  ?_020
            9D25              9D25  isSpecialKey
            9D88              9D88  ?_021
            9D8F              9D8F  ?_022
            9D94              9D94  ?_023
            9D96              9D96  transferScanCode
            9DB3              9DB3  ?_024
            9DCA              9DCA  ?_025
            9DE4              9DE4  ?_026
            9DFE              9DFE  ?_027
            9E21              9E21  ?_028
            9E2B              9E2B  ?_029
            9E6D              9E6D  ?_030
            9E74              9E74  ?_031
            9EDA              9EDA  ?_032
            9F12              9F12  ?_033
            9F18              9F18  ?_034
            9F19              9F19  ?_035
            9F1C              9F1C  ?_036
            9F1E              9F1E  launch_console
            9F9D              9F9D  ?_037
            9FB5              9FB5  ?_038
            A083              A083  ?_039
            A186              A186  ?_040
            A1A3              A1A3  ?_041
            A1DF              A1DF  ?_042
            A1E7              A1E7  kill_process
            A23E              A23E  cmd_dir
            A277              A277  ?_043
            A280              A280  ?_044
            A2A9              A2A9  ?_045
            A2B5              A2B5  ?_046
            A2B6              A2B6  ?_047
            A2D4              A2D4  ?_048
            A2F1              A2F1  ?_049
            A39C              A39C  ?_050
            A3C3              A3C3  cmd_type
            A41A              A41A  ?_051
            A446              A446  ?_052
            A452              A452  ?_053
            A453              A453  ?_054
            A46A              A46A  ?_055
            A477              A477  ?_056
            A4A2              A4A2  ?_057
            A4AE              A4AE  ?_058
            A4AF              A4AF  ?_059
            A4CD              A4CD  ?_060
            A4EC              A4EC  ?_061
            A551              A551  ?_062
            A56D              A56D  ?_063
            A606              A606  ?_064
            A64B              A64B  ?_065
            A6E9              A6E9  ?_066
            A6EC              A6EC  ?_067
            A6FA              A6FA  ?_068
            A6FE              A6FE  ?_069
            A70B              A70B  ?_070
            A759              A759  ?_071
            A75A              A75A  ?_072
            A761              A761  cmd_mem
            A790              A790  ?_073
            A854              A854  ?_074
            A855              A855  ?_075
            A857              A857  cmd_cls
            A88D              A88D  ?_076
            A896              A896  ?_077
            A8C0              A8C0  ?_078
            A8D0              A8D0  ?_079
            A93B              A93B  ?_080
            A93C              A93C  ?_081
            A93E              A93E  cmd_execute_program
            A9A6              A9A6  ?_082
            A9C8              A9C8  ?_083
            AA7D              AA7D  ?_084
            AB05              AB05  ?_085
            AB08              AB08  ?_086
            AB7D              AB7D  cmd_start
            ABEF              ABEF  ?_087
            AC12              AC12  ?_088
            AC44              AC44  cmd_ncst
            AC88              AC88  ?_089
            ACAB              ACAB  ?_090
            ACDD              ACDD  console_task
            ADCC              ADCC  ?_091
            ADFD              ADFD  ?_092
            AE50              AE50  ?_093
            AE6E              AE6E  ?_094
            AE83              AE83  ?_095
            AEC0              AEC0  ?_096
            AF23              AF23  ?_097
            AF6B              AF6B  ?_098
            AF8D              AF8D  ?_099
            AFE8              AFE8  ?_100
            B00E              B00E  ?_101
            B03F              B03F  ?_102
            B065              B065  ?_103
            B094              B094  ?_104
            B0E2              B0E2  ?_105
            B10F              B10F  ?_106
            B13C              B13C  ?_107
            B168              B168  ?_108
            B17A              B17A  ?_109
            B204              B204  ?_110
            B247              B247  ?_111
            B26B              B26B  ?_112
            B28D              B28D  ?_113
            B2AE              B2AE  ?_114
            B2C9              B2C9  ?_115
            B316              B316  ?_116
            B320              B320  cons_putstr
            B328              B328  ?_117
            B341              B341  ?_118
            B351              B351  api_linewin
            B388              B388  ?_119
            B395              B395  ?_120
            B3B9              B3B9  ?_121
            B3C0              B3C0  ?_122
            B3DF              B3DF  ?_123
            B3F2              B3F2  ?_124
            B40E              B40E  ?_125
            B415              B415  ?_126
            B434              B434  ?_127
            B445              B445  ?_128
            B44E              B44E  ?_129
            B482              B482  ?_130
            B48D              B48D  handle_keyboard
            B493              B493  ?_131
            B4DC              B4DC  ?_132
            B529              B529  ?_133
            B56D              B56D  ?_134
            B589              B589  ?_135
            B59B              B59B  ?_136
            B5A1              B5A1  ?_137
            B5A3              B5A3  close_constask
            B62E              B62E  close_console
            B698              B698  ?_138
            B6A9              B6A9  cmd_exit
            B6D1              B6D1  kernel_api
            B721              B721  ?_139
            B74C              B74C  ?_140
            B76B              B76B  ?_141
            B87B              B87B  ?_142
            B8F5              B8F5  ?_143
            B95F              B95F  ?_144
            B991              B991  ?_145
            B9C7              B9C7  ?_146
            B9FA              B9FA  ?_147
            BA3B              BA3B  ?_148
            BA5F              BA5F  ?_149
            BA7B              BA7B  ?_150
            BAA7              BAA7  ?_151
            BACB              BACB  ?_152
            BAE9              BAE9  ?_153
            BAFC              BAFC  ?_154
            BB20              BB20  ?_155
            BB2C              BB2C  ?_156
            BB2D              BB2D  ?_157
            BBBF              BBBF  ?_158
            BBFF              BBFF  ?_159
            BC24              BC24  ?_160
            BC41              BC41  ?_161
            BC5C              BC5C  ?_162
            BC74              BC74  ?_163
            BC99              BC99  ?_164
            BCC6              BCC6  ?_165
            BCE3              BCE3  ?_166
            BD07              BD07  ?_167
            BD20              BD20  ?_168
            BD6E              BD6E  ?_169
            BD78              BD78  ?_170
            BD79              BD79  ?_171
            BD84              BD84  ?_172
            BD89              BD89  ?_173
            BD8E              BD8E  cons_putchar
            BE49              BE49  cons_newline
            BE70              BE70  ?_174
            BE79              BE79  ?_175
            BE82              BE82  ?_176
            BEBD              BEBD  ?_177
            BECD              BECD  ?_178
            BEE3              BEE3  ?_179
            BEEC              BEEC  ?_180
            BF0A              BF0A  ?_181
            BF1A              BF1A  ?_182
            BF49              BF49  ?_183
            BF6E              BF6E  ?_184
            BF70              BF70  ?_185
            BF75              BF75  init_screen8
            C1BD              C1BD  computeMousePosition
            C1FB              C1FB  ?_186
            C212              C212  ?_187
            C230              C230  ?_188
            C24E              C24E  ?_189
            C251              C251  showString
            C281              C281  ?_190
            C2BD              C2BD  ?_191
            C2ED              C2ED  ?_192
            C2EE              C2EE  ?_193
            C2F3              C2F3  show_mouse_info
            C39E              C39E  ?_194
            C48E              C48E  ?_195
            C4C8              C4C8  ?_196
            C51C              C51C  ?_197
            C581              C581  ?_198
            C600              C600  ?_199
            C603              C603  ?_200
            C60F              C60F  ?_201
            C677              C677  ?_202
            C683              C683  ?_203
            C684              C684  ?_204
            C687              C687  initBootInfo
            C6A8              C6A8  init_palette
            C6D2              C6D2  ?_205
            C6DE              C6DE  ?_206
            C6EA              C6EA  ?_207
            C7CC              C7CC  ?_208
            C7D9              C7D9  ?_209
            C7E6              C7E6  ?_210
            C80F              C80F  set_palette
            C83D              C83D  ?_211
            C89C              C89C  ?_212
            C8B9              C8B9  boxfill8
            C8CD              C8CD  ?_213
            C8D5              C8D5  ?_214
            C8F2              C8F2  ?_215
            C901              C901  ?_216
            C911              C911  showFont8
            C929              C929  ?_217
            C95F              C95F  ?_218
            C98E              C98E  ?_219
            C9BD              C9BD  ?_220
            C9EC              C9EC  ?_221
            CA1B              CA1B  ?_222
            CA4A              CA4A  ?_223
            CA79              CA79  ?_224
            CAA8              CAA8  ?_225
            CAAB              CAAB  ?_226
            CAB9              CAB9  init_mouse_cursor
            CAD1              CAD1  ?_227
            CADD              CADD  ?_228
            CB10              CB10  ?_229
            CB43              CB43  ?_230
            CB78              CB78  ?_231
            CB7B              CB7B  ?_232
            CB88              CB88  ?_233
            CB96              CB96  putblock
            CBA6              CBA6  ?_234
            CBAF              CBAF  ?_235
            CBE8              CBE8  ?_236
            CBF3              CBF3  ?_237
            CC03              CC03  intHandlerFromC
            CC5F              CC5F  charToHexVal
            CC7D              CC7D  ?_238
            CC83              CC83  ?_239
            CC85              CC85  charToHexStr
            CCD7              CCD7  intToHexStr
            CCFB              CCFB  ?_240
            CD09              CD09  ?_241
            CD1C              CD1C  ?_242
            CD4C              CD4C  ?_243
            CD5E              CD5E  ?_244
            CD61              CD61  ?_245
            CD75              CD75  ?_246
            CD7C              CD7C  wait_KBC_sendready
            CD82              CD82  ?_247
            CD9C              CD9C  ?_248
            CDA0              CDA0  init_keyboard
            CDD1              CDD1  enable_mouse
            CE0F              CE0F  intHandlerForMouse
            CE5E              CE5E  mouse_decode
            CE89              CE89  ?_249
            CE93              CE93  ?_250
            CEC2              CEC2  ?_251
            CECC              CECC  ?_252
            CEF4              CEF4  ?_253
            CF69              CF69  ?_254
            CF8F              CF8F  ?_255
            CFA6              CFA6  ?_256
            CFAB              CFAB  ?_257
            CFAD              CFAD  showMemoryInfo
            D159              D159  message_box
            D201              D201  make_window8
            D3A9              D3A9  make_wtitle8
            D3CA              D3CA  ?_258
            D3D2              D3D2  ?_259
            D427              D427  ?_260
            D430              D430  ?_261
            D457              D457  ?_262
            D467              D467  ?_263
            D477              D477  ?_264
            D47B              D47B  ?_265
            D4A9              D4A9  ?_266
            D4B6              D4B6  ?_267
            D4C7              D4C7  make_textbox8
            D6AB              D6AB  file_loadfile
            D6D3              D6D3  ?_268
            D6DC              D6DC  ?_269
            D6EA              D6EA  ?_270
            D6FD              D6FD  ?_271
            D726              D726  ?_272
            D732              D732  ?_273
            D733              D733  ?_274
            D751              D751  ?_275
            D76E              D76E  ?_276
            D7EF              D7EF  ?_277
            D808              D808  ?_278
            D812              D812  ?_279
            D816              D816  ?_280
            D823              D823  ?_281
            D83D              D83D  intHandlerForStackOverFlow
            D91B              D91B  intHandlerForException
            D9A2              D9A2  memman_init
            D9CF              D9CF  memman_total
            D9E5              D9E5  ?_282
            D9F8              D9F8  ?_283
            DA0B              DA0B  memman_alloc
            DA1E              DA1E  ?_284
            DAA4              DAA4  ?_285
            DACB              DACB  ?_286
            DAD9              DAD9  ?_287
            DADE              DADE  ?_288
            DAE1              DAE1  ?_289
            DAF4              DAF4  ?_290
            DAFA              DAFA  memman_free
            DB0A              DB0A  ?_291
            DB22              DB22  ?_292
            DB2E              DB2E  ?_293
            DB2F              DB2F  ?_294
            DBF3              DBF3  ?_295
            DC1A              DC1A  ?_296
            DC24              DC24  ?_297
            DC2E              DC2E  ?_298
            DC92              DC92  ?_299
            DCAC              DCAC  ?_300
            DCD3              DCD3  ?_301
            DD0A              DD0A  ?_302
            DD30              DD30  ?_303
            DD59              DD59  ?_304
            DD5F              DD5F  memman_alloc_4k
            DD8B              DD8B  memman_free_4k
            DDBA              DDBA  shtctl_init
            DDEA              DDEA  ?_305
            DE34              DE34  ?_306
            DE61              DE61  ?_307
            DE9E              DE9E  ?_308
            DEAE              DEAE  ?_309
            DEB0              DEB0  sheet_alloc
            DEBF              DEBF  ?_310
            DF22              DF22  ?_311
            DF25              DF25  ?_312
            DF37              DF37  ?_313
            DF39              DF39  sheet_setbuf
            DF62              DF62  sheet_updown
            DF8D              DF8D  ?_314
            DF9E              DF9E  ?_315
            DFC5              DFC5  ?_316
            DFF8              DFF8  ?_317
            E0A2              E0A2  ?_318
            E0B9              E0B9  ?_319
            E0EC              E0EC  ?_320
            E0F7              E0F7  ?_321
            E18E              E18E  ?_322
            E1AC              E1AC  ?_323
            E1DF              E1DF  ?_324
            E1F9              E1F9  ?_325
            E204              E204  ?_326
            E23B              E23B  ?_327
            E266              E266  ?_328
            E2E7              E2E7  ?_329
            E2EF              E2EF  sheet_refresh
            E358              E358  ?_330
            E365              E365  sheet_slide
            E472              E472  ?_331
            E47A              E47A  sheet_refreshsub
            E4A2              E4A2  ?_332
            E4B3              E4B3  ?_333
            E4CB              E4CB  ?_334
            E4E3              E4E3  ?_335
            E4EE              E4EE  ?_336
            E591              E591  ?_337
            E5A2              E5A2  ?_338
            E5BA              E5BA  ?_339
            E5D2              E5D2  ?_340
            E5DE              E5DE  ?_341
            E5F5              E5F5  ?_342
            E65B              E65B  ?_343
            E65E              E65E  ?_344
            E669              E669  ?_345
            E678              E678  ?_346
            E688              E688  sheet_refreshmap
            E6A8              E6A8  ?_347
            E6B9              E6B9  ?_348
            E6D1              E6D1  ?_349
            E6E9              E6E9  ?_350
            E6F4              E6F4  ?_351
            E797              E797  ?_352
            E7A8              E7A8  ?_353
            E7C0              E7C0  ?_354
            E7D8              E7D8  ?_355
            E7E0              E7E0  ?_356
            E7F6              E7F6  ?_357
            E84C              E84C  ?_358
            E84F              E84F  ?_359
            E85A              E85A  ?_360
            E869              E869  ?_361
            E87B              E87B  sheet_free
            E8A2              E8A2  ?_362
            E8AF              E8AF  init_pit
            E8F8              E8F8  ?_363
            E91D              E91D  ?_364
            E92E              E92E  timer_alloc
            E93D              E93D  ?_365
            E973              E973  ?_366
            E976              E976  ?_367
            E988              E988  ?_368
            E98A              E98A  timer_free
            E99A              E99A  timer_init
            E9BB              E9BB  timer_settime
            E9D3              E9D3  intHandlerForTimer
            EA03              EA03  ?_369
            EAA5              EAA5  ?_370
            EAB4              EAB4  ?_371
            EAB7              EAB7  ?_372
            EAC7              EAC7  getTimerController
            EAD1              EAD1  fifo8_init
            EB18              EB18  fifo8_put
            EB38              EB38  ?_373
            EB61              EB61  ?_374
            EBA0              EBA0  ?_375
            EBEC              EBEC  ?_376
            EBF1              EBF1  ?_377
            EBF3              EBF3  fifo8_get
            EC14              EC14  ?_378
            EC56              EC56  ?_379
            EC68              EC68  ?_380
            EC6A              EC6A  fifo8_status
            EC7F              EC7F  strcmp
            EC99              EC99  ?_381
            ECA3              ECA3  ?_382
            ECAC              ECAC  ?_383
            ECD2              ECD2  ?_384
            ECD5              ECD5  ?_385
            ECF9              ECF9  ?_386
            ED24              ED24  ?_387
            ED4F              ED4F  ?_388
            ED54              ED54  ?_389
            ED56              ED56  set_segmdesc
            ED72              ED72  ?_390
            EDCD              EDCD  get_taskctl
            EDD7              EDD7  init_task_level
            EE20              EE20  ?_391
            EE45              EE45  ?_392
            EE53              EE53  task_init
            EE86              EE86  ?_393
            EF93              EF93  ?_394
            EFA6              EFA6  ?_395
            EFB7              EFB7  ?_396
            F037              F037  task_alloc
            F049              F049  ?_397
            F14B              F14B  ?_398
            F14E              F14E  ?_399
            F15D              F15D  ?_400
            F15F              F15F  task_run
            F178              F178  ?_401
            F18B              F18B  ?_402
            F1B7              F1B7  ?_403
            F1DD              F1DD  ?_404
            F1EC              F1EC  task_switch
            F24C              F24C  ?_405
            F27F              F27F  ?_406
            F2D3              F2D3  ?_407
            F2D6              F2D6  task_sleep
            F353              F353  ?_408
            F358              F358  task_now
            F38B              F38B  task_add
            F3D7              F3D7  task_remove
            F403              F403  ?_409
            F426              F426  ?_410
            F429              F429  ?_411
            F433              F433  ?_412
            F45E              F45E  ?_413
            F477              F477  ?_414
            F483              F483  ?_415
            F49D              F49D  ?_416
            F4AA              F4AA  task_switchsub
            F4B9              F4B9  ?_417
            F4DD              F4DD  ?_418
            F4E9              F4E9  ?_419
            F4EA              F4EA  ?_420
            F503              F503  send_message
            F533              F533  ?_421
            F53B              F53B  ?_422
            F542              F542  ?_423
            F54A              F54A  ?_424
            F54C              F54C  ?_425
            F552              F552  ?_426
            F556              F556  ?_427
            F558              F558  ?_428
            F55C              F55C  ?_429
            F560              F560  ?_430
            F564              F564  ?_431
            F56C              F56C  ?_432
            F570              F570  ?_433
            F575              F575  ?_434
            F57B              F57B  ?_435
            F580              F580  ?_436
            F586              F586  ?_437
            F590              F590  ?_438
            F599              F599  ?_439
            F5A3              F5A3  ?_440
            F5AD              F5AD  ?_441
            F5B9              F5B9  ?_442
            F5C5              F5C5  ?_443
            F5D1              F5D1  ?_444
            F5D8              F5D8  ?_445
            F5E8              F5E8  ?_446
            F5EF              F5EF  ?_447
            F5F7              F5F7  ?_448
            F613              F613  memman
            F633              F633  keytable
            F693              F693  keytable1
            F723              F723  keyval
            F725              F725  ?_449
            F726              F726  ?_450
            F72B              F72B  mmx
            F72F              F72F  mmy
            F733              F733  KEY_CONTROL
            F737              F737  show_console_window
            F73B              F73B  console_pos
            F753              F753  table_rgb.2258
            F793              F793  cursor.2318
            F893              F893  closebtn.2437
            F973              F973  key_shift
            F977              F977  caps_lock
            F97B              F97B  first_task_cons_selector
            F97F              F97F  current_console
            F983              F983  console_count
            F987              F987  bootInfo
            F98B              F98B  ?_451
            F98D              F98D  ?_452
            F98F              F98F  keyinfo
            F9A7              F9A7  ?_453
            F9AB              F9AB  mouseinfo
            F9D3              F9D3  keybuf
            F9F3              F9F3  mousebuf
            FA73              FA73  mdec
            FA7F              FA7F  ?_454
            FA83              FA83  timerinfo
            FA9F              FA9F  timerbuf
            FAA7              FAA7  mx
            FAAB              FAAB  my
            FAAF              FAAF  xsize
            FAB3              FAB3  ysize
            FAB7              FAB7  buf_back
            FAD3              FAD3  buf_mouse
            FBD3              FBD3  shtMsgBox
            FBD7              FBD7  shtctl
            FBDB              FBDB  sht_back
            FBDF              FBDF  sht_mouse
            FBE3              FBE3  mouse_clicked_sht
            FBE7              FBE7  task_main
            FBEB              FBEB  current_console_task
            FBEF              FBEF  task_a.1953
            FBF3              FBF3  tss_a.1952
            FC73              FC73  tss_b.1951
            FCDB              FCDB  task_b.1941
            FCE7              FCE7  str.2366
            FCE8              FCE8  ?_455
            FCF1              FCF1  ?_456
            FCF3              FCF3  timerctl
            FCF7              FCF7  ?_457
            FCFB              FCFB  ?_458
            FCFF              FCFF  ?_459
            FD03              FD03  ?_460
           11C37             11C37  task_timer
           11C3B             11C3B  taskctl
           11C41             11C41  _SpuriousHandler
           11C42             11C42  _KeyBoardHandler
           11C60             11C60  _mouseHandler
           11C7E             11C7E  _timerHandler
           11C98             11C98  _stackOverFlowHandler
           11CB1             11CB1  _exceptionHandler
           11CCA             11CCA  get_font_data
           11CE3             11CE3  io_hlt
           11CE5             11CE5  io_cli
           11CE7             11CE7  io_sti
           11CE9             11CE9  io_stihlt
           11CEC             11CEC  io_in8
           11CF7             11CF7  io_in16
           11D03             11D03  io_in32
           11D09             11D09  io_out8
           11D13             11D13  io_out16
           11D1E             11D1E  io_out32
           11D28             11D28  io_load_eflags
           11D2B             11D2B  io_store_eflags
           11D32             11D32  get_memory_block_count
           11D38             11D38  get_leds
           11D3E             11D3E  get_adr_buffer
           11D44             11D44  get_addr_gdt
           11D4A             11D4A  get_code32_addr
           11D50             11D50  load_tr
           11D56             11D56  farjmp
           11D61             11D61  asm_cons_putchar
           11D7F             11D7F  end_app
           11D83             11D83  get_esp
           11D86             11D86  get_ss
           11D8B             11D8B  start_app
           11DB4             11DB4  asm_end_app
           11DC3             11DC3  load_ldt

---- Section .data ------------------------------------------------------------

Real              Virtual           Name
           11DE0             11DE0  MemChkBuf
           11EE0             11EE0  dwMCRNumber
           11EE4             11EE4  LEDS

