
- NASM Map file ---------------------------------------------------------------

Source file:  kernel.asm
Output file:  kernel.bat

-- Symbols --------------------------------------------------------------------

---- No Section ---------------------------------------------------------------

Value     Name
00004000  DA_32
00000098  DA_C
0000009A  DA_CR
00000092  DA_DRW
00000093  DA_DRWA
0000008E  DA_386IGate
00008000  DA_LIMIT_4K
00000089  DA_386TSS
000A0000  VRAM_ADDRESS
00001000  SystemFontLength
000000A8  GdtLen
00000008  SelectorCode32
00000010  SelectorVideo
00000020  SelectorStack
00000018  SelectorVram
00000028  SelectorFont
00000170  IdtLen
00006DED  SpuriousHandler
00006DEE  KeyBoardHandler
00006E02  mouseHandler
00006E16  timerHandler
00006E60  exceptionHandler
00006F24  AsmConsPutCharHandler
00006FCB  SegCode32Len


---- Section .text ------------------------------------------------------------

Real              Virtual           Name
            8003              8003  LABEL_SYSTEM_FONT
            8003              8003  systemFont

---- Section .gdt -------------------------------------------------------------

Real              Virtual           Name
            9004              9004  LABEL_GDT
            900C              900C  LABEL_DESC_CODE32
            9014              9014  LABEL_DESC_VIDEO
            901C              901C  LABEL_DESC_VRAM
            9024              9024  LABEL_DESC_STACK
            902C              902C  LABEL_DESC_FONT
            9034              9034  LABEL_DESC_6
            903C              903C  LABEL_DESC_7
            9044              9044  LABEL_DESC_8
            904C              904C  LABEL_DESC_9
            9054              9054  LABEL_DESC_10
            90AC              90AC  GdtPtr
            90B2              90B2  LABEL_IDT
            911A              911A  LABEL_IDT.0Dh
            91B2              91B2  LABEL_IDT.020h
            91BA              91BA  LABEL_IDT.021h
            9212              9212  LABEL_IDT.2CH
            921A              921A  LABEL_IDT.2DH
            9222              9222  IdtPtr

---- Section .s16 -------------------------------------------------------------

Real              Virtual           Name
            9228              9228  LABEL_BEGIN
            9233              9233  keystatus
            9233              9233  ComputeMemory
            923C              923C  ComputeMemory.loop
            9262              9262  LABEL_MEM_CHK_FAIL
            926B              926B  LABEL_MEM_CHK_OK
            92FA              92FA  init8259A
            933D              933D  io_delay

---- Section .s32 -------------------------------------------------------------

Real              Virtual           Name
            9344              9344  LABEL_SEG_CODE32
            935C              935C  CMain
            96E8              96E8  ?_001
            9735              9735  ?_002
            97E3              97E3  ?_003
            983B              983B  ?_004
            989E              989E  ?_005
            9958              9958  ?_006
            99B5              99B5  ?_007
            99EC              99EC  ?_008
            9A44              9A44  ?_009
            9A60              9A60  ?_010
            9A9F              9A9F  ?_011
            9AC3              9AC3  set_cursor
            9B28              9B28  isSpecialKey
            9B81              9B81  ?_012
            9B88              9B88  ?_013
            9B8D              9B8D  ?_014
            9B8F              9B8F  transferScanCode
            9BAC              9BAC  ?_015
            9BC3              9BC3  ?_016
            9BDD              9BDD  ?_017
            9BF7              9BF7  ?_018
            9C1A              9C1A  ?_019
            9C24              9C24  ?_020
            9C66              9C66  ?_021
            9C6D              9C6D  ?_022
            9CD3              9CD3  ?_023
            9D0B              9D0B  ?_024
            9D11              9D11  ?_025
            9D12              9D12  ?_026
            9D15              9D15  ?_027
            9D17              9D17  launch_console
            9E94              9E94  cmd_dir
            9EC5              9EC5  ?_028
            9ECE              9ECE  ?_029
            9EF7              9EF7  ?_030
            9F03              9F03  ?_031
            9F04              9F04  ?_032
            9F22              9F22  ?_033
            9F3F              9F3F  ?_034
            9FD3              9FD3  ?_035
            9FFA              9FFA  cmd_type
            A038              A038  ?_036
            A064              A064  ?_037
            A070              A070  ?_038
            A071              A071  ?_039
            A088              A088  ?_040
            A095              A095  ?_041
            A0C0              A0C0  ?_042
            A0CC              A0CC  ?_043
            A0CD              A0CD  ?_044
            A0EB              A0EB  ?_045
            A10A              A10A  ?_046
            A16C              A16C  ?_047
            A188              A188  ?_048
            A1FB              A1FB  ?_049
            A22F              A22F  ?_050
            A2AA              A2AA  ?_051
            A2AD              A2AD  ?_052
            A2BB              A2BB  ?_053
            A2BF              A2BF  ?_054
            A2CC              A2CC  ?_055
            A312              A312  cmd_mem
            A324              A324  ?_056
            A3CC              A3CC  cmd_cls
            A3E9              A3E9  ?_057
            A3F2              A3F2  ?_058
            A414              A414  ?_059
            A424              A424  ?_060
            A487              A487  cmd_hlt
            A581              A581  console_task
            A66F              A66F  ?_061
            A695              A695  ?_062
            A6ED              A6ED  ?_063
            A70B              A70B  ?_064
            A720              A720  ?_065
            A75D              A75D  ?_066
            A7AC              A7AC  ?_067
            A7E6              A7E6  ?_068
            A83C              A83C  ?_069
            A862              A862  ?_070
            A885              A885  ?_071
            A8A8              A8A8  ?_072
            A8F1              A8F1  ?_073
            A900              A900  ?_074
            A96F              A96F  ?_075
            A9A6              A9A6  ?_076
            A9C2              A9C2  ?_077
            A9E2              A9E2  ?_078
            AA16              AA16  cons_putstr
            AA1E              AA1E  ?_079
            AA37              AA37  ?_080
            AA47              AA47  kernel_api
            AA6D              AA6D  ?_081
            AA8E              AA8E  ?_082
            AA91              AA91  cons_putchar
            AB1B              AB1B  cons_newline
            AB38              AB38  ?_083
            AB41              AB41  ?_084
            AB4A              AB4A  ?_085
            AB85              AB85  ?_086
            AB95              AB95  ?_087
            ABAB              ABAB  ?_088
            ABB4              ABB4  ?_089
            ABD2              ABD2  ?_090
            ABE2              ABE2  ?_091
            AC11              AC11  ?_092
            AC39              AC39  init_screen8
            AE81              AE81  computeMousePosition
            AEBB              AEBB  ?_093
            AECE              AECE  ?_094
            AEEC              AEEC  ?_095
            AF0A              AF0A  ?_096
            AF0D              AF0D  show_mouse_info
            AFB8              AFB8  ?_097
            AFBB              AFBB  initBootInfo
            AFDC              AFDC  showString
            AFF8              AFF8  ?_098
            B034              B034  ?_099
            B068              B068  init_palette
            B085              B085  set_palette
            B0B3              B0B3  ?_100
            B112              B112  ?_101
            B12F              B12F  boxfill8
            B143              B143  ?_102
            B14B              B14B  ?_103
            B168              B168  ?_104
            B177              B177  ?_105
            B187              B187  showFont8
            B19F              B19F  ?_106
            B1D1              B1D1  ?_107
            B200              B200  ?_108
            B22F              B22F  ?_109
            B25E              B25E  ?_110
            B28D              B28D  ?_111
            B2BC              B2BC  ?_112
            B2EB              B2EB  ?_113
            B31A              B31A  ?_114
            B31D              B31D  ?_115
            B32B              B32B  init_mouse_cursor
            B343              B343  ?_116
            B34F              B34F  ?_117
            B382              B382  ?_118
            B3B5              B3B5  ?_119
            B3EA              B3EA  ?_120
            B3ED              B3ED  ?_121
            B3FA              B3FA  ?_122
            B408              B408  putblock
            B418              B418  ?_123
            B421              B421  ?_124
            B45A              B45A  ?_125
            B465              B465  ?_126
            B475              B475  intHandlerFromC
            B4D1              B4D1  charToHexVal
            B4EF              B4EF  ?_127
            B4F5              B4F5  ?_128
            B4F7              B4F7  charToHexStr
            B549              B549  intToHexStr
            B56D              B56D  ?_129
            B57B              B57B  ?_130
            B58E              B58E  ?_131
            B5BE              B5BE  ?_132
            B5D0              B5D0  ?_133
            B5D3              B5D3  ?_134
            B5E7              B5E7  ?_135
            B5EE              B5EE  wait_KBC_sendready
            B5F4              B5F4  ?_136
            B60E              B60E  ?_137
            B612              B612  init_keyboard
            B643              B643  enable_mouse
            B681              B681  intHandlerForMouse
            B6D0              B6D0  mouse_decode
            B6FB              B6FB  ?_138
            B705              B705  ?_139
            B734              B734  ?_140
            B73E              B73E  ?_141
            B766              B766  ?_142
            B7DB              B7DB  ?_143
            B801              B801  ?_144
            B818              B818  ?_145
            B81D              B81D  ?_146
            B81F              B81F  showMemoryInfo
            B9CB              B9CB  message_box
            BA73              BA73  make_window8
            BC1B              BC1B  make_wtitle8
            BC3C              BC3C  ?_147
            BC44              BC44  ?_148
            BC99              BC99  ?_149
            BCA2              BCA2  ?_150
            BCC9              BCC9  ?_151
            BCD9              BCD9  ?_152
            BCE9              BCE9  ?_153
            BCED              BCED  ?_154
            BD1B              BD1B  ?_155
            BD28              BD28  ?_156
            BD39              BD39  make_textbox8
            BF1D              BF1D  file_loadfile
            BF4E              BF4E  ?_157
            BF57              BF57  ?_158
            BF80              BF80  ?_159
            BF8C              BF8C  ?_160
            BF8D              BF8D  ?_161
            BFAB              BFAB  ?_162
            BFC8              BFC8  ?_163
            C049              C049  ?_164
            C062              C062  ?_165
            C06C              C06C  ?_166
            C070              C070  ?_167
            C07D              C07D  ?_168
            C097              C097  intHandlerForException
            C0F8              C0F8  memman_init
            C125              C125  memman_total
            C13B              C13B  ?_169
            C14E              C14E  ?_170
            C161              C161  memman_alloc
            C173              C173  ?_171
            C1F3              C1F3  ?_172
            C1F8              C1F8  ?_173
            C1FB              C1FB  ?_174
            C20E              C20E  ?_175
            C210              C210  memman_free
            C220              C220  ?_176
            C238              C238  ?_177
            C244              C244  ?_178
            C245              C245  ?_179
            C307              C307  ?_180
            C311              C311  ?_181
            C375              C375  ?_182
            C38F              C38F  ?_183
            C3B6              C3B6  ?_184
            C3ED              C3ED  ?_185
            C413              C413  ?_186
            C43C              C43C  ?_187
            C442              C442  memman_alloc_4k
            C46E              C46E  memman_free_4k
            C49D              C49D  shtctl_init
            C4CD              C4CD  ?_188
            C517              C517  ?_189
            C544              C544  ?_190
            C55E              C55E  ?_191
            C56E              C56E  ?_192
            C570              C570  sheet_alloc
            C57F              C57F  ?_193
            C5DA              C5DA  ?_194
            C5DD              C5DD  ?_195
            C5EF              C5EF  ?_196
            C5F1              C5F1  sheet_setbuf
            C61A              C61A  sheet_updown
            C645              C645  ?_197
            C656              C656  ?_198
            C67D              C67D  ?_199
            C6B0              C6B0  ?_200
            C75A              C75A  ?_201
            C771              C771  ?_202
            C7A4              C7A4  ?_203
            C7AF              C7AF  ?_204
            C846              C846  ?_205
            C864              C864  ?_206
            C897              C897  ?_207
            C8B1              C8B1  ?_208
            C8BC              C8BC  ?_209
            C8F3              C8F3  ?_210
            C91E              C91E  ?_211
            C99F              C99F  ?_212
            C9A7              C9A7  sheet_refresh
            CA10              CA10  ?_213
            CA1D              CA1D  sheet_slide
            CB2A              CB2A  ?_214
            CB32              CB32  sheet_refreshsub
            CB56              CB56  ?_215
            CB67              CB67  ?_216
            CB7F              CB7F  ?_217
            CB97              CB97  ?_218
            CBA2              CBA2  ?_219
            CBDA              CBDA  ?_220
            CBF4              CBF4  ?_221
            CCA1              CCA1  ?_222
            CCA4              CCA4  ?_223
            CCB6              CCB6  ?_224
            CCC8              CCC8  ?_225
            CCD8              CCD8  sheet_refreshmap
            CCF4              CCF4  ?_226
            CD01              CD01  ?_227
            CD19              CD19  ?_228
            CD31              CD31  ?_229
            CD3C              CD3C  ?_230
            CDB5              CDB5  ?_231
            CDC2              CDC2  ?_232
            CDDA              CDDA  ?_233
            CDF2              CDF2  ?_234
            CDFA              CDFA  ?_235
            CE10              CE10  ?_236
            CE66              CE66  ?_237
            CE69              CE69  ?_238
            CE74              CE74  ?_239
            CE83              CE83  ?_240
            CE95              CE95  init_pit
            CEDE              CEDE  ?_241
            CF03              CF03  ?_242
            CF14              CF14  timer_alloc
            CF23              CF23  ?_243
            CF59              CF59  ?_244
            CF5C              CF5C  ?_245
            CF6E              CF6E  ?_246
            CF70              CF70  timer_free
            CF80              CF80  timer_init
            CFA1              CFA1  timer_settime
            CFB9              CFB9  intHandlerForTimer
            CFE9              CFE9  ?_247
            D08B              D08B  ?_248
            D09A              D09A  ?_249
            D09D              D09D  ?_250
            D0AD              D0AD  getTimerController
            D0B7              D0B7  fifo8_init
            D0FE              D0FE  fifo8_put
            D11E              D11E  ?_251
            D147              D147  ?_252
            D186              D186  ?_253
            D1CB              D1CB  ?_254
            D1D0              D1D0  ?_255
            D1D2              D1D2  fifo8_get
            D1F3              D1F3  ?_256
            D235              D235  ?_257
            D247              D247  ?_258
            D249              D249  fifo8_status
            D25E              D25E  strcmp
            D278              D278  ?_259
            D282              D282  ?_260
            D28B              D28B  ?_261
            D2B1              D2B1  ?_262
            D2B4              D2B4  ?_263
            D2D8              D2D8  ?_264
            D303              D303  ?_265
            D32E              D32E  ?_266
            D333              D333  ?_267
            D335              D335  set_segmdesc
            D351              D351  ?_268
            D3AC              D3AC  get_taskctl
            D3B6              D3B6  init_task_level
            D401              D401  ?_269
            D421              D421  ?_270
            D42F              D42F  task_init
            D462              D462  ?_271
            D4EA              D4EA  ?_272
            D4FD              D4FD  ?_273
            D50E              D50E  ?_274
            D58E              D58E  task_alloc
            D5A0              D5A0  ?_275
            D68A              D68A  ?_276
            D68D              D68D  ?_277
            D69C              D69C  ?_278
            D69E              D69E  task_run
            D6B3              D6B3  ?_279
            D6C6              D6C6  ?_280
            D6F2              D6F2  ?_281
            D718              D718  ?_282
            D727              D727  task_switch
            D788              D788  ?_283
            D7BC              D7BC  ?_284
            D810              D810  ?_285
            D813              D813  task_sleep
            D890              D890  ?_286
            D895              D895  task_now
            D8C9              D8C9  task_add
            D916              D916  task_remove
            D943              D943  ?_287
            D966              D966  ?_288
            D969              D969  ?_289
            D973              D973  ?_290
            D99E              D99E  ?_291
            D9B7              D9B7  ?_292
            D9C3              D9C3  ?_293
            D9DD              D9DD  ?_294
            D9EA              D9EA  task_switchsub
            D9F9              D9F9  ?_295
            DA1E              DA1E  ?_296
            DA2A              DA2A  ?_297
            DA2B              DA2B  ?_298
            DA44              DA44  send_message
            DA74              DA74  ?_299
            DA7C              DA7C  ?_300
            DA83              DA83  ?_301
            DA8B              DA8B  ?_302
            DA8D              DA8D  ?_303
            DA93              DA93  ?_304
            DA97              DA97  ?_305
            DA99              DA99  ?_306
            DAA1              DAA1  ?_307
            DAA5              DAA5  ?_308
            DAA9              DAA9  ?_309
            DAAD              DAAD  ?_310
            DAB1              DAB1  ?_311
            DABB              DABB  ?_312
            DAC7              DAC7  ?_313
            DAD3              DAD3  ?_314
            DADF              DADF  ?_315
            DAE7              DAE7  ?_316
            DB03              DB03  memman
            DB23              DB23  keytable
            DB83              DB83  keytable1
            DC03              DC03  keyval
            DC05              DC05  ?_317
            DC06              DC06  ?_318
            DC23              DC23  table_rgb.2116
            DC63              DC63  cursor.2163
            DD63              DD63  closebtn.2282
            DE43              DE43  key_shift
            DE47              DE47  caps_lock
            DE4B              DE4B  g_Console
            DE4F              DE4F  ?_319
            DE53              DE53  ?_320
            DE57              DE57  ?_321
            DE5B              DE5B  ?_322
            DE5C              DE5C  ?_323
            DE5F              DE5F  bootInfo
            DE63              DE63  ?_324
            DE65              DE65  ?_325
            DE67              DE67  keyinfo
            DE7F              DE7F  ?_326
            DE83              DE83  mouseinfo
            DEA3              DEA3  keybuf
            DEC3              DEC3  mousebuf
            DF43              DF43  mdec
            DF4F              DF4F  ?_327
            DF53              DF53  timerinfo
            DF6F              DF6F  timerbuf
            DF77              DF77  mx
            DF7B              DF7B  my
            DF7F              DF7F  xsize
            DF83              DF83  ysize
            DF87              DF87  buf_back
            DFA3              DFA3  buf_mouse
            E0A3              E0A3  shtMsgBox
            E0A7              E0A7  shtctl
            E0AB              E0AB  sht_back
            E0AF              E0AF  sht_mouse
            E0B3              E0B3  task_cons
            E0B7              E0B7  task_main
            E0BB              E0BB  buffer
            E0BF              E0BF  ?_328
            E0C3              E0C3  task_a.1911
            E0E3              E0E3  tss_a.1910
            E163              E163  tss_b.1909
            E1CB              E1CB  task_b.1899
            E1D7              E1D7  str.2211
            E1D8              E1D8  ?_329
            E1E1              E1E1  ?_330
            E1E3              E1E3  timerctl
            E1E7              E1E7  ?_331
            E1EB              E1EB  ?_332
            E1EF              E1EF  ?_333
            E1F3              E1F3  ?_334
           10127             10127  task_timer
           1012B             1012B  taskctl
           10131             10131  _SpuriousHandler
           10132             10132  _KeyBoardHandler
           10146             10146  _mouseHandler
           1015A             1015A  _timerHandler
           10177             10177  _timerHandler.from_app
           101A4             101A4  _exceptionHandler
           101C8             101C8  _exceptionHandler.kill
           101D1             101D1  get_font_data
           101EA             101EA  io_hlt
           101EC             101EC  io_cli
           101EE             101EE  io_sti
           101F0             101F0  io_stihlt
           101F3             101F3  io_in8
           101FE             101FE  io_in16
           1020A             1020A  io_in32
           10210             10210  io_out8
           1021A             1021A  io_out16
           10225             10225  io_out32
           1022F             1022F  io_load_eflags
           10232             10232  io_store_eflags
           10239             10239  get_memory_block_count
           1023F             1023F  get_leds
           10245             10245  get_adr_buffer
           1024B             1024B  get_addr_gdt
           10251             10251  get_code32_addr
           10257             10257  load_tr
           1025D             1025D  farjmp
           10268             10268  asm_cons_putchar
           102D7             102D7  start_app

---- Section .data ------------------------------------------------------------

Real              Virtual           Name
           10320             10320  MemChkBuf
           10420             10420  dwMCRNumber
           10424             10424  LEDS

