
- NASM Map file ---------------------------------------------------------------

Source file:  kernel.asm
Output file:  kernel.bat

-- Symbols --------------------------------------------------------------------

---- No Section ---------------------------------------------------------------

Value     Name
00004000  DA_32
00000098  DA_C
0000009A  DA_CR
00000092  DA_DRW
00000093  DA_DRWA
0000008E  DA_386IGate
00008000  DA_LIMIT_4K
00000089  DA_386TSS
000A0000  VRAM_ADDRESS
00001000  SystemFontLength
00000148  GdtLen
00000008  SelectorCode32
00000010  SelectorVideo
00000020  SelectorStack
00000018  SelectorVram
00000028  SelectorFont
00000170  IdtLen
0000883F  SpuriousHandler
00008840  KeyBoardHandler
0000885E  mouseHandler
0000887C  timerHandler
00008896  stackOverFlowHandler
000088AF  exceptionHandler
0000895F  AsmConsPutCharHandler
000089C9  SegCode32Len


---- Section .text ------------------------------------------------------------

Real              Virtual           Name
            8003              8003  LABEL_SYSTEM_FONT
            8003              8003  systemFont

---- Section .gdt -------------------------------------------------------------

Real              Virtual           Name
            9004              9004  LABEL_GDT
            900C              900C  LABEL_DESC_CODE32
            9014              9014  LABEL_DESC_VIDEO
            901C              901C  LABEL_DESC_VRAM
            9024              9024  LABEL_DESC_STACK
            902C              902C  LABEL_DESC_FONT
            9034              9034  LABEL_DESC_6
            903C              903C  LABEL_DESC_7
            9044              9044  LABEL_DESC_8
            904C              904C  LABEL_DESC_9
            9054              9054  LABEL_DESC_10
            914C              914C  GdtPtr
            9152              9152  LABEL_IDT
            91B2              91B2  LABEL_IDT.0Ch
            91BA              91BA  LABEL_IDT.0Dh
            9252              9252  LABEL_IDT.020h
            925A              925A  LABEL_IDT.021h
            92B2              92B2  LABEL_IDT.2CH
            92BA              92BA  LABEL_IDT.2DH
            92C2              92C2  IdtPtr

---- Section .s16 -------------------------------------------------------------

Real              Virtual           Name
            92C8              92C8  LABEL_BEGIN
            92D3              92D3  keystatus
            92D3              92D3  ComputeMemory
            92DC              92DC  ComputeMemory.loop
            9302              9302  LABEL_MEM_CHK_FAIL
            930B              930B  LABEL_MEM_CHK_OK
            939A              939A  init8259A
            93DD              93DD  io_delay

---- Section .s32 -------------------------------------------------------------

Real              Virtual           Name
            93E4              93E4  LABEL_SEG_CODE32
            93FC              93FC  CMain
            97CD              97CD  ?_001
            9815              9815  ?_002
            98AC              98AC  ?_003
            98DC              98DC  ?_004
            991A              991A  ?_005
            9956              9956  ?_006
            9960              9960  ?_007
            99AA              99AA  ?_008
            99CB              99CB  ?_009
            9A1C              9A1C  ?_010
            9A82              9A82  ?_011
            9B3C              9B3C  ?_012
            9BA6              9BA6  ?_013
            9BDD              9BDD  ?_014
            9C35              9C35  ?_015
            9C51              9C51  ?_016
            9C90              9C90  ?_017
            9CAF              9CAF  ?_018
            9CB4              9CB4  set_cursor
            9D1D              9D1D  ?_019
            9D1E              9D1E  ?_020
            9D25              9D25  isSpecialKey
            9D88              9D88  ?_021
            9D8F              9D8F  ?_022
            9D94              9D94  ?_023
            9D96              9D96  transferScanCode
            9DB3              9DB3  ?_024
            9DCA              9DCA  ?_025
            9DE4              9DE4  ?_026
            9DFE              9DFE  ?_027
            9E21              9E21  ?_028
            9E2B              9E2B  ?_029
            9E6D              9E6D  ?_030
            9E74              9E74  ?_031
            9EDA              9EDA  ?_032
            9F12              9F12  ?_033
            9F18              9F18  ?_034
            9F19              9F19  ?_035
            9F1C              9F1C  ?_036
            9F1E              9F1E  launch_console
            9F9D              9F9D  ?_037
            9FB5              9FB5  ?_038
            A083              A083  ?_039
            A186              A186  ?_040
            A1A3              A1A3  ?_041
            A1DF              A1DF  ?_042
            A1E7              A1E7  kill_process
            A23E              A23E  cmd_dir
            A277              A277  ?_043
            A280              A280  ?_044
            A2A9              A2A9  ?_045
            A2B5              A2B5  ?_046
            A2B6              A2B6  ?_047
            A2D4              A2D4  ?_048
            A2F1              A2F1  ?_049
            A39C              A39C  ?_050
            A3C3              A3C3  cmd_type
            A41A              A41A  ?_051
            A446              A446  ?_052
            A452              A452  ?_053
            A453              A453  ?_054
            A46A              A46A  ?_055
            A477              A477  ?_056
            A4A2              A4A2  ?_057
            A4AE              A4AE  ?_058
            A4AF              A4AF  ?_059
            A4CD              A4CD  ?_060
            A4EC              A4EC  ?_061
            A551              A551  ?_062
            A56D              A56D  ?_063
            A606              A606  ?_064
            A64B              A64B  ?_065
            A6E9              A6E9  ?_066
            A6EC              A6EC  ?_067
            A6FA              A6FA  ?_068
            A6FE              A6FE  ?_069
            A70B              A70B  ?_070
            A759              A759  ?_071
            A75A              A75A  ?_072
            A761              A761  cmd_mem
            A790              A790  ?_073
            A854              A854  ?_074
            A855              A855  ?_075
            A857              A857  cmd_cls
            A88D              A88D  ?_076
            A896              A896  ?_077
            A8C0              A8C0  ?_078
            A8D0              A8D0  ?_079
            A93B              A93B  ?_080
            A93C              A93C  ?_081
            A93E              A93E  cmd_execute_program
            A9A6              A9A6  ?_082
            A9C8              A9C8  ?_083
            AA7D              AA7D  ?_084
            AB05              AB05  ?_085
            AB08              AB08  ?_086
            AB7D              AB7D  cmd_start
            ABEF              ABEF  ?_087
            AC12              AC12  ?_088
            AC44              AC44  cmd_ncst
            AC88              AC88  ?_089
            ACAB              ACAB  ?_090
            ACDD              ACDD  console_task
            ADCC              ADCC  ?_091
            ADFD              ADFD  ?_092
            AE50              AE50  ?_093
            AE6E              AE6E  ?_094
            AE83              AE83  ?_095
            AEC0              AEC0  ?_096
            AF23              AF23  ?_097
            AF6B              AF6B  ?_098
            AF8D              AF8D  ?_099
            AFE8              AFE8  ?_100
            B00E              B00E  ?_101
            B03F              B03F  ?_102
            B065              B065  ?_103
            B094              B094  ?_104
            B0E2              B0E2  ?_105
            B10F              B10F  ?_106
            B13C              B13C  ?_107
            B168              B168  ?_108
            B17A              B17A  ?_109
            B204              B204  ?_110
            B247              B247  ?_111
            B26B              B26B  ?_112
            B28D              B28D  ?_113
            B2AE              B2AE  ?_114
            B2C9              B2C9  ?_115
            B316              B316  ?_116
            B320              B320  cons_putstr
            B328              B328  ?_117
            B341              B341  ?_118
            B351              B351  api_linewin
            B388              B388  ?_119
            B395              B395  ?_120
            B3B9              B3B9  ?_121
            B3C0              B3C0  ?_122
            B3DF              B3DF  ?_123
            B3F2              B3F2  ?_124
            B40E              B40E  ?_125
            B415              B415  ?_126
            B434              B434  ?_127
            B445              B445  ?_128
            B44E              B44E  ?_129
            B482              B482  ?_130
            B48D              B48D  handle_keyboard
            B493              B493  ?_131
            B4DC              B4DC  ?_132
            B529              B529  ?_133
            B56D              B56D  ?_134
            B589              B589  ?_135
            B59B              B59B  ?_136
            B5A1              B5A1  ?_137
            B5A3              B5A3  close_constask
            B62E              B62E  close_console
            B698              B698  ?_138
            B6A9              B6A9  cmd_exit
            B6D1              B6D1  kernel_api
            B721              B721  ?_139
            B74C              B74C  ?_140
            B76B              B76B  ?_141
            B85D              B85D  ?_142
            B8D7              B8D7  ?_143
            B941              B941  ?_144
            B973              B973  ?_145
            B9A9              B9A9  ?_146
            B9DC              B9DC  ?_147
            BA1D              BA1D  ?_148
            BA41              BA41  ?_149
            BA5D              BA5D  ?_150
            BA89              BA89  ?_151
            BAAD              BAAD  ?_152
            BACB              BACB  ?_153
            BADE              BADE  ?_154
            BB02              BB02  ?_155
            BB0E              BB0E  ?_156
            BB0F              BB0F  ?_157
            BBA1              BBA1  ?_158
            BBE1              BBE1  ?_159
            BC06              BC06  ?_160
            BC23              BC23  ?_161
            BC3E              BC3E  ?_162
            BC56              BC56  ?_163
            BC7B              BC7B  ?_164
            BCA8              BCA8  ?_165
            BCC5              BCC5  ?_166
            BCE9              BCE9  ?_167
            BD02              BD02  ?_168
            BD50              BD50  ?_169
            BD5A              BD5A  ?_170
            BD5B              BD5B  ?_171
            BD66              BD66  ?_172
            BD6B              BD6B  ?_173
            BD70              BD70  cons_putchar
            BE2B              BE2B  cons_newline
            BE52              BE52  ?_174
            BE5B              BE5B  ?_175
            BE64              BE64  ?_176
            BE9F              BE9F  ?_177
            BEAF              BEAF  ?_178
            BEC5              BEC5  ?_179
            BECE              BECE  ?_180
            BEEC              BEEC  ?_181
            BEFC              BEFC  ?_182
            BF2B              BF2B  ?_183
            BF50              BF50  ?_184
            BF52              BF52  ?_185
            BF57              BF57  init_screen8
            C19F              C19F  computeMousePosition
            C1DD              C1DD  ?_186
            C1F4              C1F4  ?_187
            C212              C212  ?_188
            C230              C230  ?_189
            C233              C233  showString
            C263              C263  ?_190
            C29F              C29F  ?_191
            C2CF              C2CF  ?_192
            C2D0              C2D0  ?_193
            C2D5              C2D5  show_mouse_info
            C380              C380  ?_194
            C470              C470  ?_195
            C4AA              C4AA  ?_196
            C4FE              C4FE  ?_197
            C563              C563  ?_198
            C5E2              C5E2  ?_199
            C5E5              C5E5  ?_200
            C5F1              C5F1  ?_201
            C659              C659  ?_202
            C665              C665  ?_203
            C666              C666  ?_204
            C669              C669  initBootInfo
            C68A              C68A  init_palette
            C6B4              C6B4  ?_205
            C6C0              C6C0  ?_206
            C6CC              C6CC  ?_207
            C7AE              C7AE  ?_208
            C7BB              C7BB  ?_209
            C7C8              C7C8  ?_210
            C7F1              C7F1  set_palette
            C81F              C81F  ?_211
            C87E              C87E  ?_212
            C89B              C89B  boxfill8
            C8AF              C8AF  ?_213
            C8B7              C8B7  ?_214
            C8D4              C8D4  ?_215
            C8E3              C8E3  ?_216
            C8F3              C8F3  showFont8
            C90B              C90B  ?_217
            C941              C941  ?_218
            C970              C970  ?_219
            C99F              C99F  ?_220
            C9CE              C9CE  ?_221
            C9FD              C9FD  ?_222
            CA2C              CA2C  ?_223
            CA5B              CA5B  ?_224
            CA8A              CA8A  ?_225
            CA8D              CA8D  ?_226
            CA9B              CA9B  init_mouse_cursor
            CAB3              CAB3  ?_227
            CABF              CABF  ?_228
            CAF2              CAF2  ?_229
            CB25              CB25  ?_230
            CB5A              CB5A  ?_231
            CB5D              CB5D  ?_232
            CB6A              CB6A  ?_233
            CB78              CB78  putblock
            CB88              CB88  ?_234
            CB91              CB91  ?_235
            CBCA              CBCA  ?_236
            CBD5              CBD5  ?_237
            CBE5              CBE5  intHandlerFromC
            CC41              CC41  charToHexVal
            CC5F              CC5F  ?_238
            CC65              CC65  ?_239
            CC67              CC67  charToHexStr
            CCB9              CCB9  intToHexStr
            CCDD              CCDD  ?_240
            CCEB              CCEB  ?_241
            CCFE              CCFE  ?_242
            CD2E              CD2E  ?_243
            CD40              CD40  ?_244
            CD43              CD43  ?_245
            CD57              CD57  ?_246
            CD5E              CD5E  wait_KBC_sendready
            CD64              CD64  ?_247
            CD7E              CD7E  ?_248
            CD82              CD82  init_keyboard
            CDB3              CDB3  enable_mouse
            CDF1              CDF1  intHandlerForMouse
            CE40              CE40  mouse_decode
            CE6B              CE6B  ?_249
            CE75              CE75  ?_250
            CEA4              CEA4  ?_251
            CEAE              CEAE  ?_252
            CED6              CED6  ?_253
            CF4B              CF4B  ?_254
            CF71              CF71  ?_255
            CF88              CF88  ?_256
            CF8D              CF8D  ?_257
            CF8F              CF8F  showMemoryInfo
            D13B              D13B  message_box
            D1E3              D1E3  make_window8
            D38B              D38B  make_wtitle8
            D3AC              D3AC  ?_258
            D3B4              D3B4  ?_259
            D409              D409  ?_260
            D412              D412  ?_261
            D439              D439  ?_262
            D449              D449  ?_263
            D459              D459  ?_264
            D45D              D45D  ?_265
            D48B              D48B  ?_266
            D498              D498  ?_267
            D4A9              D4A9  make_textbox8
            D68D              D68D  file_loadfile
            D6B5              D6B5  ?_268
            D6BE              D6BE  ?_269
            D6CC              D6CC  ?_270
            D6DF              D6DF  ?_271
            D708              D708  ?_272
            D714              D714  ?_273
            D715              D715  ?_274
            D733              D733  ?_275
            D750              D750  ?_276
            D7D1              D7D1  ?_277
            D7EA              D7EA  ?_278
            D7F4              D7F4  ?_279
            D7F8              D7F8  ?_280
            D805              D805  ?_281
            D81F              D81F  intHandlerForStackOverFlow
            D8FD              D8FD  intHandlerForException
            D984              D984  memman_init
            D9B1              D9B1  memman_total
            D9C7              D9C7  ?_282
            D9DA              D9DA  ?_283
            D9ED              D9ED  memman_alloc
            DA00              DA00  ?_284
            DA86              DA86  ?_285
            DAAD              DAAD  ?_286
            DABB              DABB  ?_287
            DAC0              DAC0  ?_288
            DAC3              DAC3  ?_289
            DAD6              DAD6  ?_290
            DADC              DADC  memman_free
            DAEC              DAEC  ?_291
            DB04              DB04  ?_292
            DB10              DB10  ?_293
            DB11              DB11  ?_294
            DBD5              DBD5  ?_295
            DBFC              DBFC  ?_296
            DC06              DC06  ?_297
            DC10              DC10  ?_298
            DC74              DC74  ?_299
            DC8E              DC8E  ?_300
            DCB5              DCB5  ?_301
            DCEC              DCEC  ?_302
            DD12              DD12  ?_303
            DD3B              DD3B  ?_304
            DD41              DD41  memman_alloc_4k
            DD6D              DD6D  memman_free_4k
            DD9C              DD9C  shtctl_init
            DDCC              DDCC  ?_305
            DE16              DE16  ?_306
            DE43              DE43  ?_307
            DE80              DE80  ?_308
            DE90              DE90  ?_309
            DE92              DE92  sheet_alloc
            DEA1              DEA1  ?_310
            DF04              DF04  ?_311
            DF07              DF07  ?_312
            DF19              DF19  ?_313
            DF1B              DF1B  sheet_setbuf
            DF44              DF44  sheet_updown
            DF6F              DF6F  ?_314
            DF80              DF80  ?_315
            DFA7              DFA7  ?_316
            DFDA              DFDA  ?_317
            E084              E084  ?_318
            E09B              E09B  ?_319
            E0CE              E0CE  ?_320
            E0D9              E0D9  ?_321
            E170              E170  ?_322
            E18E              E18E  ?_323
            E1C1              E1C1  ?_324
            E1DB              E1DB  ?_325
            E1E6              E1E6  ?_326
            E21D              E21D  ?_327
            E248              E248  ?_328
            E2C9              E2C9  ?_329
            E2D1              E2D1  sheet_refresh
            E33A              E33A  ?_330
            E347              E347  sheet_slide
            E454              E454  ?_331
            E45C              E45C  sheet_refreshsub
            E484              E484  ?_332
            E495              E495  ?_333
            E4AD              E4AD  ?_334
            E4C5              E4C5  ?_335
            E4D0              E4D0  ?_336
            E573              E573  ?_337
            E584              E584  ?_338
            E59C              E59C  ?_339
            E5B4              E5B4  ?_340
            E5C0              E5C0  ?_341
            E5D7              E5D7  ?_342
            E63D              E63D  ?_343
            E640              E640  ?_344
            E64B              E64B  ?_345
            E65A              E65A  ?_346
            E66A              E66A  sheet_refreshmap
            E68A              E68A  ?_347
            E69B              E69B  ?_348
            E6B3              E6B3  ?_349
            E6CB              E6CB  ?_350
            E6D6              E6D6  ?_351
            E779              E779  ?_352
            E78A              E78A  ?_353
            E7A2              E7A2  ?_354
            E7BA              E7BA  ?_355
            E7C2              E7C2  ?_356
            E7D8              E7D8  ?_357
            E82E              E82E  ?_358
            E831              E831  ?_359
            E83C              E83C  ?_360
            E84B              E84B  ?_361
            E85D              E85D  sheet_free
            E884              E884  ?_362
            E891              E891  init_pit
            E8DA              E8DA  ?_363
            E8FF              E8FF  ?_364
            E910              E910  timer_alloc
            E91F              E91F  ?_365
            E955              E955  ?_366
            E958              E958  ?_367
            E96A              E96A  ?_368
            E96C              E96C  timer_free
            E97C              E97C  timer_init
            E99D              E99D  timer_settime
            E9B5              E9B5  intHandlerForTimer
            E9E5              E9E5  ?_369
            EA87              EA87  ?_370
            EA96              EA96  ?_371
            EA99              EA99  ?_372
            EAA9              EAA9  getTimerController
            EAB3              EAB3  fifo8_init
            EAFA              EAFA  fifo8_put
            EB1A              EB1A  ?_373
            EB43              EB43  ?_374
            EB82              EB82  ?_375
            EBCE              EBCE  ?_376
            EBD3              EBD3  ?_377
            EBD5              EBD5  fifo8_get
            EBF6              EBF6  ?_378
            EC38              EC38  ?_379
            EC4A              EC4A  ?_380
            EC4C              EC4C  fifo8_status
            EC61              EC61  strcmp
            EC7B              EC7B  ?_381
            EC85              EC85  ?_382
            EC8E              EC8E  ?_383
            ECB4              ECB4  ?_384
            ECB7              ECB7  ?_385
            ECDB              ECDB  ?_386
            ED06              ED06  ?_387
            ED31              ED31  ?_388
            ED36              ED36  ?_389
            ED38              ED38  set_segmdesc
            ED54              ED54  ?_390
            EDAF              EDAF  get_taskctl
            EDB9              EDB9  init_task_level
            EE02              EE02  ?_391
            EE27              EE27  ?_392
            EE35              EE35  task_init
            EE68              EE68  ?_393
            EF75              EF75  ?_394
            EF88              EF88  ?_395
            EF99              EF99  ?_396
            F019              F019  task_alloc
            F02B              F02B  ?_397
            F12D              F12D  ?_398
            F130              F130  ?_399
            F13F              F13F  ?_400
            F141              F141  task_run
            F15A              F15A  ?_401
            F16D              F16D  ?_402
            F199              F199  ?_403
            F1BF              F1BF  ?_404
            F1CE              F1CE  task_switch
            F22E              F22E  ?_405
            F261              F261  ?_406
            F2B5              F2B5  ?_407
            F2B8              F2B8  task_sleep
            F335              F335  ?_408
            F33A              F33A  task_now
            F36D              F36D  task_add
            F3B9              F3B9  task_remove
            F3E5              F3E5  ?_409
            F408              F408  ?_410
            F40B              F40B  ?_411
            F415              F415  ?_412
            F440              F440  ?_413
            F459              F459  ?_414
            F465              F465  ?_415
            F47F              F47F  ?_416
            F48C              F48C  task_switchsub
            F49B              F49B  ?_417
            F4BF              F4BF  ?_418
            F4CB              F4CB  ?_419
            F4CC              F4CC  ?_420
            F4E5              F4E5  send_message
            F515              F515  ?_421
            F51D              F51D  ?_422
            F524              F524  ?_423
            F52C              F52C  ?_424
            F52E              F52E  ?_425
            F534              F534  ?_426
            F538              F538  ?_427
            F53A              F53A  ?_428
            F53E              F53E  ?_429
            F542              F542  ?_430
            F546              F546  ?_431
            F54E              F54E  ?_432
            F552              F552  ?_433
            F557              F557  ?_434
            F55D              F55D  ?_435
            F562              F562  ?_436
            F568              F568  ?_437
            F572              F572  ?_438
            F57B              F57B  ?_439
            F585              F585  ?_440
            F58F              F58F  ?_441
            F59B              F59B  ?_442
            F5A7              F5A7  ?_443
            F5B3              F5B3  ?_444
            F5BA              F5BA  ?_445
            F5CA              F5CA  ?_446
            F5D1              F5D1  ?_447
            F5D9              F5D9  ?_448
            F5F5              F5F5  memman
            F615              F615  keytable
            F675              F675  keytable1
            F705              F705  keyval
            F707              F707  ?_449
            F708              F708  ?_450
            F70D              F70D  mmx
            F711              F711  mmy
            F715              F715  KEY_CONTROL
            F719              F719  show_console_window
            F71D              F71D  console_pos
            F735              F735  table_rgb.2257
            F775              F775  cursor.2317
            F875              F875  closebtn.2436
            F955              F955  key_shift
            F959              F959  caps_lock
            F95D              F95D  first_task_cons_selector
            F961              F961  current_console
            F965              F965  console_count
            F969              F969  bootInfo
            F96D              F96D  ?_451
            F96F              F96F  ?_452
            F971              F971  keyinfo
            F989              F989  ?_453
            F98D              F98D  mouseinfo
            F9B5              F9B5  keybuf
            F9D5              F9D5  mousebuf
            FA55              FA55  mdec
            FA61              FA61  ?_454
            FA65              FA65  timerinfo
            FA81              FA81  timerbuf
            FA89              FA89  mx
            FA8D              FA8D  my
            FA91              FA91  xsize
            FA95              FA95  ysize
            FA99              FA99  buf_back
            FAB5              FAB5  buf_mouse
            FBB5              FBB5  shtMsgBox
            FBB9              FBB9  shtctl
            FBBD              FBBD  sht_back
            FBC1              FBC1  sht_mouse
            FBC5              FBC5  mouse_clicked_sht
            FBC9              FBC9  task_main
            FBCD              FBCD  current_console_task
            FBD1              FBD1  task_a.1953
            FBD5              FBD5  tss_a.1952
            FC55              FC55  tss_b.1951
            FCBD              FCBD  task_b.1941
            FCC9              FCC9  str.2365
            FCCA              FCCA  ?_455
            FCD3              FCD3  ?_456
            FCD5              FCD5  timerctl
            FCD9              FCD9  ?_457
            FCDD              FCDD  ?_458
            FCE1              FCE1  ?_459
            FCE5              FCE5  ?_460
           11C19             11C19  task_timer
           11C1D             11C1D  taskctl
           11C23             11C23  _SpuriousHandler
           11C24             11C24  _KeyBoardHandler
           11C42             11C42  _mouseHandler
           11C60             11C60  _timerHandler
           11C7A             11C7A  _stackOverFlowHandler
           11C93             11C93  _exceptionHandler
           11CAC             11CAC  get_font_data
           11CC5             11CC5  io_hlt
           11CC7             11CC7  io_cli
           11CC9             11CC9  io_sti
           11CCB             11CCB  io_stihlt
           11CCE             11CCE  io_in8
           11CD9             11CD9  io_in16
           11CE5             11CE5  io_in32
           11CEB             11CEB  io_out8
           11CF5             11CF5  io_out16
           11D00             11D00  io_out32
           11D0A             11D0A  io_load_eflags
           11D0D             11D0D  io_store_eflags
           11D14             11D14  get_memory_block_count
           11D1A             11D1A  get_leds
           11D20             11D20  get_adr_buffer
           11D26             11D26  get_addr_gdt
           11D2C             11D2C  get_code32_addr
           11D32             11D32  load_tr
           11D38             11D38  farjmp
           11D43             11D43  asm_cons_putchar
           11D61             11D61  end_app
           11D65             11D65  get_esp
           11D68             11D68  get_ss
           11D6D             11D6D  start_app
           11D96             11D96  asm_end_app
           11DA5             11DA5  load_ldt

---- Section .data ------------------------------------------------------------

Real              Virtual           Name
           11DC0             11DC0  MemChkBuf
           11EC0             11EC0  dwMCRNumber
           11EC4             11EC4  LEDS

