
- NASM Map file ---------------------------------------------------------------

Source file:  kernel.asm
Output file:  kernel.bat

-- Symbols --------------------------------------------------------------------

---- No Section ---------------------------------------------------------------

Value     Name
00004000  DA_32
00000098  DA_C
0000009A  DA_CR
00000092  DA_DRW
00000093  DA_DRWA
0000008E  DA_386IGate
00008000  DA_LIMIT_4K
00000089  DA_386TSS
000A0000  VRAM_ADDRESS
00001000  SystemFontLength
00000148  GdtLen
00000008  SelectorCode32
00000010  SelectorVideo
00000020  SelectorStack
00000018  SelectorVram
00000028  SelectorFont
00000170  IdtLen
000080C8  SpuriousHandler
000080C9  KeyBoardHandler
000080E7  mouseHandler
00008105  timerHandler
0000811F  stackOverFlowHandler
00008138  exceptionHandler
000081E8  AsmConsPutCharHandler
0000824A  SegCode32Len


---- Section .text ------------------------------------------------------------

Real              Virtual           Name
            8003              8003  LABEL_SYSTEM_FONT
            8003              8003  systemFont

---- Section .gdt -------------------------------------------------------------

Real              Virtual           Name
            9004              9004  LABEL_GDT
            900C              900C  LABEL_DESC_CODE32
            9014              9014  LABEL_DESC_VIDEO
            901C              901C  LABEL_DESC_VRAM
            9024              9024  LABEL_DESC_STACK
            902C              902C  LABEL_DESC_FONT
            9034              9034  LABEL_DESC_6
            903C              903C  LABEL_DESC_7
            9044              9044  LABEL_DESC_8
            904C              904C  LABEL_DESC_9
            9054              9054  LABEL_DESC_10
            914C              914C  GdtPtr
            9152              9152  LABEL_IDT
            91B2              91B2  LABEL_IDT.0Ch
            91BA              91BA  LABEL_IDT.0Dh
            9252              9252  LABEL_IDT.020h
            925A              925A  LABEL_IDT.021h
            92B2              92B2  LABEL_IDT.2CH
            92BA              92BA  LABEL_IDT.2DH
            92C2              92C2  IdtPtr

---- Section .s16 -------------------------------------------------------------

Real              Virtual           Name
            92C8              92C8  LABEL_BEGIN
            92D3              92D3  keystatus
            92D3              92D3  ComputeMemory
            92DC              92DC  ComputeMemory.loop
            9302              9302  LABEL_MEM_CHK_FAIL
            930B              930B  LABEL_MEM_CHK_OK
            939A              939A  init8259A
            93DD              93DD  io_delay

---- Section .s32 -------------------------------------------------------------

Real              Virtual           Name
            93E4              93E4  LABEL_SEG_CODE32
            93FC              93FC  CMain
            97CC              97CC  ?_001
            9814              9814  ?_002
            98A0              98A0  ?_003
            98D6              98D6  ?_004
            9914              9914  ?_005
            9950              9950  ?_006
            995A              995A  ?_007
            99A4              99A4  ?_008
            99C5              99C5  ?_009
            9A16              9A16  ?_010
            9A7C              9A7C  ?_011
            9B36              9B36  ?_012
            9BA0              9BA0  ?_013
            9BD7              9BD7  ?_014
            9C2F              9C2F  ?_015
            9C4B              9C4B  ?_016
            9C8A              9C8A  ?_017
            9CA9              9CA9  ?_018
            9CAE              9CAE  set_cursor
            9D13              9D13  isSpecialKey
            9D76              9D76  ?_019
            9D7D              9D7D  ?_020
            9D82              9D82  ?_021
            9D84              9D84  transferScanCode
            9DA1              9DA1  ?_022
            9DB8              9DB8  ?_023
            9DD2              9DD2  ?_024
            9DEC              9DEC  ?_025
            9E0F              9E0F  ?_026
            9E19              9E19  ?_027
            9E5B              9E5B  ?_028
            9E62              9E62  ?_029
            9EC8              9EC8  ?_030
            9F00              9F00  ?_031
            9F06              9F06  ?_032
            9F07              9F07  ?_033
            9F0A              9F0A  ?_034
            9F0C              9F0C  launch_console
            9F81              9F81  ?_035
            9F99              9F99  ?_036
            A067              A067  ?_037
            A16E              A16E  ?_038
            A176              A176  kill_process
            A1CD              A1CD  cmd_dir
            A206              A206  ?_039
            A20F              A20F  ?_040
            A238              A238  ?_041
            A244              A244  ?_042
            A245              A245  ?_043
            A263              A263  ?_044
            A280              A280  ?_045
            A32B              A32B  ?_046
            A352              A352  cmd_type
            A398              A398  ?_047
            A3C4              A3C4  ?_048
            A3D0              A3D0  ?_049
            A3D1              A3D1  ?_050
            A3E8              A3E8  ?_051
            A3F5              A3F5  ?_052
            A420              A420  ?_053
            A42C              A42C  ?_054
            A42D              A42D  ?_055
            A44B              A44B  ?_056
            A46A              A46A  ?_057
            A4CF              A4CF  ?_058
            A4EB              A4EB  ?_059
            A584              A584  ?_060
            A5C9              A5C9  ?_061
            A667              A667  ?_062
            A66A              A66A  ?_063
            A678              A678  ?_064
            A67C              A67C  ?_065
            A689              A689  ?_066
            A6DD              A6DD  cmd_mem
            A6FB              A6FB  ?_067
            A7C0              A7C0  cmd_cls
            A7E5              A7E5  ?_068
            A7EE              A7EE  ?_069
            A818              A818  ?_070
            A828              A828  ?_071
            A894              A894  cmd_hlt
            A8FD              A8FD  ?_072
            A91F              A91F  ?_073
            AA41              AA41  console_task
            AB5C              AB5C  ?_074
            AB8D              AB8D  ?_075
            ABE0              ABE0  ?_076
            ABFE              ABFE  ?_077
            AC13              AC13  ?_078
            AC50              AC50  ?_079
            ACD9              ACD9  ?_080
            AD21              AD21  ?_081
            AD7F              AD7F  ?_082
            ADA5              ADA5  ?_083
            ADCB              ADCB  ?_084
            ADEE              ADEE  ?_085
            AE1A              AE1A  ?_086
            AE63              AE63  ?_087
            AE75              AE75  ?_088
            AEFF              AEFF  ?_089
            AF42              AF42  ?_090
            AF66              AF66  ?_091
            AF86              AF86  ?_092
            AFC2              AFC2  ?_093
            AFCC              AFCC  cons_putstr
            AFD4              AFD4  ?_094
            AFED              AFED  ?_095
            AFFD              AFFD  api_linewin
            B034              B034  ?_096
            B041              B041  ?_097
            B065              B065  ?_098
            B06C              B06C  ?_099
            B08B              B08B  ?_100
            B09E              B09E  ?_101
            B0BA              B0BA  ?_102
            B0C1              B0C1  ?_103
            B0E0              B0E0  ?_104
            B0F1              B0F1  ?_105
            B0FA              B0FA  ?_106
            B12E              B12E  ?_107
            B139              B139  handle_keyboard
            B13F              B13F  ?_108
            B188              B188  ?_109
            B1D5              B1D5  ?_110
            B219              B219  ?_111
            B235              B235  ?_112
            B247              B247  ?_113
            B24D              B24D  ?_114
            B24F              B24F  close_constask
            B2DA              B2DA  close_console
            B341              B341  cmd_exit
            B369              B369  kernel_api
            B3AB              B3AB  ?_115
            B3D6              B3D6  ?_116
            B3F5              B3F5  ?_117
            B4E7              B4E7  ?_118
            B561              B561  ?_119
            B5CB              B5CB  ?_120
            B5FD              B5FD  ?_121
            B633              B633  ?_122
            B666              B666  ?_123
            B68A              B68A  ?_124
            B6AB              B6AB  ?_125
            B6C4              B6C4  ?_126
            B6ED              B6ED  ?_127
            B70E              B70E  ?_128
            B727              B727  ?_129
            B72C              B72C  ?_130
            B731              B731  cons_putchar
            B7EC              B7EC  cons_newline
            B809              B809  ?_131
            B812              B812  ?_132
            B81B              B81B  ?_133
            B856              B856  ?_134
            B866              B866  ?_135
            B87C              B87C  ?_136
            B885              B885  ?_137
            B8A3              B8A3  ?_138
            B8B3              B8B3  ?_139
            B8E2              B8E2  ?_140
            B90A              B90A  init_screen8
            BB52              BB52  computeMousePosition
            BB90              BB90  ?_141
            BBA7              BBA7  ?_142
            BBC5              BBC5  ?_143
            BBE3              BBE3  ?_144
            BBE6              BBE6  showString
            BC02              BC02  ?_145
            BC3E              BC3E  ?_146
            BC72              BC72  show_mouse_info
            BD1D              BD1D  ?_147
            BEAB              BEAB  ?_148
            BF08              BF08  ?_149
            BF0B              BF0B  ?_150
            BF17              BF17  ?_151
            BF7F              BF7F  ?_152
            BF8B              BF8B  ?_153
            BF8C              BF8C  ?_154
            BF8F              BF8F  initBootInfo
            BFB0              BFB0  init_palette
            BFDA              BFDA  ?_155
            BFE6              BFE6  ?_156
            BFF2              BFF2  ?_157
            C0D4              C0D4  ?_158
            C0E1              C0E1  ?_159
            C0EE              C0EE  ?_160
            C117              C117  set_palette
            C145              C145  ?_161
            C1A4              C1A4  ?_162
            C1C1              C1C1  boxfill8
            C1D5              C1D5  ?_163
            C1DD              C1DD  ?_164
            C1FA              C1FA  ?_165
            C209              C209  ?_166
            C219              C219  showFont8
            C231              C231  ?_167
            C267              C267  ?_168
            C296              C296  ?_169
            C2C5              C2C5  ?_170
            C2F4              C2F4  ?_171
            C323              C323  ?_172
            C352              C352  ?_173
            C381              C381  ?_174
            C3B0              C3B0  ?_175
            C3B3              C3B3  ?_176
            C3C1              C3C1  init_mouse_cursor
            C3D9              C3D9  ?_177
            C3E5              C3E5  ?_178
            C418              C418  ?_179
            C44B              C44B  ?_180
            C480              C480  ?_181
            C483              C483  ?_182
            C490              C490  ?_183
            C49E              C49E  putblock
            C4AE              C4AE  ?_184
            C4B7              C4B7  ?_185
            C4F0              C4F0  ?_186
            C4FB              C4FB  ?_187
            C50B              C50B  intHandlerFromC
            C567              C567  charToHexVal
            C585              C585  ?_188
            C58B              C58B  ?_189
            C58D              C58D  charToHexStr
            C5DF              C5DF  intToHexStr
            C603              C603  ?_190
            C611              C611  ?_191
            C624              C624  ?_192
            C654              C654  ?_193
            C666              C666  ?_194
            C669              C669  ?_195
            C67D              C67D  ?_196
            C684              C684  wait_KBC_sendready
            C68A              C68A  ?_197
            C6A4              C6A4  ?_198
            C6A8              C6A8  init_keyboard
            C6D9              C6D9  enable_mouse
            C717              C717  intHandlerForMouse
            C766              C766  mouse_decode
            C791              C791  ?_199
            C79B              C79B  ?_200
            C7CA              C7CA  ?_201
            C7D4              C7D4  ?_202
            C7FC              C7FC  ?_203
            C871              C871  ?_204
            C897              C897  ?_205
            C8AE              C8AE  ?_206
            C8B3              C8B3  ?_207
            C8B5              C8B5  showMemoryInfo
            CA61              CA61  message_box
            CB09              CB09  make_window8
            CCB1              CCB1  make_wtitle8
            CCD2              CCD2  ?_208
            CCDA              CCDA  ?_209
            CD2F              CD2F  ?_210
            CD38              CD38  ?_211
            CD5F              CD5F  ?_212
            CD6F              CD6F  ?_213
            CD7F              CD7F  ?_214
            CD83              CD83  ?_215
            CDB1              CDB1  ?_216
            CDBE              CDBE  ?_217
            CDCF              CDCF  make_textbox8
            CFB3              CFB3  file_loadfile
            CFE4              CFE4  ?_218
            CFED              CFED  ?_219
            D016              D016  ?_220
            D022              D022  ?_221
            D023              D023  ?_222
            D041              D041  ?_223
            D05E              D05E  ?_224
            D0DF              D0DF  ?_225
            D0F8              D0F8  ?_226
            D102              D102  ?_227
            D106              D106  ?_228
            D113              D113  ?_229
            D12D              D12D  intHandlerForStackOverFlow
            D20B              D20B  intHandlerForException
            D292              D292  memman_init
            D2BF              D2BF  memman_total
            D2D5              D2D5  ?_230
            D2E8              D2E8  ?_231
            D2FB              D2FB  memman_alloc
            D30E              D30E  ?_232
            D394              D394  ?_233
            D3BB              D3BB  ?_234
            D3C9              D3C9  ?_235
            D3CE              D3CE  ?_236
            D3D1              D3D1  ?_237
            D3E4              D3E4  ?_238
            D3EA              D3EA  memman_free
            D3FA              D3FA  ?_239
            D412              D412  ?_240
            D41E              D41E  ?_241
            D41F              D41F  ?_242
            D4E3              D4E3  ?_243
            D50A              D50A  ?_244
            D514              D514  ?_245
            D51E              D51E  ?_246
            D582              D582  ?_247
            D59C              D59C  ?_248
            D5C3              D5C3  ?_249
            D5FA              D5FA  ?_250
            D620              D620  ?_251
            D649              D649  ?_252
            D64F              D64F  memman_alloc_4k
            D67B              D67B  memman_free_4k
            D6AA              D6AA  shtctl_init
            D6DA              D6DA  ?_253
            D724              D724  ?_254
            D751              D751  ?_255
            D78E              D78E  ?_256
            D79E              D79E  ?_257
            D7A0              D7A0  sheet_alloc
            D7AF              D7AF  ?_258
            D812              D812  ?_259
            D815              D815  ?_260
            D827              D827  ?_261
            D829              D829  sheet_setbuf
            D852              D852  sheet_updown
            D87D              D87D  ?_262
            D88E              D88E  ?_263
            D8B5              D8B5  ?_264
            D8E8              D8E8  ?_265
            D992              D992  ?_266
            D9A9              D9A9  ?_267
            D9DC              D9DC  ?_268
            D9E7              D9E7  ?_269
            DA7E              DA7E  ?_270
            DA9C              DA9C  ?_271
            DACF              DACF  ?_272
            DAE9              DAE9  ?_273
            DAF4              DAF4  ?_274
            DB2B              DB2B  ?_275
            DB56              DB56  ?_276
            DBD7              DBD7  ?_277
            DBDF              DBDF  sheet_refresh
            DC48              DC48  ?_278
            DC55              DC55  sheet_slide
            DD62              DD62  ?_279
            DD6A              DD6A  sheet_refreshsub
            DD92              DD92  ?_280
            DDA3              DDA3  ?_281
            DDBB              DDBB  ?_282
            DDD3              DDD3  ?_283
            DDDE              DDDE  ?_284
            DE81              DE81  ?_285
            DE92              DE92  ?_286
            DEAA              DEAA  ?_287
            DEC2              DEC2  ?_288
            DECE              DECE  ?_289
            DEE5              DEE5  ?_290
            DF4B              DF4B  ?_291
            DF4E              DF4E  ?_292
            DF59              DF59  ?_293
            DF68              DF68  ?_294
            DF78              DF78  sheet_refreshmap
            DF98              DF98  ?_295
            DFA9              DFA9  ?_296
            DFC1              DFC1  ?_297
            DFD9              DFD9  ?_298
            DFE4              DFE4  ?_299
            E087              E087  ?_300
            E098              E098  ?_301
            E0B0              E0B0  ?_302
            E0C8              E0C8  ?_303
            E0D0              E0D0  ?_304
            E0E6              E0E6  ?_305
            E13C              E13C  ?_306
            E13F              E13F  ?_307
            E14A              E14A  ?_308
            E159              E159  ?_309
            E16B              E16B  sheet_free
            E192              E192  ?_310
            E19F              E19F  init_pit
            E1E8              E1E8  ?_311
            E20D              E20D  ?_312
            E21E              E21E  timer_alloc
            E22D              E22D  ?_313
            E263              E263  ?_314
            E266              E266  ?_315
            E278              E278  ?_316
            E27A              E27A  timer_free
            E28A              E28A  timer_init
            E2AB              E2AB  timer_settime
            E2C3              E2C3  intHandlerForTimer
            E2F3              E2F3  ?_317
            E395              E395  ?_318
            E3A4              E3A4  ?_319
            E3A7              E3A7  ?_320
            E3B7              E3B7  getTimerController
            E3C1              E3C1  fifo8_init
            E408              E408  fifo8_put
            E428              E428  ?_321
            E451              E451  ?_322
            E490              E490  ?_323
            E4DC              E4DC  ?_324
            E4E1              E4E1  ?_325
            E4E3              E4E3  fifo8_get
            E504              E504  ?_326
            E546              E546  ?_327
            E558              E558  ?_328
            E55A              E55A  fifo8_status
            E56F              E56F  strcmp
            E589              E589  ?_329
            E593              E593  ?_330
            E59C              E59C  ?_331
            E5C2              E5C2  ?_332
            E5C5              E5C5  ?_333
            E5E9              E5E9  ?_334
            E614              E614  ?_335
            E63F              E63F  ?_336
            E644              E644  ?_337
            E646              E646  set_segmdesc
            E662              E662  ?_338
            E6BD              E6BD  get_taskctl
            E6C7              E6C7  init_task_level
            E710              E710  ?_339
            E735              E735  ?_340
            E743              E743  task_init
            E776              E776  ?_341
            E810              E810  ?_342
            E823              E823  ?_343
            E834              E834  ?_344
            E8B4              E8B4  task_alloc
            E8C6              E8C6  ?_345
            E9D5              E9D5  ?_346
            E9D8              E9D8  ?_347
            E9E7              E9E7  ?_348
            E9E9              E9E9  task_run
            EA02              EA02  ?_349
            EA15              EA15  ?_350
            EA41              EA41  ?_351
            EA67              EA67  ?_352
            EA76              EA76  task_switch
            EAD6              EAD6  ?_353
            EB09              EB09  ?_354
            EB5D              EB5D  ?_355
            EB60              EB60  task_sleep
            EBDD              EBDD  ?_356
            EBE2              EBE2  task_now
            EC15              EC15  task_add
            EC61              EC61  task_remove
            EC8D              EC8D  ?_357
            ECB0              ECB0  ?_358
            ECB3              ECB3  ?_359
            ECBD              ECBD  ?_360
            ECE8              ECE8  ?_361
            ED01              ED01  ?_362
            ED0D              ED0D  ?_363
            ED27              ED27  ?_364
            ED34              ED34  task_switchsub
            ED43              ED43  ?_365
            ED67              ED67  ?_366
            ED73              ED73  ?_367
            ED74              ED74  ?_368
            ED8D              ED8D  send_message
            EDBD              EDBD  ?_369
            EDC5              EDC5  ?_370
            EDCC              EDCC  ?_371
            EDD4              EDD4  ?_372
            EDD6              EDD6  ?_373
            EDDC              EDDC  ?_374
            EDE0              EDE0  ?_375
            EDE2              EDE2  ?_376
            EDEA              EDEA  ?_377
            EDF0              EDF0  ?_378
            EDF4              EDF4  ?_379
            EDF8              EDF8  ?_380
            EDFC              EDFC  ?_381
            EE00              EE00  ?_382
            EE05              EE05  ?_383
            EE0E              EE0E  ?_384
            EE18              EE18  ?_385
            EE24              EE24  ?_386
            EE30              EE30  ?_387
            EE3C              EE3C  ?_388
            EE43              EE43  ?_389
            EE53              EE53  ?_390
            EE5A              EE5A  ?_391
            EE62              EE62  ?_392
            EE7E              EE7E  memman
            EE9E              EE9E  keytable
            EEFE              EEFE  keytable1
            EF8E              EF8E  keyval
            EF90              EF90  ?_393
            EF91              EF91  ?_394
            EF96              EF96  mmx
            EF9A              EF9A  mmy
            EF9E              EF9E  KEY_CONTROL
            EFBE              EFBE  table_rgb.2208
            EFFE              EFFE  cursor.2268
            F0FE              F0FE  closebtn.2387
            F1DE              F1DE  g_hlt
            F1E2              F1E2  key_shift
            F1E6              F1E6  caps_lock
            F1EA              F1EA  first_task_cons_selector
            F1EE              F1EE  current_console
            F1F2              F1F2  bootInfo
            F1F6              F1F6  ?_395
            F1F8              F1F8  ?_396
            F1FA              F1FA  keyinfo
            F212              F212  ?_397
            F216              F216  mouseinfo
            F23E              F23E  keybuf
            F25E              F25E  mousebuf
            F2DE              F2DE  mdec
            F2EA              F2EA  ?_398
            F2EE              F2EE  timerinfo
            F30A              F30A  timerbuf
            F312              F312  mx
            F316              F316  my
            F31A              F31A  xsize
            F31E              F31E  ysize
            F322              F322  buf_back
            F33E              F33E  buf_mouse
            F43E              F43E  shtMsgBox
            F442              F442  shtctl
            F446              F446  sht_back
            F44A              F44A  sht_mouse
            F44E              F44E  mouse_clicked_sht
            F452              F452  task_main
            F456              F456  current_console_task
            F45A              F45A  task_a.1944
            F45E              F45E  tss_a.1943
            F4DE              F4DE  tss_b.1942
            F546              F546  task_b.1932
            F552              F552  str.2316
            F553              F553  ?_399
            F55C              F55C  ?_400
            F55E              F55E  timerctl
            F562              F562  ?_401
            F566              F566  ?_402
            F56A              F56A  ?_403
            F56E              F56E  ?_404
           114A2             114A2  task_timer
           114A6             114A6  taskctl
           114AC             114AC  _SpuriousHandler
           114AD             114AD  _KeyBoardHandler
           114CB             114CB  _mouseHandler
           114E9             114E9  _timerHandler
           11503             11503  _stackOverFlowHandler
           1151C             1151C  _exceptionHandler
           11535             11535  get_font_data
           1154E             1154E  io_hlt
           11550             11550  io_cli
           11552             11552  io_sti
           11554             11554  io_stihlt
           11557             11557  io_in8
           11562             11562  io_in16
           1156E             1156E  io_in32
           11574             11574  io_out8
           1157E             1157E  io_out16
           11589             11589  io_out32
           11593             11593  io_load_eflags
           11596             11596  io_store_eflags
           1159D             1159D  get_memory_block_count
           115A3             115A3  get_leds
           115A9             115A9  get_adr_buffer
           115AF             115AF  get_addr_gdt
           115B5             115B5  get_code32_addr
           115BB             115BB  load_tr
           115C1             115C1  farjmp
           115CC             115CC  asm_cons_putchar
           115EA             115EA  end_app
           115EE             115EE  get_esp
           115F1             115F1  get_ss
           115F6             115F6  start_app
           1161F             1161F  asm_end_app

---- Section .data ------------------------------------------------------------

Real              Virtual           Name
           11640             11640  MemChkBuf
           11740             11740  dwMCRNumber
           11744             11744  LEDS

