
- NASM Map file ---------------------------------------------------------------

Source file:  kernel.asm
Output file:  kernel.bat

-- Symbols --------------------------------------------------------------------

---- No Section ---------------------------------------------------------------

Value     Name
00004000  DA_32
00000098  DA_C
0000009A  DA_CR
00000092  DA_DRW
00000093  DA_DRWA
0000008E  DA_386IGate
00008000  DA_LIMIT_4K
00000089  DA_386TSS
000A0000  VRAM_ADDRESS
00001000  SystemFontLength
00000148  GdtLen
00000008  SelectorCode32
00000010  SelectorVideo
00000020  SelectorStack
00000018  SelectorVram
00000028  SelectorFont
00000170  IdtLen
000084D0  SpuriousHandler
000084D1  KeyBoardHandler
000084EF  mouseHandler
0000850D  timerHandler
00008527  stackOverFlowHandler
00008540  exceptionHandler
000085F0  AsmConsPutCharHandler
0000865A  SegCode32Len


---- Section .text ------------------------------------------------------------

Real              Virtual           Name
            8003              8003  LABEL_SYSTEM_FONT
            8003              8003  systemFont

---- Section .gdt -------------------------------------------------------------

Real              Virtual           Name
            9004              9004  LABEL_GDT
            900C              900C  LABEL_DESC_CODE32
            9014              9014  LABEL_DESC_VIDEO
            901C              901C  LABEL_DESC_VRAM
            9024              9024  LABEL_DESC_STACK
            902C              902C  LABEL_DESC_FONT
            9034              9034  LABEL_DESC_6
            903C              903C  LABEL_DESC_7
            9044              9044  LABEL_DESC_8
            904C              904C  LABEL_DESC_9
            9054              9054  LABEL_DESC_10
            914C              914C  GdtPtr
            9152              9152  LABEL_IDT
            91B2              91B2  LABEL_IDT.0Ch
            91BA              91BA  LABEL_IDT.0Dh
            9252              9252  LABEL_IDT.020h
            925A              925A  LABEL_IDT.021h
            92B2              92B2  LABEL_IDT.2CH
            92BA              92BA  LABEL_IDT.2DH
            92C2              92C2  IdtPtr

---- Section .s16 -------------------------------------------------------------

Real              Virtual           Name
            92C8              92C8  LABEL_BEGIN
            92D3              92D3  keystatus
            92D3              92D3  ComputeMemory
            92DC              92DC  ComputeMemory.loop
            9302              9302  LABEL_MEM_CHK_FAIL
            930B              930B  LABEL_MEM_CHK_OK
            939A              939A  init8259A
            93DD              93DD  io_delay

---- Section .s32 -------------------------------------------------------------

Real              Virtual           Name
            93E4              93E4  LABEL_SEG_CODE32
            93FC              93FC  CMain
            97CD              97CD  ?_001
            9815              9815  ?_002
            98AC              98AC  ?_003
            98DC              98DC  ?_004
            991A              991A  ?_005
            9956              9956  ?_006
            9960              9960  ?_007
            99AA              99AA  ?_008
            99CB              99CB  ?_009
            9A1C              9A1C  ?_010
            9A82              9A82  ?_011
            9B3C              9B3C  ?_012
            9BA6              9BA6  ?_013
            9BDD              9BDD  ?_014
            9C35              9C35  ?_015
            9C51              9C51  ?_016
            9C90              9C90  ?_017
            9CAF              9CAF  ?_018
            9CB4              9CB4  set_cursor
            9D1D              9D1D  ?_019
            9D1E              9D1E  ?_020
            9D25              9D25  isSpecialKey
            9D88              9D88  ?_021
            9D8F              9D8F  ?_022
            9D94              9D94  ?_023
            9D96              9D96  transferScanCode
            9DB3              9DB3  ?_024
            9DCA              9DCA  ?_025
            9DE4              9DE4  ?_026
            9DFE              9DFE  ?_027
            9E21              9E21  ?_028
            9E2B              9E2B  ?_029
            9E6D              9E6D  ?_030
            9E74              9E74  ?_031
            9EDA              9EDA  ?_032
            9F12              9F12  ?_033
            9F18              9F18  ?_034
            9F19              9F19  ?_035
            9F1C              9F1C  ?_036
            9F1E              9F1E  launch_console
            9F9A              9F9A  ?_037
            9FB2              9FB2  ?_038
            A080              A080  ?_039
            A1A0              A1A0  ?_040
            A1A8              A1A8  kill_process
            A1FF              A1FF  cmd_dir
            A238              A238  ?_041
            A241              A241  ?_042
            A26A              A26A  ?_043
            A276              A276  ?_044
            A277              A277  ?_045
            A295              A295  ?_046
            A2B2              A2B2  ?_047
            A35D              A35D  ?_048
            A384              A384  cmd_type
            A3DB              A3DB  ?_049
            A407              A407  ?_050
            A413              A413  ?_051
            A414              A414  ?_052
            A42B              A42B  ?_053
            A438              A438  ?_054
            A463              A463  ?_055
            A46F              A46F  ?_056
            A470              A470  ?_057
            A48E              A48E  ?_058
            A4AD              A4AD  ?_059
            A512              A512  ?_060
            A52E              A52E  ?_061
            A5C7              A5C7  ?_062
            A60C              A60C  ?_063
            A6AA              A6AA  ?_064
            A6AD              A6AD  ?_065
            A6BB              A6BB  ?_066
            A6BF              A6BF  ?_067
            A6CC              A6CC  ?_068
            A71A              A71A  ?_069
            A71B              A71B  ?_070
            A722              A722  cmd_mem
            A751              A751  ?_071
            A815              A815  ?_072
            A816              A816  ?_073
            A818              A818  cmd_cls
            A84E              A84E  ?_074
            A857              A857  ?_075
            A881              A881  ?_076
            A891              A891  ?_077
            A8FC              A8FC  ?_078
            A8FD              A8FD  ?_079
            A8FF              A8FF  cmd_execute_program
            A966              A966  ?_080
            A988              A988  ?_081
            AA92              AA92  cmd_start
            AB04              AB04  ?_082
            AB27              AB27  ?_083
            AB59              AB59  cmd_ncst
            AB9D              AB9D  ?_084
            ABC0              ABC0  ?_085
            ABF2              ABF2  console_task
            ACE1              ACE1  ?_086
            AD12              AD12  ?_087
            AD65              AD65  ?_088
            AD83              AD83  ?_089
            AD98              AD98  ?_090
            ADD5              ADD5  ?_091
            AE38              AE38  ?_092
            AE80              AE80  ?_093
            AEA2              AEA2  ?_094
            AEFD              AEFD  ?_095
            AF23              AF23  ?_096
            AF54              AF54  ?_097
            AF7A              AF7A  ?_098
            AFA9              AFA9  ?_099
            AFF7              AFF7  ?_100
            B024              B024  ?_101
            B051              B051  ?_102
            B07D              B07D  ?_103
            B08F              B08F  ?_104
            B119              B119  ?_105
            B15C              B15C  ?_106
            B180              B180  ?_107
            B1A2              B1A2  ?_108
            B1C3              B1C3  ?_109
            B1DE              B1DE  ?_110
            B22B              B22B  ?_111
            B235              B235  cons_putstr
            B23D              B23D  ?_112
            B256              B256  ?_113
            B266              B266  api_linewin
            B29D              B29D  ?_114
            B2AA              B2AA  ?_115
            B2CE              B2CE  ?_116
            B2D5              B2D5  ?_117
            B2F4              B2F4  ?_118
            B307              B307  ?_119
            B323              B323  ?_120
            B32A              B32A  ?_121
            B349              B349  ?_122
            B35A              B35A  ?_123
            B363              B363  ?_124
            B397              B397  ?_125
            B3A2              B3A2  handle_keyboard
            B3A8              B3A8  ?_126
            B3F1              B3F1  ?_127
            B43E              B43E  ?_128
            B482              B482  ?_129
            B49E              B49E  ?_130
            B4B0              B4B0  ?_131
            B4B6              B4B6  ?_132
            B4B8              B4B8  close_constask
            B543              B543  close_console
            B5AD              B5AD  ?_133
            B5BE              B5BE  cmd_exit
            B5E6              B5E6  kernel_api
            B62F              B62F  ?_134
            B65A              B65A  ?_135
            B679              B679  ?_136
            B76B              B76B  ?_137
            B7E5              B7E5  ?_138
            B84F              B84F  ?_139
            B881              B881  ?_140
            B8B7              B8B7  ?_141
            B8EA              B8EA  ?_142
            B92B              B92B  ?_143
            B94C              B94C  ?_144
            B965              B965  ?_145
            B98E              B98E  ?_146
            B9AF              B9AF  ?_147
            B9C8              B9C8  ?_148
            B9CD              B9CD  ?_149
            B9D2              B9D2  cons_putchar
            BA8D              BA8D  cons_newline
            BAB4              BAB4  ?_150
            BABD              BABD  ?_151
            BAC6              BAC6  ?_152
            BB01              BB01  ?_153
            BB11              BB11  ?_154
            BB27              BB27  ?_155
            BB30              BB30  ?_156
            BB4E              BB4E  ?_157
            BB5E              BB5E  ?_158
            BB8D              BB8D  ?_159
            BBB2              BBB2  ?_160
            BBB4              BBB4  ?_161
            BBB9              BBB9  init_screen8
            BE01              BE01  computeMousePosition
            BE3F              BE3F  ?_162
            BE56              BE56  ?_163
            BE74              BE74  ?_164
            BE92              BE92  ?_165
            BE95              BE95  showString
            BEC5              BEC5  ?_166
            BF01              BF01  ?_167
            BF31              BF31  ?_168
            BF32              BF32  ?_169
            BF37              BF37  show_mouse_info
            BFE2              BFE2  ?_170
            C0D2              C0D2  ?_171
            C10C              C10C  ?_172
            C160              C160  ?_173
            C1C5              C1C5  ?_174
            C244              C244  ?_175
            C247              C247  ?_176
            C253              C253  ?_177
            C2BB              C2BB  ?_178
            C2C7              C2C7  ?_179
            C2C8              C2C8  ?_180
            C2CB              C2CB  initBootInfo
            C2EC              C2EC  init_palette
            C316              C316  ?_181
            C322              C322  ?_182
            C32E              C32E  ?_183
            C410              C410  ?_184
            C41D              C41D  ?_185
            C42A              C42A  ?_186
            C453              C453  set_palette
            C481              C481  ?_187
            C4E0              C4E0  ?_188
            C4FD              C4FD  boxfill8
            C511              C511  ?_189
            C519              C519  ?_190
            C536              C536  ?_191
            C545              C545  ?_192
            C555              C555  showFont8
            C56D              C56D  ?_193
            C5A3              C5A3  ?_194
            C5D2              C5D2  ?_195
            C601              C601  ?_196
            C630              C630  ?_197
            C65F              C65F  ?_198
            C68E              C68E  ?_199
            C6BD              C6BD  ?_200
            C6EC              C6EC  ?_201
            C6EF              C6EF  ?_202
            C6FD              C6FD  init_mouse_cursor
            C715              C715  ?_203
            C721              C721  ?_204
            C754              C754  ?_205
            C787              C787  ?_206
            C7BC              C7BC  ?_207
            C7BF              C7BF  ?_208
            C7CC              C7CC  ?_209
            C7DA              C7DA  putblock
            C7EA              C7EA  ?_210
            C7F3              C7F3  ?_211
            C82C              C82C  ?_212
            C837              C837  ?_213
            C847              C847  intHandlerFromC
            C8A3              C8A3  charToHexVal
            C8C1              C8C1  ?_214
            C8C7              C8C7  ?_215
            C8C9              C8C9  charToHexStr
            C91B              C91B  intToHexStr
            C93F              C93F  ?_216
            C94D              C94D  ?_217
            C960              C960  ?_218
            C990              C990  ?_219
            C9A2              C9A2  ?_220
            C9A5              C9A5  ?_221
            C9B9              C9B9  ?_222
            C9C0              C9C0  wait_KBC_sendready
            C9C6              C9C6  ?_223
            C9E0              C9E0  ?_224
            C9E4              C9E4  init_keyboard
            CA15              CA15  enable_mouse
            CA53              CA53  intHandlerForMouse
            CAA2              CAA2  mouse_decode
            CACD              CACD  ?_225
            CAD7              CAD7  ?_226
            CB06              CB06  ?_227
            CB10              CB10  ?_228
            CB38              CB38  ?_229
            CBAD              CBAD  ?_230
            CBD3              CBD3  ?_231
            CBEA              CBEA  ?_232
            CBEF              CBEF  ?_233
            CBF1              CBF1  showMemoryInfo
            CD9D              CD9D  message_box
            CE45              CE45  make_window8
            CFED              CFED  make_wtitle8
            D00E              D00E  ?_234
            D016              D016  ?_235
            D06B              D06B  ?_236
            D074              D074  ?_237
            D09B              D09B  ?_238
            D0AB              D0AB  ?_239
            D0BB              D0BB  ?_240
            D0BF              D0BF  ?_241
            D0ED              D0ED  ?_242
            D0FA              D0FA  ?_243
            D10B              D10B  make_textbox8
            D2EF              D2EF  file_loadfile
            D320              D320  ?_244
            D329              D329  ?_245
            D352              D352  ?_246
            D35E              D35E  ?_247
            D35F              D35F  ?_248
            D37D              D37D  ?_249
            D39A              D39A  ?_250
            D41B              D41B  ?_251
            D434              D434  ?_252
            D43E              D43E  ?_253
            D442              D442  ?_254
            D44F              D44F  ?_255
            D469              D469  intHandlerForStackOverFlow
            D547              D547  intHandlerForException
            D5CE              D5CE  memman_init
            D5FB              D5FB  memman_total
            D611              D611  ?_256
            D624              D624  ?_257
            D637              D637  memman_alloc
            D64A              D64A  ?_258
            D6D0              D6D0  ?_259
            D6F7              D6F7  ?_260
            D705              D705  ?_261
            D70A              D70A  ?_262
            D70D              D70D  ?_263
            D720              D720  ?_264
            D726              D726  memman_free
            D736              D736  ?_265
            D74E              D74E  ?_266
            D75A              D75A  ?_267
            D75B              D75B  ?_268
            D81F              D81F  ?_269
            D846              D846  ?_270
            D850              D850  ?_271
            D85A              D85A  ?_272
            D8BE              D8BE  ?_273
            D8D8              D8D8  ?_274
            D8FF              D8FF  ?_275
            D936              D936  ?_276
            D95C              D95C  ?_277
            D985              D985  ?_278
            D98B              D98B  memman_alloc_4k
            D9B7              D9B7  memman_free_4k
            D9E6              D9E6  shtctl_init
            DA16              DA16  ?_279
            DA60              DA60  ?_280
            DA8D              DA8D  ?_281
            DACA              DACA  ?_282
            DADA              DADA  ?_283
            DADC              DADC  sheet_alloc
            DAEB              DAEB  ?_284
            DB4E              DB4E  ?_285
            DB51              DB51  ?_286
            DB63              DB63  ?_287
            DB65              DB65  sheet_setbuf
            DB8E              DB8E  sheet_updown
            DBB9              DBB9  ?_288
            DBCA              DBCA  ?_289
            DBF1              DBF1  ?_290
            DC24              DC24  ?_291
            DCCE              DCCE  ?_292
            DCE5              DCE5  ?_293
            DD18              DD18  ?_294
            DD23              DD23  ?_295
            DDBA              DDBA  ?_296
            DDD8              DDD8  ?_297
            DE0B              DE0B  ?_298
            DE25              DE25  ?_299
            DE30              DE30  ?_300
            DE67              DE67  ?_301
            DE92              DE92  ?_302
            DF13              DF13  ?_303
            DF1B              DF1B  sheet_refresh
            DF84              DF84  ?_304
            DF91              DF91  sheet_slide
            E09E              E09E  ?_305
            E0A6              E0A6  sheet_refreshsub
            E0CE              E0CE  ?_306
            E0DF              E0DF  ?_307
            E0F7              E0F7  ?_308
            E10F              E10F  ?_309
            E11A              E11A  ?_310
            E1BD              E1BD  ?_311
            E1CE              E1CE  ?_312
            E1E6              E1E6  ?_313
            E1FE              E1FE  ?_314
            E20A              E20A  ?_315
            E221              E221  ?_316
            E287              E287  ?_317
            E28A              E28A  ?_318
            E295              E295  ?_319
            E2A4              E2A4  ?_320
            E2B4              E2B4  sheet_refreshmap
            E2D4              E2D4  ?_321
            E2E5              E2E5  ?_322
            E2FD              E2FD  ?_323
            E315              E315  ?_324
            E320              E320  ?_325
            E3C3              E3C3  ?_326
            E3D4              E3D4  ?_327
            E3EC              E3EC  ?_328
            E404              E404  ?_329
            E40C              E40C  ?_330
            E422              E422  ?_331
            E478              E478  ?_332
            E47B              E47B  ?_333
            E486              E486  ?_334
            E495              E495  ?_335
            E4A7              E4A7  sheet_free
            E4CE              E4CE  ?_336
            E4DB              E4DB  init_pit
            E524              E524  ?_337
            E549              E549  ?_338
            E55A              E55A  timer_alloc
            E569              E569  ?_339
            E59F              E59F  ?_340
            E5A2              E5A2  ?_341
            E5B4              E5B4  ?_342
            E5B6              E5B6  timer_free
            E5C6              E5C6  timer_init
            E5E7              E5E7  timer_settime
            E5FF              E5FF  intHandlerForTimer
            E62F              E62F  ?_343
            E6D1              E6D1  ?_344
            E6E0              E6E0  ?_345
            E6E3              E6E3  ?_346
            E6F3              E6F3  getTimerController
            E6FD              E6FD  fifo8_init
            E744              E744  fifo8_put
            E764              E764  ?_347
            E78D              E78D  ?_348
            E7CC              E7CC  ?_349
            E818              E818  ?_350
            E81D              E81D  ?_351
            E81F              E81F  fifo8_get
            E840              E840  ?_352
            E882              E882  ?_353
            E894              E894  ?_354
            E896              E896  fifo8_status
            E8AB              E8AB  strcmp
            E8C5              E8C5  ?_355
            E8CF              E8CF  ?_356
            E8D8              E8D8  ?_357
            E8FE              E8FE  ?_358
            E901              E901  ?_359
            E925              E925  ?_360
            E950              E950  ?_361
            E97B              E97B  ?_362
            E980              E980  ?_363
            E982              E982  set_segmdesc
            E99E              E99E  ?_364
            E9F9              E9F9  get_taskctl
            EA03              EA03  init_task_level
            EA4C              EA4C  ?_365
            EA71              EA71  ?_366
            EA7F              EA7F  task_init
            EAB3              EAB3  ?_367
            EBED              EBED  ?_368
            EC00              EC00  ?_369
            EC11              EC11  ?_370
            EC93              EC93  task_alloc
            ECA6              ECA6  ?_371
            EDBA              EDBA  ?_372
            EDBD              EDBD  ?_373
            EDCC              EDCC  ?_374
            EDD2              EDD2  task_run
            EDEB              EDEB  ?_375
            EDFE              EDFE  ?_376
            EE2A              EE2A  ?_377
            EE50              EE50  ?_378
            EE5F              EE5F  task_switch
            EEBF              EEBF  ?_379
            EEF2              EEF2  ?_380
            EF46              EF46  ?_381
            EF49              EF49  task_sleep
            EFC6              EFC6  ?_382
            EFCB              EFCB  task_now
            EFFE              EFFE  task_add
            F04A              F04A  task_remove
            F076              F076  ?_383
            F099              F099  ?_384
            F09C              F09C  ?_385
            F0A6              F0A6  ?_386
            F0D1              F0D1  ?_387
            F0EA              F0EA  ?_388
            F0F6              F0F6  ?_389
            F110              F110  ?_390
            F11D              F11D  task_switchsub
            F12C              F12C  ?_391
            F150              F150  ?_392
            F15C              F15C  ?_393
            F15D              F15D  ?_394
            F176              F176  send_message
            F1A6              F1A6  ?_395
            F1AE              F1AE  ?_396
            F1B5              F1B5  ?_397
            F1BD              F1BD  ?_398
            F1BF              F1BF  ?_399
            F1C5              F1C5  ?_400
            F1C9              F1C9  ?_401
            F1CB              F1CB  ?_402
            F1CF              F1CF  ?_403
            F1D3              F1D3  ?_404
            F1D7              F1D7  ?_405
            F1DF              F1DF  ?_406
            F1E3              F1E3  ?_407
            F1E8              F1E8  ?_408
            F1EE              F1EE  ?_409
            F1F3              F1F3  ?_410
            F1F9              F1F9  ?_411
            F203              F203  ?_412
            F20C              F20C  ?_413
            F216              F216  ?_414
            F220              F220  ?_415
            F22C              F22C  ?_416
            F238              F238  ?_417
            F244              F244  ?_418
            F24B              F24B  ?_419
            F25B              F25B  ?_420
            F262              F262  ?_421
            F26A              F26A  ?_422
            F286              F286  memman
            F2A6              F2A6  keytable
            F306              F306  keytable1
            F396              F396  keyval
            F398              F398  ?_423
            F399              F399  ?_424
            F39E              F39E  mmx
            F3A2              F3A2  mmy
            F3A6              F3A6  KEY_CONTROL
            F3AA              F3AA  show_console_window
            F3AE              F3AE  console_pos
            F3C6              F3C6  table_rgb.2236
            F406              F406  cursor.2296
            F506              F506  closebtn.2415
            F5E6              F5E6  key_shift
            F5EA              F5EA  caps_lock
            F5EE              F5EE  first_task_cons_selector
            F5F2              F5F2  current_console
            F5F6              F5F6  console_count
            F5FA              F5FA  kernel_pos
            F5FE              F5FE  bootInfo
            F602              F602  ?_425
            F604              F604  ?_426
            F606              F606  keyinfo
            F61E              F61E  ?_427
            F622              F622  mouseinfo
            F646              F646  keybuf
            F666              F666  mousebuf
            F6E6              F6E6  mdec
            F6F2              F6F2  ?_428
            F6F6              F6F6  timerinfo
            F712              F712  timerbuf
            F71A              F71A  mx
            F71E              F71E  my
            F722              F722  xsize
            F726              F726  ysize
            F72A              F72A  buf_back
            F746              F746  buf_mouse
            F846              F846  shtMsgBox
            F84A              F84A  shtctl
            F84E              F84E  sht_back
            F852              F852  sht_mouse
            F856              F856  mouse_clicked_sht
            F85A              F85A  task_main
            F85E              F85E  current_console_task
            F862              F862  task_a.1948
            F866              F866  tss_a.1947
            F8E6              F8E6  tss_b.1946
            F94E              F94E  task_b.1936
            F95A              F95A  str.2344
            F95B              F95B  ?_429
            F964              F964  ?_430
            F966              F966  timerctl
            F96A              F96A  ?_431
            F96E              F96E  ?_432
            F972              F972  ?_433
            F976              F976  ?_434
           118AA             118AA  task_timer
           118AE             118AE  taskctl
           118B4             118B4  _SpuriousHandler
           118B5             118B5  _KeyBoardHandler
           118D3             118D3  _mouseHandler
           118F1             118F1  _timerHandler
           1190B             1190B  _stackOverFlowHandler
           11924             11924  _exceptionHandler
           1193D             1193D  get_font_data
           11956             11956  io_hlt
           11958             11958  io_cli
           1195A             1195A  io_sti
           1195C             1195C  io_stihlt
           1195F             1195F  io_in8
           1196A             1196A  io_in16
           11976             11976  io_in32
           1197C             1197C  io_out8
           11986             11986  io_out16
           11991             11991  io_out32
           1199B             1199B  io_load_eflags
           1199E             1199E  io_store_eflags
           119A5             119A5  get_memory_block_count
           119AB             119AB  get_leds
           119B1             119B1  get_adr_buffer
           119B7             119B7  get_addr_gdt
           119BD             119BD  get_code32_addr
           119C3             119C3  load_tr
           119C9             119C9  farjmp
           119D4             119D4  asm_cons_putchar
           119F2             119F2  end_app
           119F6             119F6  get_esp
           119F9             119F9  get_ss
           119FE             119FE  start_app
           11A27             11A27  asm_end_app
           11A36             11A36  load_ldt

---- Section .data ------------------------------------------------------------

Real              Virtual           Name
           11A40             11A40  MemChkBuf
           11B40             11B40  dwMCRNumber
           11B44             11B44  LEDS

