
- NASM Map file ---------------------------------------------------------------

Source file:  kernel.asm
Output file:  kernel.bat

-- Symbols --------------------------------------------------------------------

---- No Section ---------------------------------------------------------------

Value     Name
00004000  DA_32
00000098  DA_C
0000009A  DA_CR
00000092  DA_DRW
00000093  DA_DRWA
0000008E  DA_386IGate
00008000  DA_LIMIT_4K
00000089  DA_386TSS
000A0000  VRAM_ADDRESS
00001000  SystemFontLength
000000A8  GdtLen
00000008  SelectorCode32
00000010  SelectorVideo
00000020  SelectorStack
00000018  SelectorVram
00000028  SelectorFont
00000170  IdtLen
00007043  SpuriousHandler
00007044  KeyBoardHandler
00007062  mouseHandler
00007080  timerHandler
0000709A  stackOverFlowHandler
000070B3  exceptionHandler
00007163  AsmConsPutCharHandler
000071C2  SegCode32Len


---- Section .text ------------------------------------------------------------

Real              Virtual           Name
            8003              8003  LABEL_SYSTEM_FONT
            8003              8003  systemFont

---- Section .gdt -------------------------------------------------------------

Real              Virtual           Name
            9004              9004  LABEL_GDT
            900C              900C  LABEL_DESC_CODE32
            9014              9014  LABEL_DESC_VIDEO
            901C              901C  LABEL_DESC_VRAM
            9024              9024  LABEL_DESC_STACK
            902C              902C  LABEL_DESC_FONT
            9034              9034  LABEL_DESC_6
            903C              903C  LABEL_DESC_7
            9044              9044  LABEL_DESC_8
            904C              904C  LABEL_DESC_9
            9054              9054  LABEL_DESC_10
            90AC              90AC  GdtPtr
            90B2              90B2  LABEL_IDT
            9112              9112  LABEL_IDT.0Ch
            911A              911A  LABEL_IDT.0Dh
            91B2              91B2  LABEL_IDT.020h
            91BA              91BA  LABEL_IDT.021h
            9212              9212  LABEL_IDT.2CH
            921A              921A  LABEL_IDT.2DH
            9222              9222  IdtPtr

---- Section .s16 -------------------------------------------------------------

Real              Virtual           Name
            9228              9228  LABEL_BEGIN
            9233              9233  keystatus
            9233              9233  ComputeMemory
            923C              923C  ComputeMemory.loop
            9262              9262  LABEL_MEM_CHK_FAIL
            926B              926B  LABEL_MEM_CHK_OK
            92FA              92FA  init8259A
            933D              933D  io_delay

---- Section .s32 -------------------------------------------------------------

Real              Virtual           Name
            9344              9344  LABEL_SEG_CODE32
            935C              935C  CMain
            96E8              96E8  ?_001
            9730              9730  ?_002
            97CB              97CB  ?_003
            9849              9849  ?_004
            98A1              98A1  ?_005
            9904              9904  ?_006
            99BE              99BE  ?_007
            9A1B              9A1B  ?_008
            9A52              9A52  ?_009
            9AAA              9AAA  ?_010
            9AC6              9AC6  ?_011
            9B05              9B05  ?_012
            9B29              9B29  set_cursor
            9B8E              9B8E  isSpecialKey
            9BF1              9BF1  ?_013
            9BF8              9BF8  ?_014
            9BFD              9BFD  ?_015
            9BFF              9BFF  transferScanCode
            9C1C              9C1C  ?_016
            9C33              9C33  ?_017
            9C4D              9C4D  ?_018
            9C67              9C67  ?_019
            9C8A              9C8A  ?_020
            9C94              9C94  ?_021
            9CD6              9CD6  ?_022
            9CDD              9CDD  ?_023
            9D43              9D43  ?_024
            9D7B              9D7B  ?_025
            9D81              9D81  ?_026
            9D82              9D82  ?_027
            9D85              9D85  ?_028
            9D87              9D87  launch_console
            9F13              9F13  kill_process
            9F55              9F55  cmd_dir
            9F86              9F86  ?_029
            9F8F              9F8F  ?_030
            9FB8              9FB8  ?_031
            9FC4              9FC4  ?_032
            9FC5              9FC5  ?_033
            9FE3              9FE3  ?_034
            A000              A000  ?_035
            A094              A094  ?_036
            A0BB              A0BB  cmd_type
            A0F9              A0F9  ?_037
            A125              A125  ?_038
            A131              A131  ?_039
            A132              A132  ?_040
            A149              A149  ?_041
            A156              A156  ?_042
            A181              A181  ?_043
            A18D              A18D  ?_044
            A18E              A18E  ?_045
            A1AC              A1AC  ?_046
            A1CB              A1CB  ?_047
            A22D              A22D  ?_048
            A249              A249  ?_049
            A2BC              A2BC  ?_050
            A2F0              A2F0  ?_051
            A36B              A36B  ?_052
            A36E              A36E  ?_053
            A37C              A37C  ?_054
            A380              A380  ?_055
            A38D              A38D  ?_056
            A3D3              A3D3  cmd_mem
            A3E5              A3E5  ?_057
            A48D              A48D  cmd_cls
            A4AA              A4AA  ?_058
            A4B3              A4B3  ?_059
            A4D5              A4D5  ?_060
            A4E5              A4E5  ?_061
            A548              A548  cmd_hlt
            A62F              A62F  console_task
            A724              A724  ?_062
            A74A              A74A  ?_063
            A7A2              A7A2  ?_064
            A7C0              A7C0  ?_065
            A7D5              A7D5  ?_066
            A812              A812  ?_067
            A861              A861  ?_068
            A89B              A89B  ?_069
            A8F1              A8F1  ?_070
            A917              A917  ?_071
            A941              A941  ?_072
            A964              A964  ?_073
            A9AD              A9AD  ?_074
            A9BC              A9BC  ?_075
            AA2B              AA2B  ?_076
            AA62              AA62  ?_077
            AA7E              AA7E  ?_078
            AA9E              AA9E  ?_079
            AAD2              AAD2  cons_putstr
            AADA              AADA  ?_080
            AAF3              AAF3  ?_081
            AB03              AB03  kernel_api
            AB34              AB34  ?_082
            AB57              AB57  ?_083
            ABB2              ABB2  ?_084
            ABBC              ABBC  ?_085
            ABC1              ABC1  ?_086
            ABC3              ABC3  cons_putchar
            AC4D              AC4D  cons_newline
            AC6A              AC6A  ?_087
            AC73              AC73  ?_088
            AC7C              AC7C  ?_089
            ACB7              ACB7  ?_090
            ACC7              ACC7  ?_091
            ACDD              ACDD  ?_092
            ACE6              ACE6  ?_093
            AD04              AD04  ?_094
            AD14              AD14  ?_095
            AD43              AD43  ?_096
            AD6B              AD6B  init_screen8
            AFB3              AFB3  computeMousePosition
            AFED              AFED  ?_097
            B000              B000  ?_098
            B01E              B01E  ?_099
            B03C              B03C  ?_100
            B03F              B03F  show_mouse_info
            B0EA              B0EA  ?_101
            B0ED              B0ED  initBootInfo
            B10E              B10E  showString
            B12A              B12A  ?_102
            B166              B166  ?_103
            B19A              B19A  init_palette
            B1B7              B1B7  set_palette
            B1E5              B1E5  ?_104
            B244              B244  ?_105
            B261              B261  boxfill8
            B275              B275  ?_106
            B27D              B27D  ?_107
            B29A              B29A  ?_108
            B2A9              B2A9  ?_109
            B2B9              B2B9  showFont8
            B2D1              B2D1  ?_110
            B303              B303  ?_111
            B332              B332  ?_112
            B361              B361  ?_113
            B390              B390  ?_114
            B3BF              B3BF  ?_115
            B3EE              B3EE  ?_116
            B41D              B41D  ?_117
            B44C              B44C  ?_118
            B44F              B44F  ?_119
            B45D              B45D  init_mouse_cursor
            B475              B475  ?_120
            B481              B481  ?_121
            B4B4              B4B4  ?_122
            B4E7              B4E7  ?_123
            B51C              B51C  ?_124
            B51F              B51F  ?_125
            B52C              B52C  ?_126
            B53A              B53A  putblock
            B54A              B54A  ?_127
            B553              B553  ?_128
            B58C              B58C  ?_129
            B597              B597  ?_130
            B5A7              B5A7  intHandlerFromC
            B603              B603  charToHexVal
            B621              B621  ?_131
            B627              B627  ?_132
            B629              B629  charToHexStr
            B67B              B67B  intToHexStr
            B69F              B69F  ?_133
            B6AD              B6AD  ?_134
            B6C0              B6C0  ?_135
            B6F0              B6F0  ?_136
            B702              B702  ?_137
            B705              B705  ?_138
            B719              B719  ?_139
            B720              B720  wait_KBC_sendready
            B726              B726  ?_140
            B740              B740  ?_141
            B744              B744  init_keyboard
            B775              B775  enable_mouse
            B7B3              B7B3  intHandlerForMouse
            B802              B802  mouse_decode
            B82D              B82D  ?_142
            B837              B837  ?_143
            B866              B866  ?_144
            B870              B870  ?_145
            B898              B898  ?_146
            B90D              B90D  ?_147
            B933              B933  ?_148
            B94A              B94A  ?_149
            B94F              B94F  ?_150
            B951              B951  showMemoryInfo
            BAFD              BAFD  message_box
            BBA5              BBA5  make_window8
            BD4D              BD4D  make_wtitle8
            BD6E              BD6E  ?_151
            BD76              BD76  ?_152
            BDCB              BDCB  ?_153
            BDD4              BDD4  ?_154
            BDFB              BDFB  ?_155
            BE0B              BE0B  ?_156
            BE1B              BE1B  ?_157
            BE1F              BE1F  ?_158
            BE4D              BE4D  ?_159
            BE5A              BE5A  ?_160
            BE6B              BE6B  make_textbox8
            C04F              C04F  file_loadfile
            C080              C080  ?_161
            C089              C089  ?_162
            C0B2              C0B2  ?_163
            C0BE              C0BE  ?_164
            C0BF              C0BF  ?_165
            C0DD              C0DD  ?_166
            C0FA              C0FA  ?_167
            C17B              C17B  ?_168
            C194              C194  ?_169
            C19E              C19E  ?_170
            C1A2              C1A2  ?_171
            C1AF              C1AF  ?_172
            C1C9              C1C9  intHandlerForStackOverFlow
            C283              C283  intHandlerForException
            C2F1              C2F1  memman_init
            C31E              C31E  memman_total
            C334              C334  ?_173
            C347              C347  ?_174
            C35A              C35A  memman_alloc
            C36C              C36C  ?_175
            C3EC              C3EC  ?_176
            C3F1              C3F1  ?_177
            C3F4              C3F4  ?_178
            C407              C407  ?_179
            C409              C409  memman_free
            C419              C419  ?_180
            C431              C431  ?_181
            C43D              C43D  ?_182
            C43E              C43E  ?_183
            C500              C500  ?_184
            C50A              C50A  ?_185
            C56E              C56E  ?_186
            C588              C588  ?_187
            C5AF              C5AF  ?_188
            C5E6              C5E6  ?_189
            C60C              C60C  ?_190
            C635              C635  ?_191
            C63B              C63B  memman_alloc_4k
            C667              C667  memman_free_4k
            C696              C696  shtctl_init
            C6C6              C6C6  ?_192
            C710              C710  ?_193
            C73D              C73D  ?_194
            C757              C757  ?_195
            C767              C767  ?_196
            C769              C769  sheet_alloc
            C778              C778  ?_197
            C7D3              C7D3  ?_198
            C7D6              C7D6  ?_199
            C7E8              C7E8  ?_200
            C7EA              C7EA  sheet_setbuf
            C813              C813  sheet_updown
            C83E              C83E  ?_201
            C84F              C84F  ?_202
            C876              C876  ?_203
            C8A9              C8A9  ?_204
            C953              C953  ?_205
            C96A              C96A  ?_206
            C99D              C99D  ?_207
            C9A8              C9A8  ?_208
            CA3F              CA3F  ?_209
            CA5D              CA5D  ?_210
            CA90              CA90  ?_211
            CAAA              CAAA  ?_212
            CAB5              CAB5  ?_213
            CAEC              CAEC  ?_214
            CB17              CB17  ?_215
            CB98              CB98  ?_216
            CBA0              CBA0  sheet_refresh
            CC09              CC09  ?_217
            CC16              CC16  sheet_slide
            CD23              CD23  ?_218
            CD2B              CD2B  sheet_refreshsub
            CD4F              CD4F  ?_219
            CD60              CD60  ?_220
            CD78              CD78  ?_221
            CD90              CD90  ?_222
            CD9B              CD9B  ?_223
            CDD3              CDD3  ?_224
            CDED              CDED  ?_225
            CE9A              CE9A  ?_226
            CE9D              CE9D  ?_227
            CEAF              CEAF  ?_228
            CEC1              CEC1  ?_229
            CED1              CED1  sheet_refreshmap
            CEED              CEED  ?_230
            CEFA              CEFA  ?_231
            CF12              CF12  ?_232
            CF2A              CF2A  ?_233
            CF35              CF35  ?_234
            CFAE              CFAE  ?_235
            CFBB              CFBB  ?_236
            CFD3              CFD3  ?_237
            CFEB              CFEB  ?_238
            CFF3              CFF3  ?_239
            D009              D009  ?_240
            D05F              D05F  ?_241
            D062              D062  ?_242
            D06D              D06D  ?_243
            D07C              D07C  ?_244
            D08E              D08E  init_pit
            D0D7              D0D7  ?_245
            D0FC              D0FC  ?_246
            D10D              D10D  timer_alloc
            D11C              D11C  ?_247
            D152              D152  ?_248
            D155              D155  ?_249
            D167              D167  ?_250
            D169              D169  timer_free
            D179              D179  timer_init
            D19A              D19A  timer_settime
            D1B2              D1B2  intHandlerForTimer
            D1E2              D1E2  ?_251
            D284              D284  ?_252
            D293              D293  ?_253
            D296              D296  ?_254
            D2A6              D2A6  getTimerController
            D2B0              D2B0  fifo8_init
            D2F7              D2F7  fifo8_put
            D317              D317  ?_255
            D340              D340  ?_256
            D37F              D37F  ?_257
            D3C4              D3C4  ?_258
            D3C9              D3C9  ?_259
            D3CB              D3CB  fifo8_get
            D3EC              D3EC  ?_260
            D42E              D42E  ?_261
            D440              D440  ?_262
            D442              D442  fifo8_status
            D457              D457  strcmp
            D471              D471  ?_263
            D47B              D47B  ?_264
            D484              D484  ?_265
            D4AA              D4AA  ?_266
            D4AD              D4AD  ?_267
            D4D1              D4D1  ?_268
            D4FC              D4FC  ?_269
            D527              D527  ?_270
            D52C              D52C  ?_271
            D52E              D52E  set_segmdesc
            D54A              D54A  ?_272
            D5A5              D5A5  get_taskctl
            D5AF              D5AF  init_task_level
            D5FA              D5FA  ?_273
            D61A              D61A  ?_274
            D628              D628  task_init
            D65B              D65B  ?_275
            D6F2              D6F2  ?_276
            D705              D705  ?_277
            D716              D716  ?_278
            D796              D796  task_alloc
            D7A8              D7A8  ?_279
            D8B5              D8B5  ?_280
            D8B8              D8B8  ?_281
            D8C7              D8C7  ?_282
            D8C9              D8C9  task_run
            D8DE              D8DE  ?_283
            D8F1              D8F1  ?_284
            D91D              D91D  ?_285
            D943              D943  ?_286
            D952              D952  task_switch
            D9B3              D9B3  ?_287
            D9E7              D9E7  ?_288
            DA3B              DA3B  ?_289
            DA3E              DA3E  task_sleep
            DABB              DABB  ?_290
            DAC0              DAC0  task_now
            DAF4              DAF4  task_add
            DB41              DB41  task_remove
            DB6E              DB6E  ?_291
            DB91              DB91  ?_292
            DB94              DB94  ?_293
            DB9E              DB9E  ?_294
            DBC9              DBC9  ?_295
            DBE2              DBE2  ?_296
            DBEE              DBEE  ?_297
            DC08              DC08  ?_298
            DC15              DC15  task_switchsub
            DC24              DC24  ?_299
            DC49              DC49  ?_300
            DC55              DC55  ?_301
            DC56              DC56  ?_302
            DC6F              DC6F  send_message
            DC9F              DC9F  ?_303
            DCA7              DCA7  ?_304
            DCB4              DCB4  ?_305
            DCBB              DCBB  ?_306
            DCC3              DCC3  ?_307
            DCC5              DCC5  ?_308
            DCCB              DCCB  ?_309
            DCCF              DCCF  ?_310
            DCD1              DCD1  ?_311
            DCD9              DCD9  ?_312
            DCDD              DCDD  ?_313
            DCE1              DCE1  ?_314
            DCE5              DCE5  ?_315
            DCE9              DCE9  ?_316
            DCF3              DCF3  ?_317
            DCFF              DCFF  ?_318
            DD0B              DD0B  ?_319
            DD17              DD17  ?_320
            DD1E              DD1E  ?_321
            DD2E              DD2E  ?_322
            DD35              DD35  ?_323
            DD3D              DD3D  ?_324
            DD59              DD59  memman
            DD79              DD79  keytable
            DDD9              DDD9  keytable1
            DE69              DE69  keyval
            DE6B              DE6B  ?_325
            DE6C              DE6C  ?_326
            DE71              DE71  KEY_CONTROL
            DE79              DE79  table_rgb.2132
            DEB9              DEB9  cursor.2179
            DFB9              DFB9  closebtn.2298
            E099              E099  key_shift
            E09D              E09D  caps_lock
            E0A1              E0A1  g_Console
            E0A5              E0A5  ?_327
            E0A9              E0A9  ?_328
            E0AD              E0AD  ?_329
            E0B1              E0B1  ?_330
            E0B2              E0B2  ?_331
            E0B5              E0B5  bootInfo
            E0B9              E0B9  ?_332
            E0BB              E0BB  ?_333
            E0BD              E0BD  keyinfo
            E0D5              E0D5  ?_334
            E0D9              E0D9  mouseinfo
            E0F9              E0F9  keybuf
            E119              E119  mousebuf
            E199              E199  mdec
            E1A5              E1A5  ?_335
            E1A9              E1A9  timerinfo
            E1C5              E1C5  timerbuf
            E1CD              E1CD  mx
            E1D1              E1D1  my
            E1D5              E1D5  xsize
            E1D9              E1D9  ysize
            E1DD              E1DD  buf_back
            E1F9              E1F9  buf_mouse
            E2F9              E2F9  shtMsgBox
            E2FD              E2FD  shtctl
            E301              E301  sht_back
            E305              E305  sht_mouse
            E309              E309  task_cons
            E30D              E30D  task_main
            E311              E311  buffer
            E315              E315  ?_336
            E319              E319  task_a.1922
            E339              E339  tss_a.1921
            E3B9              E3B9  tss_b.1920
            E421              E421  task_b.1910
            E42D              E42D  str.2227
            E42E              E42E  ?_337
            E437              E437  ?_338
            E439              E439  timerctl
            E43D              E43D  ?_339
            E441              E441  ?_340
            E445              E445  ?_341
            E449              E449  ?_342
           1037D             1037D  task_timer
           10381             10381  taskctl
           10387             10387  _SpuriousHandler
           10388             10388  _KeyBoardHandler
           103A6             103A6  _mouseHandler
           103C4             103C4  _timerHandler
           103DE             103DE  _stackOverFlowHandler
           103F7             103F7  _exceptionHandler
           10410             10410  get_font_data
           10429             10429  io_hlt
           1042B             1042B  io_cli
           1042D             1042D  io_sti
           1042F             1042F  io_stihlt
           10432             10432  io_in8
           1043D             1043D  io_in16
           10449             10449  io_in32
           1044F             1044F  io_out8
           10459             10459  io_out16
           10464             10464  io_out32
           1046E             1046E  io_load_eflags
           10471             10471  io_store_eflags
           10478             10478  get_memory_block_count
           1047E             1047E  get_leds
           10484             10484  get_adr_buffer
           1048A             1048A  get_addr_gdt
           10490             10490  get_code32_addr
           10496             10496  load_tr
           1049C             1049C  farjmp
           104A7             104A7  asm_cons_putchar
           104AA             104AA  pusdad
           104C2             104C2  end_app
           104C6             104C6  get_esp
           104C9             104C9  get_ss
           104CE             104CE  start_app
           104F7             104F7  asm_end_app

---- Section .data ------------------------------------------------------------

Real              Virtual           Name
           10520             10520  MemChkBuf
           10620             10620  dwMCRNumber
           10624             10624  LEDS

