
- NASM Map file ---------------------------------------------------------------

Source file:  kernel.asm
Output file:  kernel.bat

-- Symbols --------------------------------------------------------------------

---- No Section ---------------------------------------------------------------

Value     Name
00004000  DA_32
00000098  DA_C
0000009A  DA_CR
00000092  DA_DRW
00000093  DA_DRWA
0000008E  DA_386IGate
00008000  DA_LIMIT_4K
00000089  DA_386TSS
000A0000  VRAM_ADDRESS
00001000  SystemFontLength
000000A8  GdtLen
00000008  SelectorCode32
00000010  SelectorVideo
00000020  SelectorStack
00000018  SelectorVram
00000028  SelectorFont
00000170  IdtLen
00007355  SpuriousHandler
00007356  KeyBoardHandler
00007374  mouseHandler
00007392  timerHandler
000073AC  stackOverFlowHandler
000073C5  exceptionHandler
00007475  AsmConsPutCharHandler
000074D6  SegCode32Len


---- Section .text ------------------------------------------------------------

Real              Virtual           Name
            8003              8003  LABEL_SYSTEM_FONT
            8003              8003  systemFont

---- Section .gdt -------------------------------------------------------------

Real              Virtual           Name
            9004              9004  LABEL_GDT
            900C              900C  LABEL_DESC_CODE32
            9014              9014  LABEL_DESC_VIDEO
            901C              901C  LABEL_DESC_VRAM
            9024              9024  LABEL_DESC_STACK
            902C              902C  LABEL_DESC_FONT
            9034              9034  LABEL_DESC_6
            903C              903C  LABEL_DESC_7
            9044              9044  LABEL_DESC_8
            904C              904C  LABEL_DESC_9
            9054              9054  LABEL_DESC_10
            90AC              90AC  GdtPtr
            90B2              90B2  LABEL_IDT
            9112              9112  LABEL_IDT.0Ch
            911A              911A  LABEL_IDT.0Dh
            91B2              91B2  LABEL_IDT.020h
            91BA              91BA  LABEL_IDT.021h
            9212              9212  LABEL_IDT.2CH
            921A              921A  LABEL_IDT.2DH
            9222              9222  IdtPtr

---- Section .s16 -------------------------------------------------------------

Real              Virtual           Name
            9228              9228  LABEL_BEGIN
            9233              9233  keystatus
            9233              9233  ComputeMemory
            923C              923C  ComputeMemory.loop
            9262              9262  LABEL_MEM_CHK_FAIL
            926B              926B  LABEL_MEM_CHK_OK
            92FA              92FA  init8259A
            933D              933D  io_delay

---- Section .s32 -------------------------------------------------------------

Real              Virtual           Name
            9344              9344  LABEL_SEG_CODE32
            935C              935C  CMain
            96E8              96E8  ?_001
            9730              9730  ?_002
            97CB              97CB  ?_003
            9849              9849  ?_004
            98A1              98A1  ?_005
            9904              9904  ?_006
            99BE              99BE  ?_007
            9A1B              9A1B  ?_008
            9A52              9A52  ?_009
            9AAA              9AAA  ?_010
            9AC6              9AC6  ?_011
            9B05              9B05  ?_012
            9B29              9B29  set_cursor
            9B8E              9B8E  isSpecialKey
            9BF1              9BF1  ?_013
            9BF8              9BF8  ?_014
            9BFD              9BFD  ?_015
            9BFF              9BFF  transferScanCode
            9C1C              9C1C  ?_016
            9C33              9C33  ?_017
            9C4D              9C4D  ?_018
            9C67              9C67  ?_019
            9C8A              9C8A  ?_020
            9C94              9C94  ?_021
            9CD6              9CD6  ?_022
            9CDD              9CDD  ?_023
            9D43              9D43  ?_024
            9D7B              9D7B  ?_025
            9D81              9D81  ?_026
            9D82              9D82  ?_027
            9D85              9D85  ?_028
            9D87              9D87  launch_console
            9F13              9F13  kill_process
            9F55              9F55  cmd_dir
            9F86              9F86  ?_029
            9F8F              9F8F  ?_030
            9FB8              9FB8  ?_031
            9FC4              9FC4  ?_032
            9FC5              9FC5  ?_033
            9FE3              9FE3  ?_034
            A000              A000  ?_035
            A094              A094  ?_036
            A0BB              A0BB  cmd_type
            A0F9              A0F9  ?_037
            A125              A125  ?_038
            A131              A131  ?_039
            A132              A132  ?_040
            A149              A149  ?_041
            A156              A156  ?_042
            A181              A181  ?_043
            A18D              A18D  ?_044
            A18E              A18E  ?_045
            A1AC              A1AC  ?_046
            A1CB              A1CB  ?_047
            A22D              A22D  ?_048
            A249              A249  ?_049
            A2BC              A2BC  ?_050
            A2F0              A2F0  ?_051
            A36B              A36B  ?_052
            A36E              A36E  ?_053
            A37C              A37C  ?_054
            A380              A380  ?_055
            A38D              A38D  ?_056
            A3D3              A3D3  cmd_mem
            A3E5              A3E5  ?_057
            A48D              A48D  cmd_cls
            A4AA              A4AA  ?_058
            A4B3              A4B3  ?_059
            A4D5              A4D5  ?_060
            A4E5              A4E5  ?_061
            A548              A548  cmd_hlt
            A637              A637  console_task
            A72C              A72C  ?_062
            A752              A752  ?_063
            A7AA              A7AA  ?_064
            A7C8              A7C8  ?_065
            A7DD              A7DD  ?_066
            A81A              A81A  ?_067
            A869              A869  ?_068
            A8A3              A8A3  ?_069
            A8F9              A8F9  ?_070
            A91F              A91F  ?_071
            A949              A949  ?_072
            A96C              A96C  ?_073
            A9B5              A9B5  ?_074
            A9C4              A9C4  ?_075
            AA33              AA33  ?_076
            AA6A              AA6A  ?_077
            AA86              AA86  ?_078
            AAA6              AAA6  ?_079
            AADA              AADA  cons_putstr
            AAE2              AAE2  ?_080
            AAFB              AAFB  ?_081
            AB0B              AB0B  api_linewin
            AB3E              AB3E  ?_082
            AB47              AB47  ?_083
            AB6B              AB6B  ?_084
            AB72              AB72  ?_085
            AB91              AB91  ?_086
            ABA4              ABA4  ?_087
            ABC0              ABC0  ?_088
            ABC7              ABC7  ?_089
            ABE6              ABE6  ?_090
            ABF7              ABF7  ?_091
            AC00              AC00  ?_092
            AC34              AC34  ?_093
            AC3F              AC3F  kernel_api
            AC7A              AC7A  ?_094
            ACA0              ACA0  ?_095
            ACC1              ACC1  ?_096
            AD5D              AD5D  ?_097
            ADD1              ADD1  ?_098
            AE3B              AE3B  ?_099
            AE6A              AE6A  ?_100
            AE9D              AE9D  ?_101
            AECB              AECB  ?_102
            AED0              AED0  ?_103
            AED5              AED5  cons_putchar
            AF5F              AF5F  cons_newline
            AF7C              AF7C  ?_104
            AF85              AF85  ?_105
            AF8E              AF8E  ?_106
            AFC9              AFC9  ?_107
            AFD9              AFD9  ?_108
            AFEF              AFEF  ?_109
            AFF8              AFF8  ?_110
            B016              B016  ?_111
            B026              B026  ?_112
            B055              B055  ?_113
            B07D              B07D  init_screen8
            B2C5              B2C5  computeMousePosition
            B2FF              B2FF  ?_114
            B312              B312  ?_115
            B330              B330  ?_116
            B34E              B34E  ?_117
            B351              B351  show_mouse_info
            B3FC              B3FC  ?_118
            B3FF              B3FF  initBootInfo
            B420              B420  showString
            B43C              B43C  ?_119
            B478              B478  ?_120
            B4AC              B4AC  init_palette
            B4C9              B4C9  set_palette
            B4F7              B4F7  ?_121
            B556              B556  ?_122
            B573              B573  boxfill8
            B587              B587  ?_123
            B58F              B58F  ?_124
            B5AC              B5AC  ?_125
            B5BB              B5BB  ?_126
            B5CB              B5CB  showFont8
            B5E3              B5E3  ?_127
            B615              B615  ?_128
            B644              B644  ?_129
            B673              B673  ?_130
            B6A2              B6A2  ?_131
            B6D1              B6D1  ?_132
            B700              B700  ?_133
            B72F              B72F  ?_134
            B75E              B75E  ?_135
            B761              B761  ?_136
            B76F              B76F  init_mouse_cursor
            B787              B787  ?_137
            B793              B793  ?_138
            B7C6              B7C6  ?_139
            B7F9              B7F9  ?_140
            B82E              B82E  ?_141
            B831              B831  ?_142
            B83E              B83E  ?_143
            B84C              B84C  putblock
            B85C              B85C  ?_144
            B865              B865  ?_145
            B89E              B89E  ?_146
            B8A9              B8A9  ?_147
            B8B9              B8B9  intHandlerFromC
            B915              B915  charToHexVal
            B933              B933  ?_148
            B939              B939  ?_149
            B93B              B93B  charToHexStr
            B98D              B98D  intToHexStr
            B9B1              B9B1  ?_150
            B9BF              B9BF  ?_151
            B9D2              B9D2  ?_152
            BA02              BA02  ?_153
            BA14              BA14  ?_154
            BA17              BA17  ?_155
            BA2B              BA2B  ?_156
            BA32              BA32  wait_KBC_sendready
            BA38              BA38  ?_157
            BA52              BA52  ?_158
            BA56              BA56  init_keyboard
            BA87              BA87  enable_mouse
            BAC5              BAC5  intHandlerForMouse
            BB14              BB14  mouse_decode
            BB3F              BB3F  ?_159
            BB49              BB49  ?_160
            BB78              BB78  ?_161
            BB82              BB82  ?_162
            BBAA              BBAA  ?_163
            BC1F              BC1F  ?_164
            BC45              BC45  ?_165
            BC5C              BC5C  ?_166
            BC61              BC61  ?_167
            BC63              BC63  showMemoryInfo
            BE0F              BE0F  message_box
            BEB7              BEB7  make_window8
            C05F              C05F  make_wtitle8
            C080              C080  ?_168
            C088              C088  ?_169
            C0DD              C0DD  ?_170
            C0E6              C0E6  ?_171
            C10D              C10D  ?_172
            C11D              C11D  ?_173
            C12D              C12D  ?_174
            C131              C131  ?_175
            C15F              C15F  ?_176
            C16C              C16C  ?_177
            C17D              C17D  make_textbox8
            C361              C361  file_loadfile
            C392              C392  ?_178
            C39B              C39B  ?_179
            C3C4              C3C4  ?_180
            C3D0              C3D0  ?_181
            C3D1              C3D1  ?_182
            C3EF              C3EF  ?_183
            C40C              C40C  ?_184
            C48D              C48D  ?_185
            C4A6              C4A6  ?_186
            C4B0              C4B0  ?_187
            C4B4              C4B4  ?_188
            C4C1              C4C1  ?_189
            C4DB              C4DB  intHandlerForStackOverFlow
            C595              C595  intHandlerForException
            C603              C603  memman_init
            C630              C630  memman_total
            C646              C646  ?_190
            C659              C659  ?_191
            C66C              C66C  memman_alloc
            C67E              C67E  ?_192
            C6FE              C6FE  ?_193
            C703              C703  ?_194
            C706              C706  ?_195
            C719              C719  ?_196
            C71B              C71B  memman_free
            C72B              C72B  ?_197
            C743              C743  ?_198
            C74F              C74F  ?_199
            C750              C750  ?_200
            C812              C812  ?_201
            C81C              C81C  ?_202
            C880              C880  ?_203
            C89A              C89A  ?_204
            C8C1              C8C1  ?_205
            C8F8              C8F8  ?_206
            C91E              C91E  ?_207
            C947              C947  ?_208
            C94D              C94D  memman_alloc_4k
            C979              C979  memman_free_4k
            C9A8              C9A8  shtctl_init
            C9D8              C9D8  ?_209
            CA22              CA22  ?_210
            CA4F              CA4F  ?_211
            CA69              CA69  ?_212
            CA79              CA79  ?_213
            CA7B              CA7B  sheet_alloc
            CA8A              CA8A  ?_214
            CAE5              CAE5  ?_215
            CAE8              CAE8  ?_216
            CAFA              CAFA  ?_217
            CAFC              CAFC  sheet_setbuf
            CB25              CB25  sheet_updown
            CB50              CB50  ?_218
            CB61              CB61  ?_219
            CB88              CB88  ?_220
            CBBB              CBBB  ?_221
            CC65              CC65  ?_222
            CC7C              CC7C  ?_223
            CCAF              CCAF  ?_224
            CCBA              CCBA  ?_225
            CD51              CD51  ?_226
            CD6F              CD6F  ?_227
            CDA2              CDA2  ?_228
            CDBC              CDBC  ?_229
            CDC7              CDC7  ?_230
            CDFE              CDFE  ?_231
            CE29              CE29  ?_232
            CEAA              CEAA  ?_233
            CEB2              CEB2  sheet_refresh
            CF1B              CF1B  ?_234
            CF28              CF28  sheet_slide
            D035              D035  ?_235
            D03D              D03D  sheet_refreshsub
            D061              D061  ?_236
            D072              D072  ?_237
            D08A              D08A  ?_238
            D0A2              D0A2  ?_239
            D0AD              D0AD  ?_240
            D0E5              D0E5  ?_241
            D0FF              D0FF  ?_242
            D1AC              D1AC  ?_243
            D1AF              D1AF  ?_244
            D1C1              D1C1  ?_245
            D1D3              D1D3  ?_246
            D1E3              D1E3  sheet_refreshmap
            D1FF              D1FF  ?_247
            D20C              D20C  ?_248
            D224              D224  ?_249
            D23C              D23C  ?_250
            D247              D247  ?_251
            D2C0              D2C0  ?_252
            D2CD              D2CD  ?_253
            D2E5              D2E5  ?_254
            D2FD              D2FD  ?_255
            D305              D305  ?_256
            D31B              D31B  ?_257
            D371              D371  ?_258
            D374              D374  ?_259
            D37F              D37F  ?_260
            D38E              D38E  ?_261
            D3A0              D3A0  init_pit
            D3E9              D3E9  ?_262
            D40E              D40E  ?_263
            D41F              D41F  timer_alloc
            D42E              D42E  ?_264
            D464              D464  ?_265
            D467              D467  ?_266
            D479              D479  ?_267
            D47B              D47B  timer_free
            D48B              D48B  timer_init
            D4AC              D4AC  timer_settime
            D4C4              D4C4  intHandlerForTimer
            D4F4              D4F4  ?_268
            D596              D596  ?_269
            D5A5              D5A5  ?_270
            D5A8              D5A8  ?_271
            D5B8              D5B8  getTimerController
            D5C2              D5C2  fifo8_init
            D609              D609  fifo8_put
            D629              D629  ?_272
            D652              D652  ?_273
            D691              D691  ?_274
            D6D6              D6D6  ?_275
            D6DB              D6DB  ?_276
            D6DD              D6DD  fifo8_get
            D6FE              D6FE  ?_277
            D740              D740  ?_278
            D752              D752  ?_279
            D754              D754  fifo8_status
            D769              D769  strcmp
            D783              D783  ?_280
            D78D              D78D  ?_281
            D796              D796  ?_282
            D7BC              D7BC  ?_283
            D7BF              D7BF  ?_284
            D7E3              D7E3  ?_285
            D80E              D80E  ?_286
            D839              D839  ?_287
            D83E              D83E  ?_288
            D840              D840  set_segmdesc
            D85C              D85C  ?_289
            D8B7              D8B7  get_taskctl
            D8C1              D8C1  init_task_level
            D90C              D90C  ?_290
            D92C              D92C  ?_291
            D93A              D93A  task_init
            D96D              D96D  ?_292
            DA04              DA04  ?_293
            DA17              DA17  ?_294
            DA28              DA28  ?_295
            DAA8              DAA8  task_alloc
            DABA              DABA  ?_296
            DBC7              DBC7  ?_297
            DBCA              DBCA  ?_298
            DBD9              DBD9  ?_299
            DBDB              DBDB  task_run
            DBF0              DBF0  ?_300
            DC03              DC03  ?_301
            DC2F              DC2F  ?_302
            DC55              DC55  ?_303
            DC64              DC64  task_switch
            DCC5              DCC5  ?_304
            DCF9              DCF9  ?_305
            DD4D              DD4D  ?_306
            DD50              DD50  task_sleep
            DDCD              DDCD  ?_307
            DDD2              DDD2  task_now
            DE06              DE06  task_add
            DE53              DE53  task_remove
            DE80              DE80  ?_308
            DEA3              DEA3  ?_309
            DEA6              DEA6  ?_310
            DEB0              DEB0  ?_311
            DEDB              DEDB  ?_312
            DEF4              DEF4  ?_313
            DF00              DF00  ?_314
            DF1A              DF1A  ?_315
            DF27              DF27  task_switchsub
            DF36              DF36  ?_316
            DF5B              DF5B  ?_317
            DF67              DF67  ?_318
            DF68              DF68  ?_319
            DF81              DF81  send_message
            DFB1              DFB1  ?_320
            DFB9              DFB9  ?_321
            DFC6              DFC6  ?_322
            DFCD              DFCD  ?_323
            DFD5              DFD5  ?_324
            DFD7              DFD7  ?_325
            DFDD              DFDD  ?_326
            DFE1              DFE1  ?_327
            DFE3              DFE3  ?_328
            DFEB              DFEB  ?_329
            DFEF              DFEF  ?_330
            DFF3              DFF3  ?_331
            DFF7              DFF7  ?_332
            DFFB              DFFB  ?_333
            E005              E005  ?_334
            E011              E011  ?_335
            E01D              E01D  ?_336
            E029              E029  ?_337
            E030              E030  ?_338
            E040              E040  ?_339
            E047              E047  ?_340
            E04F              E04F  ?_341
            E06B              E06B  memman
            E08B              E08B  keytable
            E0EB              E0EB  keytable1
            E17B              E17B  keyval
            E17D              E17D  ?_342
            E17E              E17E  ?_343
            E183              E183  KEY_CONTROL
            E18B              E18B  table_rgb.2151
            E1CB              E1CB  cursor.2198
            E2CB              E2CB  closebtn.2317
            E3AB              E3AB  key_shift
            E3AF              E3AF  caps_lock
            E3B3              E3B3  g_Console
            E3B7              E3B7  ?_344
            E3BB              E3BB  ?_345
            E3BF              E3BF  ?_346
            E3C3              E3C3  ?_347
            E3C4              E3C4  ?_348
            E3C7              E3C7  bootInfo
            E3CB              E3CB  ?_349
            E3CD              E3CD  ?_350
            E3CF              E3CF  keyinfo
            E3E7              E3E7  ?_351
            E3EB              E3EB  mouseinfo
            E40B              E40B  keybuf
            E42B              E42B  mousebuf
            E4AB              E4AB  mdec
            E4B7              E4B7  ?_352
            E4BB              E4BB  timerinfo
            E4D7              E4D7  timerbuf
            E4DF              E4DF  mx
            E4E3              E4E3  my
            E4E7              E4E7  xsize
            E4EB              E4EB  ysize
            E4EF              E4EF  buf_back
            E50B              E50B  buf_mouse
            E60B              E60B  shtMsgBox
            E60F              E60F  shtctl
            E613              E613  sht_back
            E617              E617  sht_mouse
            E61B              E61B  task_cons
            E61F              E61F  task_main
            E623              E623  buffer
            E627              E627  ?_353
            E62B              E62B  ?_354
            E62F              E62F  task_a.1923
            E64B              E64B  tss_a.1922
            E6CB              E6CB  tss_b.1921
            E733              E733  task_b.1911
            E73F              E73F  str.2246
            E740              E740  ?_355
            E749              E749  ?_356
            E74B              E74B  timerctl
            E74F              E74F  ?_357
            E753              E753  ?_358
            E757              E757  ?_359
            E75B              E75B  ?_360
           1068F             1068F  task_timer
           10693             10693  taskctl
           10699             10699  _SpuriousHandler
           1069A             1069A  _KeyBoardHandler
           106B8             106B8  _mouseHandler
           106D6             106D6  _timerHandler
           106F0             106F0  _stackOverFlowHandler
           10709             10709  _exceptionHandler
           10722             10722  get_font_data
           1073B             1073B  io_hlt
           1073D             1073D  io_cli
           1073F             1073F  io_sti
           10741             10741  io_stihlt
           10744             10744  io_in8
           1074F             1074F  io_in16
           1075B             1075B  io_in32
           10761             10761  io_out8
           1076B             1076B  io_out16
           10776             10776  io_out32
           10780             10780  io_load_eflags
           10783             10783  io_store_eflags
           1078A             1078A  get_memory_block_count
           10790             10790  get_leds
           10796             10796  get_adr_buffer
           1079C             1079C  get_addr_gdt
           107A2             107A2  get_code32_addr
           107A8             107A8  load_tr
           107AE             107AE  farjmp
           107B9             107B9  asm_cons_putchar
           107D6             107D6  end_app
           107DA             107DA  get_esp
           107DD             107DD  get_ss
           107E2             107E2  start_app
           1080B             1080B  asm_end_app

---- Section .data ------------------------------------------------------------

Real              Virtual           Name
           10820             10820  MemChkBuf
           10920             10920  dwMCRNumber
           10924             10924  LEDS

