
- NASM Map file ---------------------------------------------------------------

Source file:  kernel.asm
Output file:  kernel.bat

-- Symbols --------------------------------------------------------------------

---- No Section ---------------------------------------------------------------

Value     Name
00004000  DA_32
00000098  DA_C
0000009A  DA_CR
00000092  DA_DRW
00000093  DA_DRWA
0000008E  DA_386IGate
00008000  DA_LIMIT_4K
00000089  DA_386TSS
000A0000  VRAM_ADDRESS
00001000  SystemFontLength
00000148  GdtLen
00000008  SelectorCode32
00000010  SelectorVideo
00000020  SelectorStack
00000018  SelectorVram
00000028  SelectorFont
00000170  IdtLen
000083CF  SpuriousHandler
000083D0  KeyBoardHandler
000083EE  mouseHandler
0000840C  timerHandler
00008426  stackOverFlowHandler
0000843F  exceptionHandler
000084EF  AsmConsPutCharHandler
00008551  SegCode32Len


---- Section .text ------------------------------------------------------------

Real              Virtual           Name
            8003              8003  LABEL_SYSTEM_FONT
            8003              8003  systemFont

---- Section .gdt -------------------------------------------------------------

Real              Virtual           Name
            9004              9004  LABEL_GDT
            900C              900C  LABEL_DESC_CODE32
            9014              9014  LABEL_DESC_VIDEO
            901C              901C  LABEL_DESC_VRAM
            9024              9024  LABEL_DESC_STACK
            902C              902C  LABEL_DESC_FONT
            9034              9034  LABEL_DESC_6
            903C              903C  LABEL_DESC_7
            9044              9044  LABEL_DESC_8
            904C              904C  LABEL_DESC_9
            9054              9054  LABEL_DESC_10
            914C              914C  GdtPtr
            9152              9152  LABEL_IDT
            91B2              91B2  LABEL_IDT.0Ch
            91BA              91BA  LABEL_IDT.0Dh
            9252              9252  LABEL_IDT.020h
            925A              925A  LABEL_IDT.021h
            92B2              92B2  LABEL_IDT.2CH
            92BA              92BA  LABEL_IDT.2DH
            92C2              92C2  IdtPtr

---- Section .s16 -------------------------------------------------------------

Real              Virtual           Name
            92C8              92C8  LABEL_BEGIN
            92D3              92D3  keystatus
            92D3              92D3  ComputeMemory
            92DC              92DC  ComputeMemory.loop
            9302              9302  LABEL_MEM_CHK_FAIL
            930B              930B  LABEL_MEM_CHK_OK
            939A              939A  init8259A
            93DD              93DD  io_delay

---- Section .s32 -------------------------------------------------------------

Real              Virtual           Name
            93E4              93E4  LABEL_SEG_CODE32
            93FC              93FC  CMain
            97CD              97CD  ?_001
            9815              9815  ?_002
            98AC              98AC  ?_003
            98DC              98DC  ?_004
            991A              991A  ?_005
            9956              9956  ?_006
            9960              9960  ?_007
            99AA              99AA  ?_008
            99CB              99CB  ?_009
            9A1C              9A1C  ?_010
            9A82              9A82  ?_011
            9B3C              9B3C  ?_012
            9BA6              9BA6  ?_013
            9BDD              9BDD  ?_014
            9C35              9C35  ?_015
            9C51              9C51  ?_016
            9C90              9C90  ?_017
            9CAF              9CAF  ?_018
            9CB4              9CB4  set_cursor
            9D1D              9D1D  ?_019
            9D1E              9D1E  ?_020
            9D25              9D25  isSpecialKey
            9D88              9D88  ?_021
            9D8F              9D8F  ?_022
            9D94              9D94  ?_023
            9D96              9D96  transferScanCode
            9DB3              9DB3  ?_024
            9DCA              9DCA  ?_025
            9DE4              9DE4  ?_026
            9DFE              9DFE  ?_027
            9E21              9E21  ?_028
            9E2B              9E2B  ?_029
            9E6D              9E6D  ?_030
            9E74              9E74  ?_031
            9EDA              9EDA  ?_032
            9F12              9F12  ?_033
            9F18              9F18  ?_034
            9F19              9F19  ?_035
            9F1C              9F1C  ?_036
            9F1E              9F1E  launch_console
            9FA7              9FA7  ?_037
            9FBF              9FBF  ?_038
            A003              A003  ?_039
            A02A              A02A  ?_040
            A0A1              A0A1  ?_041
            A1DB              A1DB  ?_042
            A1E3              A1E3  kill_process
            A23A              A23A  cmd_dir
            A273              A273  ?_043
            A27C              A27C  ?_044
            A2A5              A2A5  ?_045
            A2B1              A2B1  ?_046
            A2B2              A2B2  ?_047
            A2D0              A2D0  ?_048
            A2ED              A2ED  ?_049
            A398              A398  ?_050
            A3BF              A3BF  cmd_type
            A416              A416  ?_051
            A442              A442  ?_052
            A44E              A44E  ?_053
            A44F              A44F  ?_054
            A466              A466  ?_055
            A473              A473  ?_056
            A49E              A49E  ?_057
            A4AA              A4AA  ?_058
            A4AB              A4AB  ?_059
            A4C9              A4C9  ?_060
            A4E8              A4E8  ?_061
            A54D              A54D  ?_062
            A569              A569  ?_063
            A602              A602  ?_064
            A647              A647  ?_065
            A6E5              A6E5  ?_066
            A6E8              A6E8  ?_067
            A6F6              A6F6  ?_068
            A6FA              A6FA  ?_069
            A707              A707  ?_070
            A755              A755  ?_071
            A756              A756  ?_072
            A75D              A75D  cmd_mem
            A78C              A78C  ?_073
            A850              A850  ?_074
            A851              A851  ?_075
            A853              A853  cmd_cls
            A889              A889  ?_076
            A892              A892  ?_077
            A8BC              A8BC  ?_078
            A8CC              A8CC  ?_079
            A937              A937  ?_080
            A938              A938  ?_081
            A93A              A93A  cmd_hlt
            A9A3              A9A3  ?_082
            A9C5              A9C5  ?_083
            AAE7              AAE7  cmd_start
            AB59              AB59  ?_084
            AB7C              AB7C  ?_085
            ABAE              ABAE  cmd_ncst
            ABFF              ABFF  ?_086
            AC22              AC22  ?_087
            AC54              AC54  console_task
            AD3C              AD3C  ?_088
            AD6D              AD6D  ?_089
            ADC0              ADC0  ?_090
            ADDE              ADDE  ?_091
            ADF3              ADF3  ?_092
            AE30              AE30  ?_093
            AE93              AE93  ?_094
            AEDB              AEDB  ?_095
            AEFD              AEFD  ?_096
            AF58              AF58  ?_097
            AF7E              AF7E  ?_098
            AFA4              AFA4  ?_099
            AFCA              AFCA  ?_100
            AFF9              AFF9  ?_101
            B044              B044  ?_102
            B071              B071  ?_103
            B09C              B09C  ?_104
            B0AE              B0AE  ?_105
            B138              B138  ?_106
            B17B              B17B  ?_107
            B19F              B19F  ?_108
            B1C1              B1C1  ?_109
            B1E0              B1E0  ?_110
            B22D              B22D  ?_111
            B237              B237  cons_putstr
            B23F              B23F  ?_112
            B258              B258  ?_113
            B268              B268  api_linewin
            B29F              B29F  ?_114
            B2AC              B2AC  ?_115
            B2D0              B2D0  ?_116
            B2D7              B2D7  ?_117
            B2F6              B2F6  ?_118
            B309              B309  ?_119
            B325              B325  ?_120
            B32C              B32C  ?_121
            B34B              B34B  ?_122
            B35C              B35C  ?_123
            B365              B365  ?_124
            B399              B399  ?_125
            B3A4              B3A4  handle_keyboard
            B3AA              B3AA  ?_126
            B3F3              B3F3  ?_127
            B440              B440  ?_128
            B484              B484  ?_129
            B4A0              B4A0  ?_130
            B4B2              B4B2  ?_131
            B4B8              B4B8  ?_132
            B4BA              B4BA  close_constask
            B545              B545  close_console
            B5AF              B5AF  ?_133
            B5C0              B5C0  cmd_exit
            B5E8              B5E8  kernel_api
            B62A              B62A  ?_134
            B655              B655  ?_135
            B674              B674  ?_136
            B766              B766  ?_137
            B7E0              B7E0  ?_138
            B84A              B84A  ?_139
            B87C              B87C  ?_140
            B8B2              B8B2  ?_141
            B8E5              B8E5  ?_142
            B909              B909  ?_143
            B92A              B92A  ?_144
            B943              B943  ?_145
            B96C              B96C  ?_146
            B98D              B98D  ?_147
            B9A6              B9A6  ?_148
            B9AB              B9AB  ?_149
            B9B0              B9B0  cons_putchar
            BA6B              BA6B  cons_newline
            BA92              BA92  ?_150
            BA9B              BA9B  ?_151
            BAA4              BAA4  ?_152
            BADF              BADF  ?_153
            BAEF              BAEF  ?_154
            BB05              BB05  ?_155
            BB0E              BB0E  ?_156
            BB2C              BB2C  ?_157
            BB3C              BB3C  ?_158
            BB6B              BB6B  ?_159
            BB90              BB90  ?_160
            BB92              BB92  ?_161
            BB97              BB97  init_screen8
            BDDF              BDDF  computeMousePosition
            BE1D              BE1D  ?_162
            BE34              BE34  ?_163
            BE52              BE52  ?_164
            BE70              BE70  ?_165
            BE73              BE73  showString
            BEA3              BEA3  ?_166
            BEDF              BEDF  ?_167
            BF0F              BF0F  ?_168
            BF10              BF10  ?_169
            BF15              BF15  show_mouse_info
            BFC0              BFC0  ?_170
            C0B0              C0B0  ?_171
            C0EA              C0EA  ?_172
            C13E              C13E  ?_173
            C1A3              C1A3  ?_174
            C200              C200  ?_175
            C203              C203  ?_176
            C20F              C20F  ?_177
            C277              C277  ?_178
            C283              C283  ?_179
            C284              C284  ?_180
            C287              C287  initBootInfo
            C2A8              C2A8  init_palette
            C2D2              C2D2  ?_181
            C2DE              C2DE  ?_182
            C2EA              C2EA  ?_183
            C3CC              C3CC  ?_184
            C3D9              C3D9  ?_185
            C3E6              C3E6  ?_186
            C40F              C40F  set_palette
            C43D              C43D  ?_187
            C49C              C49C  ?_188
            C4B9              C4B9  boxfill8
            C4CD              C4CD  ?_189
            C4D5              C4D5  ?_190
            C4F2              C4F2  ?_191
            C501              C501  ?_192
            C511              C511  showFont8
            C529              C529  ?_193
            C55F              C55F  ?_194
            C58E              C58E  ?_195
            C5BD              C5BD  ?_196
            C5EC              C5EC  ?_197
            C61B              C61B  ?_198
            C64A              C64A  ?_199
            C679              C679  ?_200
            C6A8              C6A8  ?_201
            C6AB              C6AB  ?_202
            C6B9              C6B9  init_mouse_cursor
            C6D1              C6D1  ?_203
            C6DD              C6DD  ?_204
            C710              C710  ?_205
            C743              C743  ?_206
            C778              C778  ?_207
            C77B              C77B  ?_208
            C788              C788  ?_209
            C796              C796  putblock
            C7A6              C7A6  ?_210
            C7AF              C7AF  ?_211
            C7E8              C7E8  ?_212
            C7F3              C7F3  ?_213
            C803              C803  intHandlerFromC
            C85F              C85F  charToHexVal
            C87D              C87D  ?_214
            C883              C883  ?_215
            C885              C885  charToHexStr
            C8D7              C8D7  intToHexStr
            C8FB              C8FB  ?_216
            C909              C909  ?_217
            C91C              C91C  ?_218
            C94C              C94C  ?_219
            C95E              C95E  ?_220
            C961              C961  ?_221
            C975              C975  ?_222
            C97C              C97C  wait_KBC_sendready
            C982              C982  ?_223
            C99C              C99C  ?_224
            C9A0              C9A0  init_keyboard
            C9D1              C9D1  enable_mouse
            CA0F              CA0F  intHandlerForMouse
            CA5E              CA5E  mouse_decode
            CA89              CA89  ?_225
            CA93              CA93  ?_226
            CAC2              CAC2  ?_227
            CACC              CACC  ?_228
            CAF4              CAF4  ?_229
            CB69              CB69  ?_230
            CB8F              CB8F  ?_231
            CBA6              CBA6  ?_232
            CBAB              CBAB  ?_233
            CBAD              CBAD  showMemoryInfo
            CD59              CD59  message_box
            CE01              CE01  make_window8
            CFA9              CFA9  make_wtitle8
            CFCA              CFCA  ?_234
            CFD2              CFD2  ?_235
            D027              D027  ?_236
            D030              D030  ?_237
            D057              D057  ?_238
            D067              D067  ?_239
            D077              D077  ?_240
            D07B              D07B  ?_241
            D0A9              D0A9  ?_242
            D0B6              D0B6  ?_243
            D0C7              D0C7  make_textbox8
            D2AB              D2AB  file_loadfile
            D2DC              D2DC  ?_244
            D2E5              D2E5  ?_245
            D30E              D30E  ?_246
            D31A              D31A  ?_247
            D31B              D31B  ?_248
            D339              D339  ?_249
            D356              D356  ?_250
            D3D7              D3D7  ?_251
            D3F0              D3F0  ?_252
            D3FA              D3FA  ?_253
            D3FE              D3FE  ?_254
            D40B              D40B  ?_255
            D425              D425  intHandlerForStackOverFlow
            D503              D503  intHandlerForException
            D58A              D58A  memman_init
            D5B7              D5B7  memman_total
            D5CD              D5CD  ?_256
            D5E0              D5E0  ?_257
            D5F3              D5F3  memman_alloc
            D606              D606  ?_258
            D68C              D68C  ?_259
            D6B3              D6B3  ?_260
            D6C1              D6C1  ?_261
            D6C6              D6C6  ?_262
            D6C9              D6C9  ?_263
            D6DC              D6DC  ?_264
            D6E2              D6E2  memman_free
            D6F2              D6F2  ?_265
            D70A              D70A  ?_266
            D716              D716  ?_267
            D717              D717  ?_268
            D7DB              D7DB  ?_269
            D802              D802  ?_270
            D80C              D80C  ?_271
            D816              D816  ?_272
            D87A              D87A  ?_273
            D894              D894  ?_274
            D8BB              D8BB  ?_275
            D8F2              D8F2  ?_276
            D918              D918  ?_277
            D941              D941  ?_278
            D947              D947  memman_alloc_4k
            D973              D973  memman_free_4k
            D9A2              D9A2  shtctl_init
            D9D2              D9D2  ?_279
            DA1C              DA1C  ?_280
            DA49              DA49  ?_281
            DA86              DA86  ?_282
            DA96              DA96  ?_283
            DA98              DA98  sheet_alloc
            DAA7              DAA7  ?_284
            DB0A              DB0A  ?_285
            DB0D              DB0D  ?_286
            DB1F              DB1F  ?_287
            DB21              DB21  sheet_setbuf
            DB4A              DB4A  sheet_updown
            DB75              DB75  ?_288
            DB86              DB86  ?_289
            DBAD              DBAD  ?_290
            DBE0              DBE0  ?_291
            DC8A              DC8A  ?_292
            DCA1              DCA1  ?_293
            DCD4              DCD4  ?_294
            DCDF              DCDF  ?_295
            DD76              DD76  ?_296
            DD94              DD94  ?_297
            DDC7              DDC7  ?_298
            DDE1              DDE1  ?_299
            DDEC              DDEC  ?_300
            DE23              DE23  ?_301
            DE4E              DE4E  ?_302
            DECF              DECF  ?_303
            DED7              DED7  sheet_refresh
            DF40              DF40  ?_304
            DF4D              DF4D  sheet_slide
            E05A              E05A  ?_305
            E062              E062  sheet_refreshsub
            E08A              E08A  ?_306
            E09B              E09B  ?_307
            E0B3              E0B3  ?_308
            E0CB              E0CB  ?_309
            E0D6              E0D6  ?_310
            E179              E179  ?_311
            E18A              E18A  ?_312
            E1A2              E1A2  ?_313
            E1BA              E1BA  ?_314
            E1C6              E1C6  ?_315
            E1DD              E1DD  ?_316
            E243              E243  ?_317
            E246              E246  ?_318
            E251              E251  ?_319
            E260              E260  ?_320
            E270              E270  sheet_refreshmap
            E290              E290  ?_321
            E2A1              E2A1  ?_322
            E2B9              E2B9  ?_323
            E2D1              E2D1  ?_324
            E2DC              E2DC  ?_325
            E37F              E37F  ?_326
            E390              E390  ?_327
            E3A8              E3A8  ?_328
            E3C0              E3C0  ?_329
            E3C8              E3C8  ?_330
            E3DE              E3DE  ?_331
            E434              E434  ?_332
            E437              E437  ?_333
            E442              E442  ?_334
            E451              E451  ?_335
            E463              E463  sheet_free
            E48A              E48A  ?_336
            E497              E497  init_pit
            E4E0              E4E0  ?_337
            E505              E505  ?_338
            E516              E516  timer_alloc
            E525              E525  ?_339
            E55B              E55B  ?_340
            E55E              E55E  ?_341
            E570              E570  ?_342
            E572              E572  timer_free
            E582              E582  timer_init
            E5A3              E5A3  timer_settime
            E5BB              E5BB  intHandlerForTimer
            E5EB              E5EB  ?_343
            E68D              E68D  ?_344
            E69C              E69C  ?_345
            E69F              E69F  ?_346
            E6AF              E6AF  getTimerController
            E6B9              E6B9  fifo8_init
            E700              E700  fifo8_put
            E720              E720  ?_347
            E749              E749  ?_348
            E788              E788  ?_349
            E7D4              E7D4  ?_350
            E7D9              E7D9  ?_351
            E7DB              E7DB  fifo8_get
            E7FC              E7FC  ?_352
            E83E              E83E  ?_353
            E850              E850  ?_354
            E852              E852  fifo8_status
            E867              E867  strcmp
            E881              E881  ?_355
            E88B              E88B  ?_356
            E894              E894  ?_357
            E8BA              E8BA  ?_358
            E8BD              E8BD  ?_359
            E8E1              E8E1  ?_360
            E90C              E90C  ?_361
            E937              E937  ?_362
            E93C              E93C  ?_363
            E93E              E93E  set_segmdesc
            E95A              E95A  ?_364
            E9B5              E9B5  get_taskctl
            E9BF              E9BF  init_task_level
            EA08              EA08  ?_365
            EA2D              EA2D  ?_366
            EA3B              EA3B  task_init
            EA6E              EA6E  ?_367
            EB08              EB08  ?_368
            EB1B              EB1B  ?_369
            EB2C              EB2C  ?_370
            EBAC              EBAC  task_alloc
            EBBE              EBBE  ?_371
            ECCD              ECCD  ?_372
            ECD0              ECD0  ?_373
            ECDF              ECDF  ?_374
            ECE1              ECE1  task_run
            ECFA              ECFA  ?_375
            ED0D              ED0D  ?_376
            ED39              ED39  ?_377
            ED5F              ED5F  ?_378
            ED6E              ED6E  task_switch
            EDCE              EDCE  ?_379
            EE01              EE01  ?_380
            EE55              EE55  ?_381
            EE58              EE58  task_sleep
            EED5              EED5  ?_382
            EEDA              EEDA  task_now
            EF0D              EF0D  task_add
            EF59              EF59  task_remove
            EF85              EF85  ?_383
            EFA8              EFA8  ?_384
            EFAB              EFAB  ?_385
            EFB5              EFB5  ?_386
            EFE0              EFE0  ?_387
            EFF9              EFF9  ?_388
            F005              F005  ?_389
            F01F              F01F  ?_390
            F02C              F02C  task_switchsub
            F03B              F03B  ?_391
            F05F              F05F  ?_392
            F06B              F06B  ?_393
            F06C              F06C  ?_394
            F085              F085  send_message
            F0B5              F0B5  ?_395
            F0BD              F0BD  ?_396
            F0C4              F0C4  ?_397
            F0CC              F0CC  ?_398
            F0CE              F0CE  ?_399
            F0D4              F0D4  ?_400
            F0D8              F0D8  ?_401
            F0DA              F0DA  ?_402
            F0E2              F0E2  ?_403
            F0E6              F0E6  ?_404
            F0EA              F0EA  ?_405
            F0EE              F0EE  ?_406
            F0F2              F0F2  ?_407
            F0F7              F0F7  ?_408
            F0FD              F0FD  ?_409
            F102              F102  ?_410
            F10B              F10B  ?_411
            F115              F115  ?_412
            F11F              F11F  ?_413
            F12B              F12B  ?_414
            F137              F137  ?_415
            F143              F143  ?_416
            F14A              F14A  ?_417
            F15A              F15A  ?_418
            F161              F161  ?_419
            F169              F169  ?_420
            F185              F185  memman
            F1A5              F1A5  keytable
            F205              F205  keytable1
            F295              F295  keyval
            F297              F297  ?_421
            F298              F298  ?_422
            F29D              F29D  mmx
            F2A1              F2A1  mmy
            F2A5              F2A5  KEY_CONTROL
            F2A9              F2A9  show_console_window
            F2C5              F2C5  table_rgb.2227
            F305              F305  cursor.2287
            F405              F405  closebtn.2406
            F4E5              F4E5  key_shift
            F4E9              F4E9  caps_lock
            F4ED              F4ED  first_task_cons_selector
            F4F1              F4F1  current_console
            F4F5              F4F5  console_count
            F4F9              F4F9  bootInfo
            F4FD              F4FD  ?_423
            F4FF              F4FF  ?_424
            F501              F501  keyinfo
            F519              F519  ?_425
            F51D              F51D  mouseinfo
            F545              F545  keybuf
            F565              F565  mousebuf
            F5E5              F5E5  mdec
            F5F1              F5F1  ?_426
            F5F5              F5F5  timerinfo
            F611              F611  timerbuf
            F619              F619  mx
            F61D              F61D  my
            F621              F621  xsize
            F625              F625  ysize
            F629              F629  buf_back
            F645              F645  buf_mouse
            F745              F745  shtMsgBox
            F749              F749  shtctl
            F74D              F74D  sht_back
            F751              F751  sht_mouse
            F755              F755  mouse_clicked_sht
            F759              F759  task_main
            F75D              F75D  current_console_task
            F761              F761  task_a.1945
            F765              F765  tss_a.1944
            F7E5              F7E5  tss_b.1943
            F84D              F84D  task_b.1933
            F859              F859  str.2335
            F85A              F85A  ?_427
            F863              F863  ?_428
            F865              F865  timerctl
            F869              F869  ?_429
            F86D              F86D  ?_430
            F871              F871  ?_431
            F875              F875  ?_432
           117A9             117A9  task_timer
           117AD             117AD  taskctl
           117B3             117B3  _SpuriousHandler
           117B4             117B4  _KeyBoardHandler
           117D2             117D2  _mouseHandler
           117F0             117F0  _timerHandler
           1180A             1180A  _stackOverFlowHandler
           11823             11823  _exceptionHandler
           1183C             1183C  get_font_data
           11855             11855  io_hlt
           11857             11857  io_cli
           11859             11859  io_sti
           1185B             1185B  io_stihlt
           1185E             1185E  io_in8
           11869             11869  io_in16
           11875             11875  io_in32
           1187B             1187B  io_out8
           11885             11885  io_out16
           11890             11890  io_out32
           1189A             1189A  io_load_eflags
           1189D             1189D  io_store_eflags
           118A4             118A4  get_memory_block_count
           118AA             118AA  get_leds
           118B0             118B0  get_adr_buffer
           118B6             118B6  get_addr_gdt
           118BC             118BC  get_code32_addr
           118C2             118C2  load_tr
           118C8             118C8  farjmp
           118D3             118D3  asm_cons_putchar
           118F1             118F1  end_app
           118F5             118F5  get_esp
           118F8             118F8  get_ss
           118FD             118FD  start_app
           11926             11926  asm_end_app

---- Section .data ------------------------------------------------------------

Real              Virtual           Name
           11940             11940  MemChkBuf
           11A40             11A40  dwMCRNumber
           11A44             11A44  LEDS

